<?xml version="1.0" encoding="utf-8"?><testsuites name="pytest tests"><testsuite name="pytest" errors="0" failures="0" skipped="47" tests="1558" time="87.724" timestamp="2026-06-25T16:11:48.791135+05:30" hostname="BHARATHs-MacBook-Air.local"><testcase classname="tests.mcmc_test" name="test_c2st_slice_np_on_Gaussian[1]" file="tests/mcmc_test.py" line="22" time="1.406" /><testcase classname="tests.density_estimator_test" name="test_density_estimator_sample_shapes[1-condition_event_shape1-input_event_shape1-sample_shape2-build_made]" file="tests/density_estimator_test.py" line="204" time="0.035" /><testcase classname="tests.density_estimator_test" name="test_density_estimator_log_prob_shapes_with_embedding[1-condition_event_shape2-input_event_shape1-1-build_zuko_nsf]" file="tests/density_estimator_test.py" line="178" time="0.058" /><testcase classname="tests.density_estimator_test" name="test_density_estimator_log_prob_shapes_with_embedding[1-condition_event_shape0-input_event_shape0-1-build_zuko_naf]" file="tests/density_estimator_test.py" line="178" time="0.036" /><testcase classname="tests.density_estimator_test" name="test_density_estimator_log_prob_shapes_with_embedding[10-condition_event_shape1-input_event_shape0-2-build_maf_rqs]" file="tests/density_estimator_test.py" line="178" time="0.047" /><testcase classname="tests.embedding_net_test" name="test_spectral_conf_embedding[3-5-8-input_shape1]" file="tests/embedding_net_test.py" line="199" time="2.678" /><testcase classname="tests.density_estimator_test" name="test_density_estimator_sample_shapes[10-condition_event_shape1-input_event_shape0-sample_shape2-build_zuko_nice]" file="tests/density_estimator_test.py" line="204" time="0.023" /><testcase classname="tests.density_estimator_test" name="test_density_estimator_sample_shapes[1-condition_event_shape0-input_event_shape0-sample_shape0-build_zuko_nsf]" file="tests/density_estimator_test.py" line="204" time="0.030" /><testcase classname="tests.abc_test" name="test_mcabc_coverage[mcabc-sass-deg2]" file="tests/abc_test.py" line="272" time="0.047" /><testcase classname="tests.density_estimator_test" name="test_log_prob_broadcasting_batch_dims[condition_event_shape1-input_event_shape0-build_zuko_nsf]" file="tests/density_estimator_test.py" line="287" time="0.039" /><testcase classname="tests.density_estimator_test" name="test_density_estimator_sample_shapes[10-condition_event_shape1-input_event_shape1-sample_shape0-build_maf]" file="tests/density_estimator_test.py" line="204" time="0.022" /><testcase classname="tests.density_estimator_test" name="test_density_estimator_log_prob_shapes_with_embedding[1-condition_event_shape0-input_event_shape0-1-build_zuko_ncsf]" file="tests/density_estimator_test.py" line="178" time="0.022" /><testcase classname="tests.density_estimator_test" name="test_density_estimator_sample_shapes[1-condition_event_shape1-input_event_shape1-sample_shape2-build_zuko_gf]" file="tests/density_estimator_test.py" line="204" time="0.017" /><testcase classname="tests.density_estimator_test" name="test_density_estimator_sample_shapes[1-condition_event_shape0-input_event_shape0-sample_shape1-build_maf]" file="tests/density_estimator_test.py" line="204" time="0.009" /><testcase classname="tests.density_estimator_test" name="test_density_estimator_sample_shapes[1-condition_event_shape0-input_event_shape0-sample_shape1-build_zuko_maf]" file="tests/density_estimator_test.py" line="204" time="0.011" /><testcase classname="tests.density_estimator_test" name="test_density_estimator_sample_shapes[10-condition_event_shape1-input_event_shape1-sample_shape0-build_zuko_maf]" file="tests/density_estimator_test.py" line="204" time="0.024" /><testcase classname="tests.density_estimator_test" name="test_log_prob_condition_with_sample_dim[1-condition_event_shape0-input_event_shape0-build_zuko_nsf]" file="tests/density_estimator_test.py" line="312" time="0.032" /><testcase classname="tests.density_estimator_test" name="test_density_estimator_log_prob_shapes_with_embedding[10-condition_event_shape1-input_event_shape0-2-build_zuko_nice]" file="tests/density_estimator_test.py" line="178" time="0.031" /><testcase classname="tests.abc_test" name="test_mcabc_coverage[mcabc-kde-numeric]" file="tests/abc_test.py" line="272" time="0.013" /><testcase classname="tests.density_estimator_test" name="test_density_estimator_sample_shapes[1-condition_event_shape0-input_event_shape0-sample_shape1-build_zuko_ncsf]" file="tests/density_estimator_test.py" line="204" time="0.007" /><testcase classname="tests.density_estimator_test" name="test_density_estimator_sample_shapes[1-condition_event_shape1-input_event_shape1-sample_shape2-build_zuko_maf]" file="tests/density_estimator_test.py" line="204" time="0.019" /><testcase classname="tests.density_estimator_test" name="test_density_estimator_log_prob_shapes_with_embedding[1-condition_event_shape2-input_event_shape1-1-build_zuko_sospf]" file="tests/density_estimator_test.py" line="178" time="0.038" /><testcase classname="tests.density_estimator_test" name="test_density_estimator_sample_shapes[1-condition_event_shape0-input_event_shape0-sample_shape2-build_maf]" file="tests/density_estimator_test.py" line="204" time="0.010" /><testcase classname="tests.density_estimator_test" name="test_density_estimator_log_prob_shapes_with_embedding[1-condition_event_shape0-input_event_shape0-1-build_zuko_nsf]" file="tests/density_estimator_test.py" line="178" time="0.025" /><testcase classname="tests.abc_test" name="test_mcabc_coverage[mcabc-custom-distance]" file="tests/abc_test.py" line="272" time="0.006" /><testcase classname="tests.abc_test" name="test_smcabc_coverage[smcabc-uniform-kernel]" file="tests/abc_test.py" line="313" time="0.123" /><testcase classname="tests.density_estimator_test" name="test_density_estimator_sample_shapes[1-condition_event_shape0-input_event_shape0-sample_shape2-build_zuko_gf]" file="tests/density_estimator_test.py" line="204" time="0.008" /><testcase classname="tests.density_estimator_test" name="test_density_estimator_sample_shapes[10-condition_event_shape1-input_event_shape1-sample_shape0-build_zuko_naf]" file="tests/density_estimator_test.py" line="204" time="0.167" /><testcase classname="tests.density_estimator_test" name="test_density_estimator_sample_shapes[1-condition_event_shape1-input_event_shape1-sample_shape2-build_zuko_nice]" file="tests/density_estimator_test.py" line="204" time="0.013" /><testcase classname="tests.density_estimator_test" name="test_log_prob_condition_with_sample_dim[1-condition_event_shape1-input_event_shape0-build_zuko_nsf]" file="tests/density_estimator_test.py" line="312" time="0.021" /><testcase classname="tests.density_estimator_test" name="test_density_estimator_log_prob_shapes_with_embedding[10-condition_event_shape1-input_event_shape0-2-build_zuko_sospf]" file="tests/density_estimator_test.py" line="178" time="0.022" /><testcase classname="tests.density_estimator_test" name="test_density_estimator_sample_shapes[1-condition_event_shape0-input_event_shape0-sample_shape2-build_zuko_nsf]" file="tests/density_estimator_test.py" line="204" time="0.006" /><testcase classname="tests.density_estimator_test" name="test_density_estimator_log_prob_shapes_with_embedding[1-condition_event_shape0-input_event_shape0-1-build_zuko_unaf]" file="tests/density_estimator_test.py" line="178" time="0.025" /><testcase classname="tests.density_estimator_test" name="test_density_estimator_sample_shapes[1-condition_event_shape0-input_event_shape0-sample_shape2-build_zuko_unaf]" file="tests/density_estimator_test.py" line="204" time="0.059" /><testcase classname="tests.density_estimator_test" name="test_density_estimator_sample_shapes[10-condition_event_shape0-input_event_shape0-sample_shape0-build_made]" file="tests/density_estimator_test.py" line="204" time="0.008" /><testcase classname="tests.density_estimator_test" name="test_density_estimator_log_prob_shapes_with_embedding[1-condition_event_shape2-input_event_shape1-2-build_zuko_gf]" file="tests/density_estimator_test.py" line="178" time="0.019" /><testcase classname="tests.density_estimator_test" name="test_density_estimator_sample_shapes[10-condition_event_shape0-input_event_shape0-sample_shape0-build_zuko_naf]" file="tests/density_estimator_test.py" line="204" time="0.042" /><testcase classname="tests.density_estimator_test" name="test_log_prob_condition_with_sample_dim[5-condition_event_shape0-input_event_shape0-build_zuko_nsf]" file="tests/density_estimator_test.py" line="312" time="0.019" /><testcase classname="tests.density_estimator_test" name="test_density_estimator_log_prob_shapes_with_embedding[10-condition_event_shape1-input_event_shape1-1-build_made]" file="tests/density_estimator_test.py" line="178" time="0.013" /><testcase classname="tests.density_estimator_test" name="test_density_estimator_log_prob_shapes_with_embedding[1-condition_event_shape0-input_event_shape0-2-build_made]" file="tests/density_estimator_test.py" line="178" time="0.015" /><testcase classname="tests.density_estimator_test" name="test_density_estimator_log_prob_shapes_with_embedding[10-condition_event_shape1-input_event_shape1-1-build_mdn]" file="tests/density_estimator_test.py" line="178" time="0.013" /><testcase classname="tests.density_estimator_test" name="test_density_estimator_log_prob_shapes_with_embedding[1-condition_event_shape2-input_event_shape1-2-build_zuko_maf]" file="tests/density_estimator_test.py" line="178" time="0.016" /><testcase classname="tests.density_estimator_test" name="test_log_prob_condition_with_sample_dim[5-condition_event_shape1-input_event_shape0-build_zuko_nsf]" file="tests/density_estimator_test.py" line="312" time="0.015" /><testcase classname="tests.density_estimator_test" name="test_density_estimator_log_prob_shapes_with_embedding[1-condition_event_shape0-input_event_shape0-2-build_nsf]" file="tests/density_estimator_test.py" line="178" time="0.020" /><testcase classname="tests.density_estimator_test" name="test_density_estimator_log_prob_shapes_with_embedding[10-condition_event_shape1-input_event_shape1-1-build_nsf]" file="tests/density_estimator_test.py" line="178" time="0.026" /><testcase classname="tests.density_estimator_test" name="test_density_estimator_log_prob_shapes_with_embedding[1-condition_event_shape3-input_event_shape0-1-build_made]" file="tests/density_estimator_test.py" line="178" time="0.017" /><testcase classname="tests.density_estimator_test" name="test_correctness_of_batched_vs_seperate_sample_and_log_prob[sample_shape0-condition_event_shape0-input_event_shape0-build_nsf]" file="tests/density_estimator_test.py" line="342" time="0.085" /><testcase classname="tests.density_estimator_test" name="test_density_estimator_sample_shapes[10-condition_event_shape0-input_event_shape0-sample_shape0-build_zuko_nsf]" file="tests/density_estimator_test.py" line="204" time="0.017" /><testcase classname="tests.density_estimator_test" name="test_density_estimator_log_prob_shapes_with_embedding[1-condition_event_shape0-input_event_shape0-2-build_zuko_maf]" file="tests/density_estimator_test.py" line="178" time="0.010" /><testcase classname="tests.density_estimator_test" name="test_density_estimator_sample_shapes[1-condition_event_shape0-input_event_shape1-sample_shape0-build_maf_rqs]" file="tests/density_estimator_test.py" line="204" time="0.045" /><testcase classname="tests.density_estimator_test" name="test_density_estimator_log_prob_shapes_with_embedding[1-condition_event_shape3-input_event_shape0-1-build_zuko_nsf]" file="tests/density_estimator_test.py" line="178" time="0.021" /><testcase classname="tests.density_estimator_test" name="test_density_estimator_sample_shapes[10-condition_event_shape0-input_event_shape0-sample_shape0-build_zuko_unaf]" file="tests/density_estimator_test.py" line="204" time="0.064" /><testcase classname="tests.density_estimator_test" name="test_density_estimator_log_prob_shapes_with_embedding[10-condition_event_shape1-input_event_shape1-1-build_zuko_gf]" file="tests/density_estimator_test.py" line="178" time="0.012" /><testcase classname="tests.density_estimator_test" name="test_density_estimator_log_prob_shapes_with_embedding[1-condition_event_shape0-input_event_shape0-2-build_zuko_nsf]" file="tests/density_estimator_test.py" line="178" time="0.013" /><testcase classname="tests.density_estimator_test" name="test_density_estimator_log_prob_shapes_with_embedding[10-condition_event_shape1-input_event_shape1-1-build_zuko_ncsf]" file="tests/density_estimator_test.py" line="178" time="0.021" /><testcase classname="tests.density_estimator_test" name="test_density_estimator_log_prob_shapes_with_embedding[1-condition_event_shape3-input_event_shape0-1-build_zuko_unaf]" file="tests/density_estimator_test.py" line="178" time="0.037" /><testcase classname="tests.density_estimator_test" name="test_density_estimator_log_prob_shapes_with_embedding[1-condition_event_shape0-input_event_shape1-1-build_zuko_naf]" file="tests/density_estimator_test.py" line="178" time="0.019" /><testcase classname="tests.density_estimator_test" name="test_density_estimator_sample_shapes[1-condition_event_shape0-input_event_shape1-sample_shape0-build_zuko_sospf]" file="tests/density_estimator_test.py" line="204" time="0.066" /><testcase classname="tests.abc_test" name="test_smcabc_coverage[smcabc-constant-decay]" file="tests/abc_test.py" line="313" time="0.370" /><testcase classname="tests.density_estimator_test" name="test_density_estimator_log_prob_shapes_with_embedding[1-condition_event_shape0-input_event_shape1-2-build_made]" file="tests/density_estimator_test.py" line="178" time="0.033" /><testcase classname="tests.density_estimator_test" name="test_density_estimator_log_prob_shapes_with_embedding[10-condition_event_shape1-input_event_shape1-1-build_zuko_nsf]" file="tests/density_estimator_test.py" line="178" time="0.022" /><testcase classname="tests.density_estimator_test" name="test_density_estimator_log_prob_shapes_with_embedding[1-condition_event_shape3-input_event_shape0-2-build_made]" file="tests/density_estimator_test.py" line="178" time="0.019" /><testcase classname="tests.density_estimator_test" name="test_density_estimator_log_prob_shapes_with_embedding[10-condition_event_shape1-input_event_shape1-2-build_zuko_maf]" file="tests/density_estimator_test.py" line="178" time="0.016" /><testcase classname="tests.density_estimator_test" name="test_correctness_of_batched_vs_seperate_sample_and_log_prob[sample_shape1-condition_event_shape0-input_event_shape0-build_nsf]" file="tests/density_estimator_test.py" line="342" time="0.076" /><testcase classname="tests.density_estimator_test" name="test_density_estimator_sample_shapes[10-condition_event_shape0-input_event_shape0-sample_shape1-build_mdn]" file="tests/density_estimator_test.py" line="204" time="0.009" /><testcase classname="tests.density_estimator_test" name="test_density_estimator_log_prob_shapes_with_embedding[1-condition_event_shape0-input_event_shape1-2-build_mdn]" file="tests/density_estimator_test.py" line="178" time="0.013" /><testcase classname="tests.density_estimator_test" name="test_density_estimator_sample_shapes[10-condition_event_shape0-input_event_shape0-sample_shape1-build_zuko_bpf]" file="tests/density_estimator_test.py" line="204" time="0.016" /><testcase classname="tests.density_estimator_test" name="test_density_estimator_log_prob_shapes_with_embedding[1-condition_event_shape3-input_event_shape0-2-build_mdn]" file="tests/density_estimator_test.py" line="178" time="0.013" /><testcase classname="tests.density_estimator_test" name="test_density_estimator_sample_shapes[10-condition_event_shape1-input_event_shape1-sample_shape0-build_zuko_ncsf]" file="tests/density_estimator_test.py" line="204" time="0.040" /><testcase classname="tests.density_estimator_test" name="test_density_estimator_log_prob_shapes_with_embedding[10-condition_event_shape2-input_event_shape0-1-build_maf]" file="tests/density_estimator_test.py" line="178" time="0.017" /><testcase classname="tests.density_estimator_test" name="test_density_estimator_log_prob_shapes_with_embedding[1-condition_event_shape0-input_event_shape1-2-build_maf]" file="tests/density_estimator_test.py" line="178" time="0.013" /><testcase classname="tests.density_estimator_test" name="test_density_estimator_log_prob_shapes_with_embedding[1-condition_event_shape3-input_event_shape0-2-build_zuko_bpf]" file="tests/density_estimator_test.py" line="178" time="0.017" /><testcase classname="tests.density_estimator_test" name="test_density_estimator_sample_shapes[10-condition_event_shape0-input_event_shape0-sample_shape1-build_zuko_maf]" file="tests/density_estimator_test.py" line="204" time="0.005" /><testcase classname="tests.density_estimator_test" name="test_density_estimator_sample_shapes[10-condition_event_shape0-input_event_shape0-sample_shape1-build_zuko_nsf]" file="tests/density_estimator_test.py" line="204" time="0.009" /><testcase classname="tests.density_estimator_test" name="test_density_estimator_log_prob_shapes_with_embedding[1-condition_event_shape0-input_event_shape1-2-build_zuko_maf]" file="tests/density_estimator_test.py" line="178" time="0.013" /><testcase classname="tests.density_estimator_test" name="test_density_estimator_log_prob_shapes_with_embedding[10-condition_event_shape2-input_event_shape0-1-build_zuko_nice]" file="tests/density_estimator_test.py" line="178" time="0.011" /><testcase classname="tests.density_estimator_test" name="test_density_estimator_sample_shapes[1-condition_event_shape0-input_event_shape1-sample_shape1-build_maf_rqs]" file="tests/density_estimator_test.py" line="204" time="0.039" /><testcase classname="tests.density_estimator_test" name="test_density_estimator_sample_shapes[10-condition_event_shape0-input_event_shape0-sample_shape2-build_mdn]" file="tests/density_estimator_test.py" line="204" time="0.007" /><testcase classname="tests.density_estimator_test" name="test_density_estimator_log_prob_shapes_with_embedding[1-condition_event_shape3-input_event_shape0-2-build_zuko_nice]" file="tests/density_estimator_test.py" line="178" time="0.017" /><testcase classname="tests.density_estimator_test" name="test_density_estimator_log_prob_shapes_with_embedding[1-condition_event_shape0-input_event_shape1-2-build_zuko_nsf]" file="tests/density_estimator_test.py" line="178" time="0.023" /><testcase classname="tests.density_estimator_test" name="test_density_estimator_log_prob_shapes_with_embedding[10-condition_event_shape2-input_event_shape0-1-build_zuko_sospf]" file="tests/density_estimator_test.py" line="178" time="0.015" /><testcase classname="tests.density_estimator_test" name="test_density_estimator_sample_shapes[10-condition_event_shape0-input_event_shape0-sample_shape2-build_maf]" file="tests/density_estimator_test.py" line="204" time="0.014" /><testcase classname="tests.density_estimator_test" name="test_density_estimator_sample_shapes[10-condition_event_shape1-input_event_shape1-sample_shape1-build_maf]" file="tests/density_estimator_test.py" line="204" time="0.010" /><testcase classname="tests.density_estimator_test" name="test_density_estimator_log_prob_shapes_with_embedding[1-condition_event_shape3-input_event_shape1-1-build_mdn]" file="tests/density_estimator_test.py" line="178" time="0.014" /><testcase classname="tests.density_estimator_test" name="test_density_estimator_log_prob_shapes_with_embedding[10-condition_event_shape2-input_event_shape0-2-build_made]" file="tests/density_estimator_test.py" line="178" time="0.018" /><testcase classname="tests.density_estimator_test" name="test_density_estimator_sample_shapes[10-condition_event_shape0-input_event_shape0-sample_shape2-build_maf_rqs]" file="tests/density_estimator_test.py" line="204" time="0.021" /><testcase classname="tests.density_estimator_test" name="test_density_estimator_sample_shapes[10-condition_event_shape1-input_event_shape1-sample_shape1-build_maf_rqs]" file="tests/density_estimator_test.py" line="204" time="0.043" /><testcase classname="tests.density_estimator_test" name="test_density_estimator_log_prob_shapes_with_embedding[1-condition_event_shape1-input_event_shape0-1-build_nsf]" file="tests/density_estimator_test.py" line="178" time="0.012" /><testcase classname="tests.density_estimator_test" name="test_density_estimator_log_prob_shapes_with_embedding[1-condition_event_shape3-input_event_shape1-1-build_zuko_maf]" file="tests/density_estimator_test.py" line="178" time="0.017" /><testcase classname="tests.density_estimator_test" name="test_density_estimator_sample_shapes[1-condition_event_shape0-input_event_shape1-sample_shape2-build_made]" file="tests/density_estimator_test.py" line="204" time="0.016" /><testcase classname="tests.density_estimator_test" name="test_mixed_density_estimator[sample_shape0-build_mnle-1-input_event_shape0-condition_event_shape0-1]" file="tests/density_estimator_test.py" line="474" time="0.017" /><testcase classname="tests.density_estimator_test" name="test_density_estimator_log_prob_shapes_with_embedding[10-condition_event_shape2-input_event_shape0-2-build_maf_rqs]" file="tests/density_estimator_test.py" line="178" time="0.021" /><testcase classname="tests.density_estimator_test" name="test_density_estimator_log_prob_shapes_with_embedding[1-condition_event_shape1-input_event_shape0-1-build_zuko_bpf]" file="tests/density_estimator_test.py" line="178" time="0.012" /><testcase classname="tests.density_estimator_test" name="test_density_estimator_sample_shapes[10-condition_event_shape0-input_event_shape0-sample_shape2-build_zuko_nsf]" file="tests/density_estimator_test.py" line="204" time="0.011" /><testcase classname="tests.density_estimator_test" name="test_density_estimator_log_prob_shapes_with_embedding[1-condition_event_shape3-input_event_shape1-1-build_zuko_naf]" file="tests/density_estimator_test.py" line="178" time="0.025" /><testcase classname="tests.density_estimator_test" name="test_density_estimator_sample_shapes[1-condition_event_shape0-input_event_shape1-sample_shape2-build_mdn]" file="tests/density_estimator_test.py" line="204" time="0.009" /><testcase classname="tests.density_estimator_test" name="test_density_estimator_log_prob_shapes_with_embedding[1-condition_event_shape1-input_event_shape0-1-build_zuko_ncsf]" file="tests/density_estimator_test.py" line="178" time="0.013" /><testcase classname="tests.density_estimator_test" name="test_mixed_density_estimator[sample_shape0-build_mnpe-1-input_event_shape5-condition_event_shape5-1]" file="tests/density_estimator_test.py" line="474" time="0.024" /><testcase classname="tests.density_estimator_test" name="test_density_estimator_sample_shapes[10-condition_event_shape0-input_event_shape0-sample_shape2-build_zuko_sospf]" file="tests/density_estimator_test.py" line="204" time="0.015" /><testcase classname="tests.density_estimator_test" name="test_density_estimator_log_prob_shapes_with_embedding[10-condition_event_shape2-input_event_shape0-2-build_nsf]" file="tests/density_estimator_test.py" line="178" time="0.018" /><testcase classname="tests.density_estimator_test" name="test_density_estimator_sample_shapes[1-condition_event_shape0-input_event_shape1-sample_shape2-build_maf]" file="tests/density_estimator_test.py" line="204" time="0.014" /><testcase classname="tests.density_estimator_test" name="test_density_estimator_sample_shapes[10-condition_event_shape1-input_event_shape1-sample_shape1-build_zuko_naf]" file="tests/density_estimator_test.py" line="204" time="0.110" /><testcase classname="tests.density_estimator_test" name="test_density_estimator_log_prob_shapes_with_embedding[1-condition_event_shape1-input_event_shape0-1-build_zuko_sospf]" file="tests/density_estimator_test.py" line="178" time="0.017" /><testcase classname="tests.density_estimator_test" name="test_density_estimator_sample_shapes[10-condition_event_shape0-input_event_shape0-sample_shape2-build_zuko_unaf]" file="tests/density_estimator_test.py" line="204" time="0.367" /><testcase classname="tests.density_estimator_test" name="test_density_estimator_log_prob_shapes_with_embedding[1-condition_event_shape3-input_event_shape1-1-build_zuko_nice]" file="tests/density_estimator_test.py" line="178" time="0.017" /><testcase classname="tests.density_estimator_test" name="test_density_estimator_sample_shapes[1-condition_event_shape0-input_event_shape1-sample_shape2-build_zuko_naf]" file="tests/density_estimator_test.py" line="204" time="0.116" /><testcase classname="tests.density_estimator_test" name="test_mixed_density_estimator[sample_shape0-build_mnpe-1-input_event_shape9-condition_event_shape9-10]" file="tests/density_estimator_test.py" line="474" time="0.042" /><testcase classname="tests.density_estimator_test" name="test_density_estimator_log_prob_shapes_with_embedding[10-condition_event_shape2-input_event_shape1-1-build_maf_rqs]" file="tests/density_estimator_test.py" line="178" time="0.024" /><testcase classname="tests.density_estimator_test" name="test_density_estimator_log_prob_shapes_with_embedding[1-condition_event_shape1-input_event_shape0-2-build_maf_rqs]" file="tests/density_estimator_test.py" line="178" time="0.023" /><testcase classname="tests.density_estimator_test" name="test_density_estimator_log_prob_shapes_with_embedding[1-condition_event_shape3-input_event_shape1-1-build_zuko_nsf]" file="tests/density_estimator_test.py" line="178" time="0.036" /><testcase classname="tests.density_estimator_test" name="test_density_estimator_log_prob_shapes_with_embedding[1-condition_event_shape1-input_event_shape0-2-build_zuko_maf]" file="tests/density_estimator_test.py" line="178" time="0.023" /><testcase classname="tests.density_estimator_test" name="test_density_estimator_log_prob_shapes_with_embedding[10-condition_event_shape2-input_event_shape1-1-build_zuko_naf]" file="tests/density_estimator_test.py" line="178" time="0.032" /><testcase classname="tests.density_estimator_test" name="test_mixed_density_estimator[sample_shape0-build_categoricalmassestimator-1-input_event_shape10-condition_event_shape10-10]" file="tests/density_estimator_test.py" line="474" time="0.017" /><testcase classname="tests.density_estimator_test" name="test_density_estimator_log_prob_shapes_with_embedding[1-condition_event_shape3-input_event_shape1-2-build_made]" file="tests/density_estimator_test.py" line="178" time="0.016" /><testcase classname="tests.density_estimator_test" name="test_density_estimator_log_prob_shapes_with_embedding[1-condition_event_shape1-input_event_shape0-2-build_zuko_nsf]" file="tests/density_estimator_test.py" line="178" time="0.022" /><testcase classname="tests.density_estimator_test" name="test_density_estimator_log_prob_shapes_with_embedding[10-condition_event_shape2-input_event_shape1-1-build_zuko_ncsf]" file="tests/density_estimator_test.py" line="178" time="0.027" /><testcase classname="tests.density_estimator_test" name="test_mixed_density_estimator[sample_shape1-build_mnle-1-input_event_shape0-condition_event_shape0-1]" file="tests/density_estimator_test.py" line="474" time="0.011" /><testcase classname="tests.density_estimator_test" name="test_density_estimator_log_prob_shapes_with_embedding[1-condition_event_shape3-input_event_shape1-2-build_nsf]" file="tests/density_estimator_test.py" line="178" time="0.028" /><testcase classname="tests.density_estimator_test" name="test_mixed_density_estimator[sample_shape1-build_mnle-1-input_event_shape4-condition_event_shape4-10]" file="tests/density_estimator_test.py" line="474" time="0.053" /><testcase classname="tests.density_estimator_test" name="test_density_estimator_log_prob_shapes_with_embedding[1-condition_event_shape1-input_event_shape0-2-build_zuko_unaf]" file="tests/density_estimator_test.py" line="178" time="0.023" /><testcase classname="tests.density_estimator_test" name="test_density_estimator_log_prob_shapes_with_embedding[10-condition_event_shape2-input_event_shape1-1-build_zuko_nsf]" file="tests/density_estimator_test.py" line="178" time="0.039" /><testcase classname="tests.density_estimator_test" name="test_density_estimator_log_prob_shapes_with_embedding[1-condition_event_shape3-input_event_shape1-2-build_zuko_maf]" file="tests/density_estimator_test.py" line="178" time="0.025" /><testcase classname="tests.density_estimator_test" name="test_density_estimator_sample_shapes[10-condition_event_shape1-input_event_shape1-sample_shape2-build_zuko_ncsf]" file="tests/density_estimator_test.py" line="204" time="0.050" /><testcase classname="tests.density_estimator_test" name="test_density_estimator_log_prob_shapes_with_embedding[1-condition_event_shape1-input_event_shape1-1-build_made]" file="tests/density_estimator_test.py" line="178" time="0.017" /><testcase classname="tests.density_estimator_test" name="test_density_estimator_sample_shapes[1-condition_event_shape0-input_event_shape1-sample_shape2-build_zuko_ncsf]" file="tests/density_estimator_test.py" line="204" time="0.043" /><testcase classname="tests.density_estimator_test" name="test_density_estimator_log_prob_shapes_with_embedding[1-condition_event_shape1-input_event_shape1-1-build_nsf]" file="tests/density_estimator_test.py" line="178" time="0.019" /><testcase classname="tests.density_estimator_test" name="test_density_estimator_log_prob_shapes_with_embedding[1-condition_event_shape3-input_event_shape1-2-build_zuko_nsf]" file="tests/density_estimator_test.py" line="178" time="0.028" /><testcase classname="tests.density_estimator_test" name="test_mixed_density_estimator[sample_shape1-build_mnpe-1-input_event_shape7-condition_event_shape7-10]" file="tests/density_estimator_test.py" line="474" time="0.044" /><testcase classname="tests.density_estimator_test" name="test_density_estimator_log_prob_shapes_with_embedding[10-condition_event_shape2-input_event_shape1-1-build_zuko_unaf]" file="tests/density_estimator_test.py" line="178" time="0.046" /><testcase classname="tests.density_estimator_test" name="test_density_estimator_log_prob_shapes_with_embedding[1-condition_event_shape1-input_event_shape1-1-build_zuko_sospf]" file="tests/density_estimator_test.py" line="178" time="0.018" /><testcase classname="tests.density_estimator_test" name="test_density_estimator_sample_shapes[10-condition_event_shape1-input_event_shape1-sample_shape2-build_zuko_unaf]" file="tests/density_estimator_test.py" line="204" time="5.242" /><testcase classname="tests.density_estimator_test" name="test_density_estimator_log_prob_shapes_with_embedding[1-condition_event_shape3-input_event_shape1-2-build_zuko_sospf]" file="tests/density_estimator_test.py" line="178" time="0.034" /><testcase classname="tests.density_estimator_test" name="test_density_estimator_log_prob_shapes_with_embedding[1-condition_event_shape1-input_event_shape1-1-build_zuko_unaf]" file="tests/density_estimator_test.py" line="178" time="0.034" /><testcase classname="tests.density_estimator_test" name="test_density_estimator_sample_shapes[1-condition_event_shape1-input_event_shape0-sample_shape0-build_made]" file="tests/density_estimator_test.py" line="204" time="0.005" /><testcase classname="tests.density_estimator_test" name="test_density_estimator_sample_shapes[1-condition_event_shape1-input_event_shape0-sample_shape0-build_mdn]" file="tests/density_estimator_test.py" line="204" time="0.003" /><testcase classname="tests.density_estimator_test" name="test_density_estimator_sample_shapes[1-condition_event_shape1-input_event_shape0-sample_shape0-build_zuko_gf]" file="tests/density_estimator_test.py" line="204" time="0.011" /><testcase classname="tests.density_estimator_test" name="test_mixed_density_estimator[sample_shape1-build_categoricalmassestimator-2-input_event_shape11-condition_event_shape11-10]" file="tests/density_estimator_test.py" line="474" time="0.026" /><testcase classname="tests.density_estimator_test" name="test_density_estimator_log_prob_shapes_with_embedding[10-condition_event_shape3-input_event_shape0-1-build_zuko_bpf]" file="tests/density_estimator_test.py" line="178" time="0.017" /><testcase classname="tests.density_estimator_test" name="test_density_estimator_sample_shapes[1-condition_event_shape1-input_event_shape0-sample_shape0-build_zuko_naf]" file="tests/density_estimator_test.py" line="204" time="0.028" /><testcase classname="tests.density_estimator_test" name="test_density_estimator_log_prob_shapes_with_embedding[1-condition_event_shape3-input_event_shape1-2-build_zuko_unaf]" file="tests/density_estimator_test.py" line="178" time="0.044" /><testcase classname="tests.density_estimator_test" name="test_density_estimator_log_prob_shapes_with_embedding[10-condition_event_shape3-input_event_shape0-1-build_zuko_nice]" file="tests/density_estimator_test.py" line="178" time="0.019" /><testcase classname="tests.density_estimator_test" name="test_density_estimator_log_prob_shapes_with_embedding[1-condition_event_shape1-input_event_shape1-2-build_made]" file="tests/density_estimator_test.py" line="178" time="0.017" /><testcase classname="tests.density_estimator_test" name="test_build_zuko_flow_with_valid_unconstrained_transform[x_dist1-MAF]" file="tests/density_estimator_test.py" line="560" time="0.006" /><testcase classname="tests.density_estimator_test" name="test_build_zuko_flow_missing_x_dist_raises_error[MAF]" file="tests/density_estimator_test.py" line="587" time="0.011" /><testcase classname="tests.density_estimator_test" name="test_density_estimator_sample_shapes[1-condition_event_shape1-input_event_shape0-sample_shape0-build_zuko_ncsf]" file="tests/density_estimator_test.py" line="204" time="0.007" /><testcase classname="tests.density_estimator_test" name="test_density_estimator_log_prob_shapes_with_embedding[1-condition_event_shape1-input_event_shape1-2-build_zuko_gf]" file="tests/density_estimator_test.py" line="178" time="0.025" /><testcase classname="tests.density_estimator_test" name="test_density_estimator_log_prob_shapes_with_embedding[10-condition_event_shape3-input_event_shape0-1-build_zuko_nsf]" file="tests/density_estimator_test.py" line="178" time="0.033" /><testcase classname="tests.abc_test" name="test_smcabc_coverage[smcabc-kde]" file="tests/abc_test.py" line="313" time="0.959" /><testcase classname="tests.density_estimator_test" name="test_density_estimator_sample_shapes[1-condition_event_shape1-input_event_shape0-sample_shape0-build_zuko_nice]" file="tests/density_estimator_test.py" line="204" time="0.009" /><testcase classname="tests.density_estimator_test" name="test_trainers_with_valid_and_invalid_estimator_builders[params2-NLE_A]" file="tests/density_estimator_test.py" line="632" time="1.506" /><testcase classname="tests.density_estimator_test" name="test_density_estimator_sample_shapes[1-condition_event_shape1-input_event_shape0-sample_shape0-build_zuko_nsf]" file="tests/density_estimator_test.py" line="204" time="0.010" /><testcase classname="tests.density_estimator_test" name="test_density_estimator_log_prob_shapes_with_embedding[10-condition_event_shape0-input_event_shape0-1-build_zuko_maf]" file="tests/density_estimator_test.py" line="178" time="0.013" /><testcase classname="tests.density_estimator_test" name="test_density_estimator_log_prob_shapes_with_embedding[1-condition_event_shape1-input_event_shape1-2-build_zuko_nsf]" file="tests/density_estimator_test.py" line="178" time="0.036" /><testcase classname="tests.density_estimator_test" name="test_density_estimator_sample_shapes[1-condition_event_shape1-input_event_shape0-sample_shape1-build_made]" file="tests/density_estimator_test.py" line="204" time="0.006" /><testcase classname="tests.density_estimator_test" name="test_density_estimator_sample_shapes[1-condition_event_shape1-input_event_shape0-sample_shape1-build_mdn]" file="tests/density_estimator_test.py" line="204" time="0.004" /><testcase classname="tests.density_estimator_test" name="test_density_estimator_log_prob_shapes_with_embedding[10-condition_event_shape0-input_event_shape0-1-build_zuko_ncsf]" file="tests/density_estimator_test.py" line="178" time="0.020" /><testcase classname="tests.density_estimator_test" name="test_density_estimator_log_prob_shapes_with_embedding[10-condition_event_shape3-input_event_shape0-1-build_zuko_unaf]" file="tests/density_estimator_test.py" line="178" time="0.026" /><testcase classname="tests.density_estimator_test" name="test_density_estimator_sample_shapes[1-condition_event_shape1-input_event_shape0-sample_shape1-build_maf_rqs]" file="tests/density_estimator_test.py" line="204" time="0.010" /><testcase classname="tests.density_estimator_test" name="test_density_estimator_sample_shapes[1-condition_event_shape1-input_event_shape0-sample_shape1-build_zuko_nice]" file="tests/density_estimator_test.py" line="204" time="0.005" /><testcase classname="tests.density_estimator_test" name="test_density_estimator_log_prob_shapes_with_embedding[10-condition_event_shape0-input_event_shape0-1-build_zuko_nsf]" file="tests/density_estimator_test.py" line="178" time="0.026" /><testcase classname="tests.density_estimator_test" name="test_density_estimator_sample_shapes[1-condition_event_shape1-input_event_shape0-sample_shape2-build_made]" file="tests/density_estimator_test.py" line="204" time="0.008" /><testcase classname="tests.density_estimator_test" name="test_density_estimator_log_prob_shapes_with_embedding[1-condition_event_shape1-input_event_shape1-2-build_zuko_sospf]" file="tests/density_estimator_test.py" line="178" time="0.031" /><testcase classname="tests.density_estimator_test" name="test_density_estimator_sample_shapes[1-condition_event_shape1-input_event_shape0-sample_shape2-build_maf]" file="tests/density_estimator_test.py" line="204" time="0.006" /><testcase classname="tests.density_estimator_test" name="test_density_estimator_log_prob_shapes_with_embedding[10-condition_event_shape3-input_event_shape0-2-build_maf_rqs]" file="tests/density_estimator_test.py" line="178" time="0.024" /><testcase classname="tests.density_estimator_test" name="test_density_estimator_sample_shapes[1-condition_event_shape1-input_event_shape0-sample_shape2-build_nsf]" file="tests/density_estimator_test.py" line="204" time="0.036" /><testcase classname="tests.density_estimator_test" name="test_density_estimator_log_prob_shapes_with_embedding[10-condition_event_shape0-input_event_shape0-2-build_zuko_unaf]" file="tests/density_estimator_test.py" line="178" time="0.018" /><testcase classname="tests.density_estimator_test" name="test_density_estimator_log_prob_shapes_with_embedding[10-condition_event_shape3-input_event_shape0-2-build_zuko_nice]" file="tests/density_estimator_test.py" line="178" time="0.011" /><testcase classname="tests.density_estimator_test" name="test_density_estimator_log_prob_shapes_with_embedding[1-condition_event_shape2-input_event_shape0-1-build_zuko_maf]" file="tests/density_estimator_test.py" line="178" time="0.012" /><testcase classname="tests.density_estimator_test" name="test_density_estimator_log_prob_shapes_with_embedding[10-condition_event_shape0-input_event_shape1-1-build_made]" file="tests/density_estimator_test.py" line="178" time="0.012" /><testcase classname="tests.density_estimator_test" name="test_density_estimator_log_prob_shapes_with_embedding[10-condition_event_shape3-input_event_shape0-2-build_zuko_nsf]" file="tests/density_estimator_test.py" line="178" time="0.016" /><testcase classname="tests.density_estimator_test" name="test_density_estimator_sample_shapes[1-condition_event_shape1-input_event_shape0-sample_shape2-build_zuko_bpf]" file="tests/density_estimator_test.py" line="204" time="0.013" /><testcase classname="tests.density_estimator_test" name="test_density_estimator_log_prob_shapes_with_embedding[1-condition_event_shape2-input_event_shape0-1-build_zuko_nice]" file="tests/density_estimator_test.py" line="178" time="0.015" /><testcase classname="tests.density_estimator_test" name="test_density_estimator_log_prob_shapes_with_embedding[10-condition_event_shape0-input_event_shape1-1-build_zuko_maf]" file="tests/density_estimator_test.py" line="178" time="0.018" /><testcase classname="tests.density_estimator_test" name="test_density_estimator_log_prob_shapes_with_embedding[10-condition_event_shape3-input_event_shape1-1-build_maf_rqs]" file="tests/density_estimator_test.py" line="178" time="0.025" /><testcase classname="tests.density_estimator_test" name="test_density_estimator_log_prob_shapes_with_embedding[1-condition_event_shape2-input_event_shape0-1-build_zuko_nsf]" file="tests/density_estimator_test.py" line="178" time="0.017" /><testcase classname="tests.density_estimator_test" name="test_density_estimator_log_prob_shapes_with_embedding[10-condition_event_shape0-input_event_shape1-1-build_zuko_ncsf]" file="tests/density_estimator_test.py" line="178" time="0.027" /><testcase classname="tests.density_estimator_test" name="test_density_estimator_sample_shapes[1-condition_event_shape1-input_event_shape0-sample_shape2-build_zuko_ncsf]" file="tests/density_estimator_test.py" line="204" time="0.006" /><testcase classname="tests.density_estimator_test" name="test_density_estimator_sample_shapes[1-condition_event_shape1-input_event_shape0-sample_shape2-build_zuko_sospf]" file="tests/density_estimator_test.py" line="204" time="0.031" /><testcase classname="tests.density_estimator_test" name="test_density_estimator_log_prob_shapes_with_embedding[1-condition_event_shape2-input_event_shape0-2-build_mdn]" file="tests/density_estimator_test.py" line="178" time="0.010" /><testcase classname="tests.density_estimator_test" name="test_density_estimator_log_prob_shapes_with_embedding[10-condition_event_shape3-input_event_shape1-1-build_zuko_bpf]" file="tests/density_estimator_test.py" line="178" time="0.020" /><testcase classname="tests.density_estimator_test" name="test_density_estimator_sample_shapes[10-condition_event_shape0-input_event_shape1-sample_shape0-build_mdn]" file="tests/density_estimator_test.py" line="204" time="0.006" /><testcase classname="tests.density_estimator_test" name="test_density_estimator_log_prob_shapes_with_embedding[1-condition_event_shape2-input_event_shape0-2-build_zuko_bpf]" file="tests/density_estimator_test.py" line="178" time="0.013" /><testcase classname="tests.density_estimator_test" name="test_density_estimator_sample_shapes[10-condition_event_shape0-input_event_shape1-sample_shape0-build_maf]" file="tests/density_estimator_test.py" line="204" time="0.009" /><testcase classname="tests.density_estimator_test" name="test_density_estimator_log_prob_shapes_with_embedding[10-condition_event_shape0-input_event_shape1-1-build_zuko_nsf]" file="tests/density_estimator_test.py" line="178" time="0.029" /><testcase classname="tests.density_estimator_test" name="test_density_estimator_log_prob_shapes_with_embedding[10-condition_event_shape3-input_event_shape1-1-build_zuko_naf]" file="tests/density_estimator_test.py" line="178" time="0.037" /><testcase classname="tests.density_estimator_test" name="test_density_estimator_log_prob_shapes_with_embedding[1-condition_event_shape2-input_event_shape0-2-build_zuko_gf]" file="tests/density_estimator_test.py" line="178" time="0.010" /><testcase classname="tests.density_estimator_test" name="test_density_estimator_sample_shapes[10-condition_event_shape0-input_event_shape1-sample_shape0-build_zuko_nsf]" file="tests/density_estimator_test.py" line="204" time="0.035" /><testcase classname="tests.density_estimator_test" name="test_density_estimator_sample_shapes[1-condition_event_shape1-input_event_shape1-sample_shape0-build_zuko_maf]" file="tests/density_estimator_test.py" line="204" time="0.010" /><testcase classname="tests.density_estimator_test" name="test_density_estimator_log_prob_shapes_with_embedding[1-condition_event_shape2-input_event_shape0-2-build_zuko_naf]" file="tests/density_estimator_test.py" line="178" time="0.021" /><testcase classname="tests.density_estimator_test" name="test_density_estimator_sample_shapes[1-condition_event_shape1-input_event_shape1-sample_shape0-build_zuko_naf]" file="tests/density_estimator_test.py" line="204" time="0.110" /><testcase classname="tests.density_estimator_test" name="test_density_estimator_log_prob_shapes_with_embedding[10-condition_event_shape0-input_event_shape1-2-build_zuko_bpf]" file="tests/density_estimator_test.py" line="178" time="0.020" /><testcase classname="tests.density_estimator_test" name="test_density_estimator_log_prob_shapes_with_embedding[1-condition_event_shape2-input_event_shape1-1-build_zuko_maf]" file="tests/density_estimator_test.py" line="178" time="0.033" /><testcase classname="tests.density_estimator_test" name="test_density_estimator_log_prob_shapes_with_embedding[10-condition_event_shape3-input_event_shape1-2-build_made]" file="tests/density_estimator_test.py" line="178" time="0.026" /><testcase classname="tests.density_estimator_test" name="test_density_estimator_sample_shapes[10-condition_event_shape0-input_event_shape1-sample_shape0-build_zuko_sospf]" file="tests/density_estimator_test.py" line="204" time="0.098" /><testcase classname="tests.density_estimator_test" name="test_density_estimator_log_prob_shapes_with_embedding[10-condition_event_shape0-input_event_shape1-2-build_zuko_maf]" file="tests/density_estimator_test.py" line="178" time="0.015" /><testcase classname="tests.density_estimator_test" name="test_density_estimator_log_prob_shapes_with_embedding[10-condition_event_shape0-input_event_shape1-2-build_zuko_sospf]" file="tests/density_estimator_test.py" line="178" time="0.021" /><testcase classname="tests.density_estimator_test" name="test_density_estimator_log_prob_shapes_with_embedding[10-condition_event_shape3-input_event_shape1-2-build_mdn]" file="tests/density_estimator_test.py" line="178" time="0.015" /><testcase classname="tests.plot_test" name="test_pairplot[None-None-None-None-None-labels1-figsize0-hist-None-None-scatter-None-limits0-points0-samples0]" file="tests/plot_test.py" line="46" time="0.513" /><testcase classname="tests.density_estimator_test" name="test_density_estimator_log_prob_shapes_with_embedding[10-condition_event_shape3-input_event_shape1-2-build_nsf]" file="tests/density_estimator_test.py" line="178" time="0.028" /><testcase classname="tests.density_estimator_test" name="test_density_estimator_log_prob_shapes_with_embedding[10-condition_event_shape1-input_event_shape0-1-build_maf_rqs]" file="tests/density_estimator_test.py" line="178" time="0.019" /><testcase classname="tests.density_estimator_test" name="test_density_estimator_log_prob_shapes_with_embedding[10-condition_event_shape1-input_event_shape0-1-build_zuko_bpf]" file="tests/density_estimator_test.py" line="178" time="0.012" /><testcase classname="tests.density_estimator_test" name="test_density_estimator_sample_shapes[1-condition_event_shape0-input_event_shape0-sample_shape0-build_maf]" file="tests/density_estimator_test.py" line="204" time="0.007" /><testcase classname="tests.density_estimator_test" name="test_density_estimator_log_prob_shapes_with_embedding[10-condition_event_shape1-input_event_shape0-1-build_zuko_nice]" file="tests/density_estimator_test.py" line="178" time="0.015" /><testcase classname="tests.density_estimator_test" name="test_density_estimator_sample_shapes[1-condition_event_shape0-input_event_shape0-sample_shape0-build_zuko_bpf]" file="tests/density_estimator_test.py" line="204" time="0.010" /><testcase classname="tests.density_estimator_test" name="test_density_estimator_sample_shapes[1-condition_event_shape1-input_event_shape1-sample_shape0-build_zuko_sospf]" file="tests/density_estimator_test.py" line="204" time="0.065" /><testcase classname="tests.density_estimator_test" name="test_density_estimator_log_prob_shapes_with_embedding[10-condition_event_shape1-input_event_shape0-1-build_zuko_nsf]" file="tests/density_estimator_test.py" line="178" time="0.057" /><testcase classname="tests.density_estimator_test" name="test_density_estimator_sample_shapes[10-condition_event_shape0-input_event_shape1-sample_shape1-build_zuko_nsf]" file="tests/density_estimator_test.py" line="204" time="0.036" /><testcase classname="tests.density_estimator_test" name="test_density_estimator_sample_shapes[1-condition_event_shape0-input_event_shape0-sample_shape0-build_zuko_maf]" file="tests/density_estimator_test.py" line="204" time="0.013" /><testcase classname="tests.density_estimator_test" name="test_density_estimator_sample_shapes[1-condition_event_shape0-input_event_shape0-sample_shape0-build_zuko_naf]" file="tests/density_estimator_test.py" line="204" time="0.030" /><testcase classname="tests.plot_test" name="test_pairplot_dep[None-points_labels0-samples_labels0-scatter-False-labels1-samples1]" file="tests/plot_test.py" line="86" time="0.399" /><testcase classname="tests.density_estimator_test" name="test_density_estimator_sample_shapes[10-condition_event_shape0-input_event_shape1-sample_shape2-build_nsf]" file="tests/density_estimator_test.py" line="204" time="0.025" /><testcase classname="tests.density_estimator_test" name="test_density_estimator_sample_shapes[1-condition_event_shape1-input_event_shape1-sample_shape1-build_mdn]" file="tests/density_estimator_test.py" line="204" time="0.006" /><testcase classname="tests.density_estimator_test" name="test_density_estimator_log_prob_shapes_with_embedding[10-condition_event_shape1-input_event_shape0-2-build_made]" file="tests/density_estimator_test.py" line="178" time="0.042" /><testcase classname="tests.density_estimator_test" name="test_density_estimator_sample_shapes[10-condition_event_shape0-input_event_shape1-sample_shape2-build_zuko_ncsf]" file="tests/density_estimator_test.py" line="204" time="0.043" /><testcase classname="tests.density_estimator_test" name="test_density_estimator_sample_shapes[1-condition_event_shape1-input_event_shape1-sample_shape1-build_zuko_nice]" file="tests/density_estimator_test.py" line="204" time="0.009" /><testcase classname="tests.plot_test" name="test_pairplot_discrete_indices[kde-kde]" file="tests/plot_test.py" line="491" time="0.761" /><testcase classname="tests.plot_test" name="test_pairplot_dep[points1-None-samples_labels0-hist-False-labels1-samples0]" file="tests/plot_test.py" line="86" time="0.325" /><testcase classname="tests.density_estimator_test" name="test_density_estimator_sample_shapes[10-condition_event_shape1-input_event_shape0-sample_shape0-build_maf]" file="tests/density_estimator_test.py" line="204" time="0.009" /><testcase classname="tests.density_estimator_test" name="test_density_estimator_sample_shapes[10-condition_event_shape1-input_event_shape0-sample_shape0-build_nsf]" file="tests/density_estimator_test.py" line="204" time="0.015" /><testcase classname="tests.density_estimator_test" name="test_density_estimator_sample_shapes[10-condition_event_shape1-input_event_shape0-sample_shape0-build_zuko_sospf]" file="tests/density_estimator_test.py" line="204" time="0.016" /><testcase classname="tests.density_estimator_test" name="test_density_estimator_sample_shapes[10-condition_event_shape1-input_event_shape0-sample_shape0-build_zuko_unaf]" file="tests/density_estimator_test.py" line="204" time="0.055" /><testcase classname="tests.density_estimator_test" name="test_density_estimator_sample_shapes[10-condition_event_shape1-input_event_shape0-sample_shape1-build_made]" file="tests/density_estimator_test.py" line="204" time="0.009" /><testcase classname="tests.density_estimator_test" name="test_density_estimator_sample_shapes[10-condition_event_shape1-input_event_shape0-sample_shape1-build_maf_rqs]" file="tests/density_estimator_test.py" line="204" time="0.016" /><testcase classname="tests.density_estimator_test" name="test_density_estimator_sample_shapes[10-condition_event_shape1-input_event_shape0-sample_shape1-build_zuko_nsf]" file="tests/density_estimator_test.py" line="204" time="0.013" /><testcase classname="tests.density_estimator_test" name="test_density_estimator_sample_shapes[10-condition_event_shape1-input_event_shape0-sample_shape1-build_zuko_sospf]" file="tests/density_estimator_test.py" line="204" time="0.020" /><testcase classname="tests.density_estimator_test" name="test_density_estimator_sample_shapes[10-condition_event_shape1-input_event_shape0-sample_shape2-build_made]" file="tests/density_estimator_test.py" line="204" time="0.009" /><testcase classname="tests.density_estimator_test" name="test_density_estimator_sample_shapes[10-condition_event_shape1-input_event_shape0-sample_shape2-build_maf]" file="tests/density_estimator_test.py" line="204" time="0.022" /><testcase classname="tests.density_estimator_test" name="test_density_estimator_sample_shapes[10-condition_event_shape1-input_event_shape0-sample_shape2-build_maf_rqs]" file="tests/density_estimator_test.py" line="204" time="0.043" /><testcase classname="tests.density_estimator_test" name="test_density_estimator_sample_shapes[10-condition_event_shape1-input_event_shape0-sample_shape2-build_zuko_gf]" file="tests/density_estimator_test.py" line="204" time="0.027" /><testcase classname="tests.density_estimator_test" name="test_density_estimator_sample_shapes[10-condition_event_shape1-input_event_shape0-sample_shape2-build_zuko_naf]" file="tests/density_estimator_test.py" line="204" time="0.218" /><testcase classname="tests.plot_test" name="test_pairplot_dep[points1-None-samples_labels0-scatter-False-None-samples1]" file="tests/plot_test.py" line="86" time="0.069" /><testcase classname="tests.plot_test" name="test_pairplot_dep[None-points_labels0-None-hist-True-labels1-samples0]" file="tests/plot_test.py" line="86" time="0.069" /><testcase classname="tests.plot_test" name="test_pairplot[None-None-None-None-None-labels1-figsize0-hist-None-None-scatter-subset1-limits0-points0-samples0]" file="tests/plot_test.py" line="46" time="0.351" /><testcase classname="tests.plot_test" name="test_pairplot_dep[points1-None-None-hist-False-None-samples1]" file="tests/plot_test.py" line="86" time="0.066" /><testcase classname="tests.plot_test" name="test_pairplot_dep[None-points_labels0-None-scatter-True-None-samples1]" file="tests/plot_test.py" line="86" time="0.078" /><testcase classname="tests.mcmc_test" name="test_c2st_slice_np_vectorized_parallelized_on_Gaussian[1-SliceSamplerVectorized-2]" file="tests/mcmc_test.py" line="61" time="6.487" /><testcase classname="tests.plot_test" name="test_pairplot_dep[points1-None-None-hist-False-labels1-samples1]" file="tests/plot_test.py" line="86" time="0.056" /><testcase classname="tests.plot_test" name="test_pairplot_dep[None-points_labels0-None-scatter-False-None-samples0]" file="tests/plot_test.py" line="86" time="0.056" /><testcase classname="tests.plot_test" name="test_pairplot[fig_kwargs1-None-None-None-None-labels1-figsize0-hist-scatter-lower_kwargs1-scatter-None-limits0-points0-samples1]" file="tests/plot_test.py" line="46" time="0.326" /><testcase classname="tests.plot_test" name="test_pairplot_dep[points1-None-None-scatter-True-None-samples1]" file="tests/plot_test.py" line="86" time="0.049" /><testcase classname="tests.plot_test" name="test_pairplot_dep[None-points_labels0-None-scatter-False-None-samples1]" file="tests/plot_test.py" line="86" time="0.051" /><testcase classname="tests.abc_test" name="test_distance_function_edge_cases[invalid_name-invalid_distance]" file="tests/abc_test.py" line="369" time="0.006" /><testcase classname="tests.abc_test" name="test_lra_correctness" file="tests/abc_test.py" line="397" time="0.010" /><testcase classname="tests.plot_test" name="test_pairplot_dep[points1-None-None-scatter-True-labels1-samples0]" file="tests/plot_test.py" line="86" time="0.039" /><testcase classname="tests.abc_test" name="test_sass_correctness" file="tests/abc_test.py" line="419" time="0.013" /><testcase classname="tests.plot_test" name="test_pairplot_dep[None-None-samples_labels0-hist-True-None-samples1]" file="tests/plot_test.py" line="86" time="0.057" /><testcase classname="tests.base_test" name="test_infer" file="tests/base_test.py" line="10" time="3.237" /><testcase classname="tests.plot_test" name="test_pairplot_dep[points1-None-None-scatter-False-None-samples0]" file="tests/plot_test.py" line="86" time="0.061" /><testcase classname="tests.plot_test" name="test_pairplot_dep[None-None-samples_labels0-hist-True-labels1-samples0]" file="tests/plot_test.py" line="86" time="0.034" /><testcase classname="tests.plot_test" name="test_pairplot_dep[points1-None-None-scatter-False-None-samples1]" file="tests/plot_test.py" line="86" time="0.050" /><testcase classname="tests.plot_test" name="test_pairplot_dep[None-None-samples_labels0-hist-False-None-samples1]" file="tests/plot_test.py" line="86" time="0.051" /><testcase classname="tests.plot_test" name="test_pairplot[None-None-None-None-None-labels1-figsize0-hist-None-None-scatter-subset1-None-points0-samples1]" file="tests/plot_test.py" line="46" time="0.045" /><testcase classname="tests.plot_test" name="test_plot_summary_overlay_kwargs_precedence[True-None-None-1]" file="tests/plot_test.py" line="148" time="0.022" /><testcase classname="tests.plot_test" name="test_pairplot_discrete_indices[contour-kde]" file="tests/plot_test.py" line="491" time="0.363" /><testcase classname="tests.plot_test" name="test_pairplot_dep[None-None-samples_labels0-scatter-True-None-samples1]" file="tests/plot_test.py" line="86" time="0.049" /><testcase classname="tests.plot_test" name="test_pairplot[None-None-None-None-None-labels1-figsize0-hist-scatter-lower_kwargs1-scatter-None-limits0-points0-samples1]" file="tests/plot_test.py" line="46" time="0.084" /><testcase classname="tests.plot_test" name="test_plot_summary_length_validation[labels]" file="tests/plot_test.py" line="198" time="0.004" /><testcase classname="tests.plot_test" name="test_plot_summary_axes_length_validation[False-3]" file="tests/plot_test.py" line="225" time="0.037" /><testcase classname="tests.plot_test" name="test_sbc_rank_plot[hist-False-3-2]" file="tests/plot_test.py" line="248" time="0.045" /><testcase classname="tests.plot_test" name="test_pairplot_dep[None-None-samples_labels0-scatter-True-labels1-samples1]" file="tests/plot_test.py" line="86" time="0.048" /><testcase classname="tests.plot_test" name="test_pairplot[None-None-None-None-None-labels1-figsize0-hist-scatter-lower_kwargs1-scatter-subset1-limits0-points0-samples1]" file="tests/plot_test.py" line="46" time="0.054" /><testcase classname="tests.plot_test" name="test_sbc_rank_plot[hist-True-2-4]" file="tests/plot_test.py" line="248" time="0.056" /><testcase classname="tests.plot_test" name="test_pairplot_dep[None-None-samples_labels0-scatter-False-None-samples0]" file="tests/plot_test.py" line="86" time="0.039" /><testcase classname="tests.plot_test" name="test_pairplot[fig_kwargs1-None-None-None-None-labels1-figsize0-hist-scatter-lower_kwargs1-scatter-None-None-points0-samples1]" file="tests/plot_test.py" line="46" time="0.080" /><testcase classname="tests.plot_test" name="test_pairplot_dep[None-None-None-hist-False-None-samples1]" file="tests/plot_test.py" line="86" time="0.045" /><testcase classname="tests.plot_test" name="test_pairplot[None-None-None-None-ticks1-None-figsize0-hist-None-None-scatter-None-limits0-points0-samples1]" file="tests/plot_test.py" line="46" time="0.089" /><testcase classname="tests.plot_test" name="test_sbc_rank_plot[hist-True-3-4]" file="tests/plot_test.py" line="248" time="0.055" /><testcase classname="tests.plot_test" name="test_pairplot[fig_kwargs1-None-None-None-None-labels1-figsize0-hist-scatter-lower_kwargs1-scatter-subset1-limits0-points0-samples1]" file="tests/plot_test.py" line="46" time="0.043" /><testcase classname="tests.plot_test" name="test_pairplot_dep[None-None-None-hist-False-labels1-samples1]" file="tests/plot_test.py" line="86" time="0.054" /><testcase classname="tests.plot_test" name="test_sbc_rank_plot[hist-True-3-10]" file="tests/plot_test.py" line="248" time="0.109" /><testcase classname="tests.plot_test" name="test_pairplot[fig_kwargs1-None-None-None-None-labels1-figsize0-hist-scatter-lower_kwargs1-scatter-subset1-None-points0-samples0]" file="tests/plot_test.py" line="46" time="0.064" /><testcase classname="tests.plot_test" name="test_pairplot[None-None-None-None-ticks1-None-figsize0-hist-None-None-scatter-None-None-points0-samples0]" file="tests/plot_test.py" line="46" time="0.046" /><testcase classname="tests.plot_test" name="test_pairplot_dep[None-None-None-scatter-True-None-samples1]" file="tests/plot_test.py" line="86" time="0.043" /><testcase classname="tests.plot_test" name="test_pairplot[None-None-None-None-ticks1-None-figsize0-hist-scatter-lower_kwargs1-scatter-subset1-limits0-points0-samples1]" file="tests/plot_test.py" line="46" time="0.050" /><testcase classname="tests.plot_test" name="test_pairplot_dep[None-None-None-scatter-True-labels1-samples0]" file="tests/plot_test.py" line="86" time="0.043" /><testcase classname="tests.plot_test" name="test_pairplot[fig_kwargs1-None-None-None-ticks1-None-figsize0-hist-None-None-scatter-None-limits0-points0-samples0]" file="tests/plot_test.py" line="46" time="0.051" /><testcase classname="tests.plot_test" name="test_sbc_rank_plot[hist-True-4-4]" file="tests/plot_test.py" line="248" time="0.056" /><testcase classname="tests.plot_test" name="test_pairplot_dep[None-None-None-scatter-False-labels1-samples0]" file="tests/plot_test.py" line="86" time="0.051" /><testcase classname="tests.plot_test" name="test_pairplot[None-None-None-None-ticks1-labels1-figsize0-hist-None-None-scatter-None-None-points0-samples1]" file="tests/plot_test.py" line="46" time="0.091" /><testcase classname="tests.plot_test" name="test_pairplot[fig_kwargs1-None-None-None-ticks1-None-figsize0-hist-None-None-scatter-None-None-points0-samples0]" file="tests/plot_test.py" line="46" time="0.070" /><testcase classname="tests.plot_test" name="test_pairplot_discrete_indices[hist-kde]" file="tests/plot_test.py" line="491" time="0.145" /><testcase classname="tests.density_estimator_test" name="test_trainers_with_valid_and_invalid_estimator_builders[params6-NPE_C]" file="tests/density_estimator_test.py" line="632" time="0.017"><skipped type="pytest.xfail" message="Missing required parameters in density estimator builder." /></testcase><testcase classname="tests.plot_test" name="test_plotting_fails_for_insufficient_sample_label_length" file="tests/plot_test.py" line="321" time="0.002" /><testcase classname="tests.plot_test" name="test_plotting_subplot_aspect[False]" file="tests/plot_test.py" line="363" time="0.085" /><testcase classname="tests.plot_test" name="test_pairplot_dep[points1-points_labels0-samples_labels0-hist-True-labels1-samples1]" file="tests/plot_test.py" line="86" time="0.050" /><testcase classname="tests.plot_test" name="test_pairplot[fig_kwargs1-None-None-None-ticks1-None-figsize0-hist-scatter-lower_kwargs1-scatter-None-None-points0-samples1]" file="tests/plot_test.py" line="46" time="0.112" /><testcase classname="tests.plot_test" name="test_pairplot[None-None-None-None-ticks1-labels1-figsize0-hist-None-None-scatter-subset1-limits0-points0-samples0]" file="tests/plot_test.py" line="46" time="0.048" /><testcase classname="tests.plot_test" name="test_pairplot_dep[points1-points_labels0-samples_labels0-hist-False-None-samples0]" file="tests/plot_test.py" line="86" time="0.036" /><testcase classname="tests.plot_test" name="test_plotting_kwargs_validation[kwargs2]" file="tests/plot_test.py" line="398" time="0.003"><skipped type="pytest.xfail" message="" /></testcase><testcase classname="tests.plot_test" name="test_pairplot_dep[points1-points_labels0-samples_labels0-hist-False-labels1-samples1]" file="tests/plot_test.py" line="86" time="0.047" /><testcase classname="tests.plot_test" name="test_pairplot[None-None-None-None-ticks1-labels1-figsize0-hist-scatter-lower_kwargs1-scatter-None-limits0-points0-samples0]" file="tests/plot_test.py" line="46" time="0.047" /><testcase classname="tests.density_estimator_test" name="test_trainers_with_valid_and_invalid_estimator_builders[params11-NPE_C]" file="tests/density_estimator_test.py" line="632" time="0.015"><skipped type="pytest.xfail" message="Missing return of type ConditionalEstimator in density estimator builder." /></testcase><testcase classname="tests.plot_test" name="test_pairplot_discrete_edge_cases[multiple_samples]" file="tests/plot_test.py" line="501" time="0.091" /><testcase classname="tests.plot_test" name="test_pairplot_dep[points1-points_labels0-samples_labels0-scatter-True-None-samples0]" file="tests/plot_test.py" line="86" time="0.044" /><testcase classname="tests.plot_test" name="test_pairplot[None-None-None-None-ticks1-labels1-figsize0-hist-scatter-lower_kwargs1-scatter-None-limits0-points0-samples1]" file="tests/plot_test.py" line="46" time="0.102" /><testcase classname="tests.plot_test" name="test_pairplot[fig_kwargs1-None-None-None-ticks1-labels1-figsize0-hist-None-None-scatter-subset1-limits0-points0-samples0]" file="tests/plot_test.py" line="46" time="0.051" /><testcase classname="tests.embedding_net_test" name="test_embedding_net_api[mlp-2-NPE]" file="tests/embedding_net_test.py" line="41" time="0.624" /><testcase classname="tests.plot_test" name="test_pairplot_dep[points1-points_labels0-samples_labels0-scatter-False-labels1-samples1]" file="tests/plot_test.py" line="86" time="0.040" /><testcase classname="tests.plot_test" name="test_pairplot[fig_kwargs1-None-None-None-ticks1-labels1-figsize0-hist-None-None-scatter-subset1-limits0-points0-samples1]" file="tests/plot_test.py" line="46" time="0.045" /><testcase classname="tests.posterior_nn_test" name="test_log_prob_with_different_x[0-NPE_A]" file="tests/posterior_nn_test.py" line="40" time="0.891" /><testcase classname="tests.plot_test" name="test_pairplot_dep[points1-points_labels0-None-hist-True-None-samples0]" file="tests/plot_test.py" line="86" time="0.312" /><testcase classname="tests.plot_test" name="test_pairplot[None-None-diag_kwargs1-None-None-None-figsize0-hist-None-None-scatter-None-None-points0-samples0]" file="tests/plot_test.py" line="46" time="0.039" /><testcase classname="tests.plot_test" name="test_pairplot[fig_kwargs1-None-None-None-ticks1-labels1-figsize0-hist-None-None-scatter-subset1-None-points0-samples1]" file="tests/plot_test.py" line="46" time="0.064" /><testcase classname="tests.plot_test" name="test_pairplot[None-None-diag_kwargs1-None-None-None-figsize0-hist-None-None-scatter-subset1-limits0-points0-samples0]" file="tests/plot_test.py" line="46" time="0.047" /><testcase classname="tests.plot_test" name="test_pairplot[fig_kwargs1-None-None-None-ticks1-labels1-figsize0-hist-scatter-lower_kwargs1-scatter-None-None-points0-samples1]" file="tests/plot_test.py" line="46" time="0.102" /><testcase classname="tests.plot_test" name="test_pairplot[None-None-diag_kwargs1-None-None-labels1-figsize0-hist-None-None-scatter-None-limits0-points0-samples1]" file="tests/plot_test.py" line="46" time="0.311" /><testcase classname="tests.plot_test" name="test_pairplot[fig_kwargs1-None-None-None-ticks1-labels1-figsize0-hist-scatter-lower_kwargs1-scatter-subset1-None-points0-samples0]" file="tests/plot_test.py" line="46" time="0.338" /><testcase classname="tests.plot_test" name="test_plotting_kwargs_validation[kwargs6]" file="tests/plot_test.py" line="398" time="0.094" /><testcase classname="tests.plot_test" name="test_pairplot_dep[points1-points_labels0-None-hist-True-labels1-samples0]" file="tests/plot_test.py" line="86" time="0.041" /><testcase classname="tests.plot_test" name="test_pairplot_dep[points1-points_labels0-None-scatter-True-None-samples0]" file="tests/plot_test.py" line="86" time="0.057" /><testcase classname="tests.embedding_net_test" name="test_transformer_embedding[24-config1]" file="tests/embedding_net_test.py" line="249" time="1.005" /><testcase classname="tests.plot_test" name="test_plotting_kwargs_validation[kwargs12]" file="tests/plot_test.py" line="398" time="0.096" /><testcase classname="tests.plot_test" name="test_pairplot_dep[points1-points_labels0-None-scatter-True-None-samples1]" file="tests/plot_test.py" line="86" time="0.048" /><testcase classname="tests.plot_test" name="test_pairplot[None-None-diag_kwargs1-None-None-labels1-figsize0-hist-scatter-lower_kwargs1-scatter-subset1-limits0-points0-samples1]" file="tests/plot_test.py" line="46" time="0.048" /><testcase classname="tests.plot_test" name="test_pairplot_dep[points1-points_labels0-None-scatter-True-labels1-samples0]" file="tests/plot_test.py" line="86" time="0.048" /><testcase classname="tests.plot_test" name="test_pairplot[None-None-diag_kwargs1-None-ticks1-None-figsize0-hist-None-None-scatter-None-limits0-points0-samples0]" file="tests/plot_test.py" line="46" time="0.041" /><testcase classname="tests.plot_test" name="test_plotting_style_arguments_validation[kwargs0]" file="tests/plot_test.py" line="445" time="0.004"><skipped type="pytest.xfail" message="" /></testcase><testcase classname="tests.plot_test" name="test_pairplot[None-None-diag_kwargs1-None-ticks1-None-figsize0-hist-None-None-scatter-None-None-points0-samples1]" file="tests/plot_test.py" line="46" time="0.086" /><testcase classname="tests.plot_test" name="test_pairplot_dep[points1-points_labels0-None-scatter-True-labels1-samples1]" file="tests/plot_test.py" line="86" time="0.054" /><testcase classname="tests.plot_test" name="test_pairplot[fig_kwargs1-None-diag_kwargs1-None-None-None-figsize0-hist-None-None-scatter-None-None-points0-samples0]" file="tests/plot_test.py" line="46" time="0.045" /><testcase classname="tests.embedding_net_test" name="test_embedding_net_api[mlp-2-NLE]" file="tests/embedding_net_test.py" line="41" time="10.026" /><testcase classname="tests.plot_test" name="test_pairplot_dep[points1-points_labels0-None-scatter-False-labels1-samples0]" file="tests/plot_test.py" line="86" time="0.037" /><testcase classname="tests.plot_test" name="test_pairplot[fig_kwargs1-None-diag_kwargs1-None-None-None-figsize0-hist-scatter-lower_kwargs1-scatter-subset1-None-points0-samples1]" file="tests/plot_test.py" line="46" time="0.055" /><testcase classname="tests.plot_test" name="test_plotting_style_arguments_validation[kwargs2]" file="tests/plot_test.py" line="445" time="0.003"><skipped type="pytest.xfail" message="" /></testcase><testcase classname="tests.plot_test" name="test_pairplot[None-None-diag_kwargs1-None-ticks1-None-figsize0-hist-None-None-scatter-subset1-limits0-points0-samples0]" file="tests/plot_test.py" line="46" time="0.044" /><testcase classname="tests.plot_test" name="test_pairplot_dep[points1-None-samples_labels0-hist-True-None-samples0]" file="tests/plot_test.py" line="86" time="0.053" /><testcase classname="tests.plot_test" name="test_pairplot[fig_kwargs1-None-diag_kwargs1-None-None-labels1-figsize0-hist-None-None-scatter-None-limits0-points0-samples1]" file="tests/plot_test.py" line="46" time="0.111" /><testcase classname="tests.plot_test" name="test_plotting_style_arguments_validation[kwargs6]" file="tests/plot_test.py" line="445" time="0.074" /><testcase classname="tests.plot_test" name="test_pairplot[None-None-diag_kwargs1-None-ticks1-labels1-figsize0-hist-None-None-scatter-None-limits0-points0-samples1]" file="tests/plot_test.py" line="46" time="0.093" /><testcase classname="tests.sbiutils_test" name="test_z_scoring_structured[likelihood_nn-transform_to_unconstrained-structured]" file="tests/sbiutils_test.py" line="423" time="0.031" /><testcase classname="tests.sbiutils_test" name="test_z_scoring_structured[posterior_nn-none-None]" file="tests/sbiutils_test.py" line="423" time="0.041" /><testcase classname="tests.plot_test" name="test_plotting_style_arguments_validation[kwargs13]" file="tests/plot_test.py" line="445" time="0.079" /><testcase classname="tests.sbiutils_test" name="test_z_scoring_structured[posterior_nn-none-structured]" file="tests/sbiutils_test.py" line="423" time="0.043" /><testcase classname="tests.plot_test" name="test_pairplot[None-None-diag_kwargs1-None-ticks1-labels1-figsize0-hist-None-None-scatter-subset1-limits0-points0-samples0]" file="tests/plot_test.py" line="46" time="0.047" /><testcase classname="tests.plot_test" name="test_pairplot[fig_kwargs1-None-diag_kwargs1-None-None-labels1-figsize0-hist-None-None-scatter-subset1-limits0-points0-samples0]" file="tests/plot_test.py" line="46" time="0.040" /><testcase classname="tests.sbiutils_test" name="test_z_scoring_structured[posterior_nn-none-transform_to_unconstrained]" file="tests/sbiutils_test.py" line="423" time="0.035" /><testcase classname="tests.plot_test" name="test_pairplot[None-None-diag_kwargs1-None-ticks1-labels1-figsize0-hist-scatter-lower_kwargs1-scatter-None-None-points0-samples1]" file="tests/plot_test.py" line="46" time="0.089" /><testcase classname="tests.plot_test" name="test_pairplot[fig_kwargs1-None-diag_kwargs1-None-None-labels1-figsize0-hist-None-None-scatter-subset1-None-points0-samples0]" file="tests/plot_test.py" line="46" time="0.049" /><testcase classname="tests.plot_test" name="test_plotting_style_arguments_validation[kwargs17]" file="tests/plot_test.py" line="445" time="0.070" /><testcase classname="tests.sbiutils_test" name="test_z_scoring_structured[posterior_nn-independent-None]" file="tests/sbiutils_test.py" line="423" time="0.032" /><testcase classname="tests.plot_test" name="test_pairplot[fig_kwargs1-None-diag_kwargs1-None-None-labels1-figsize0-hist-scatter-lower_kwargs1-scatter-None-None-points0-samples1]" file="tests/plot_test.py" line="46" time="0.089" /><testcase classname="tests.sbiutils_test" name="test_z_scoring_structured[posterior_nn-structured-structured]" file="tests/sbiutils_test.py" line="423" time="0.044" /><testcase classname="tests.plot_test" name="test_plotting_style_arguments_validation[kwargs20]" file="tests/plot_test.py" line="445" time="0.093" /><testcase classname="tests.plot_test" name="test_pairplot[None-None-diag_kwargs1-None-ticks1-labels1-figsize0-hist-scatter-lower_kwargs1-scatter-subset1-limits0-points0-samples1]" file="tests/plot_test.py" line="46" time="0.054" /><testcase classname="tests.posterior_nn_test" name="test_log_prob_with_different_x[1-NPE_A]" file="tests/posterior_nn_test.py" line="40" time="0.172" /><testcase classname="tests.sbiutils_test" name="test_z_scoring_structured[posterior_nn-transform_to_unconstrained-none]" file="tests/sbiutils_test.py" line="423" time="0.028" /><testcase classname="tests.sbiutils_test" name="test_z_scoring_structured[classifier_nn-None-None]" file="tests/sbiutils_test.py" line="423" time="0.008" /><testcase classname="tests.plot_test" name="test_pairplot[fig_kwargs1-None-diag_kwargs1-None-ticks1-None-figsize0-hist-scatter-lower_kwargs1-scatter-None-limits0-points0-samples0]" file="tests/plot_test.py" line="46" time="0.049" /><testcase classname="tests.plot_test" name="test_pairplot[fig_kwargs1-None-None-None-None-None-figsize0-hist-None-None-scatter-None-None-points0-samples0]" file="tests/plot_test.py" line="46" time="0.040" /><testcase classname="tests.sbiutils_test" name="test_z_scoring_structured[classifier_nn-None-transform_to_unconstrained]" file="tests/sbiutils_test.py" line="423" time="0.005" /><testcase classname="tests.sbiutils_test" name="test_z_scoring_structured[classifier_nn-none-none]" file="tests/sbiutils_test.py" line="423" time="0.006" /><testcase classname="tests.sbiutils_test" name="test_z_scoring_structured[classifier_nn-none-independent]" file="tests/sbiutils_test.py" line="423" time="0.006" /><testcase classname="tests.sbiutils_test" name="test_z_scoring_structured[classifier_nn-independent-none]" file="tests/sbiutils_test.py" line="423" time="0.009" /><testcase classname="tests.sbiutils_test" name="test_z_scoring_structured[classifier_nn-structured-none]" file="tests/sbiutils_test.py" line="423" time="0.010" /><testcase classname="tests.plot_test" name="test_pairplot_discrete_indices[scatter-kde]" file="tests/plot_test.py" line="491" time="0.306" /><testcase classname="tests.plot_test" name="test_pairplot[fig_kwargs1-None-None-None-None-None-figsize0-hist-None-None-scatter-subset1-limits0-points0-samples1]" file="tests/plot_test.py" line="46" time="0.047" /><testcase classname="tests.sbiutils_test" name="test_z_scoring_structured[classifier_nn-transform_to_unconstrained-None]" file="tests/sbiutils_test.py" line="423" time="0.005" /><testcase classname="tests.plot_test" name="test_pairplot[fig_kwargs1-None-diag_kwargs1-None-ticks1-None-figsize0-hist-scatter-lower_kwargs1-scatter-None-None-points0-samples0]" file="tests/plot_test.py" line="46" time="0.042" /><testcase classname="tests.sbiutils_test" name="test_z_scoring_structured[classifier_nn-transform_to_unconstrained-transform_to_unconstrained]" file="tests/sbiutils_test.py" line="423" time="0.003" /><testcase classname="tests.sbiutils_test" name="test_transform_to_unconstrained_raises_for_unsupported_builders[build_linear_classifier]" file="tests/sbiutils_test.py" line="548" time="0.002" /><testcase classname="tests.sbiutils_test" name="test_transform_to_unconstrained_raises_for_unsupported_builders[build_mlp_classifier]" file="tests/sbiutils_test.py" line="548" time="0.002" /><testcase classname="tests.sbiutils_test" name="test_transform_to_unconstrained_raises_for_vector_field[score]" file="tests/sbiutils_test.py" line="595" time="0.002" /><testcase classname="tests.sbiutils_test.TestWarnIfInvalidForZscoring" name="test_identifies_correct_dimensions" file="tests/sbiutils_test.py" line="664" time="0.006" /><testcase classname="tests.score_samplers_test" name="test_score_fn_iid_on_different_priors[1-fnpe-vp]" file="tests/score_samplers_test.py" line="43" time="0.007" /><testcase classname="tests.score_samplers_test" name="test_score_fn_iid_on_different_priors[1-fnpe-subvp]" file="tests/score_samplers_test.py" line="43" time="0.005" /><testcase classname="tests.score_samplers_test" name="test_score_fn_iid_on_different_priors[1-gauss-vp]" file="tests/score_samplers_test.py" line="43" time="0.279" /><testcase classname="tests.plot_test" name="test_pairplot[fig_kwargs1-None-None-None-None-None-figsize0-hist-scatter-lower_kwargs1-scatter-None-limits0-points0-samples0]" file="tests/plot_test.py" line="46" time="0.044" /><testcase classname="tests.plot_test" name="test_pairplot[fig_kwargs1-None-diag_kwargs1-None-ticks1-None-figsize0-hist-scatter-lower_kwargs1-scatter-None-None-points0-samples1]" file="tests/plot_test.py" line="46" time="0.092" /><testcase classname="tests.posterior_nn_test" name="test_log_prob_with_different_x[1-NPE_C]" file="tests/posterior_nn_test.py" line="40" time="0.504" /><testcase classname="tests.plot_test" name="test_pairplot[fig_kwargs1-None-None-None-None-None-figsize0-hist-scatter-lower_kwargs1-scatter-subset1-limits0-points0-samples1]" file="tests/plot_test.py" line="46" time="0.049" /><testcase classname="tests.plot_test" name="test_pairplot[fig_kwargs1-None-diag_kwargs1-None-ticks1-labels1-figsize0-hist-None-None-scatter-subset1-limits0-points0-samples1]" file="tests/plot_test.py" line="46" time="0.047" /><testcase classname="tests.plot_test" name="test_pairplot[fig_kwargs1-None-None-None-None-None-figsize0-hist-scatter-lower_kwargs1-scatter-subset1-None-points0-samples0]" file="tests/plot_test.py" line="46" time="0.047" /><testcase classname="tests.plot_test" name="test_pairplot[fig_kwargs1-None-diag_kwargs1-None-ticks1-labels1-figsize0-hist-scatter-lower_kwargs1-scatter-None-None-points0-samples0]" file="tests/plot_test.py" line="46" time="0.047" /><testcase classname="tests.plot_test" name="test_pairplot[fig_kwargs1-None-None-None-None-labels1-figsize0-hist-None-None-scatter-None-None-points0-samples1]" file="tests/plot_test.py" line="46" time="0.088" /><testcase classname="tests.plot_test" name="test_pairplot[fig_kwargs1-None-diag_kwargs1-None-ticks1-labels1-figsize0-hist-scatter-lower_kwargs1-scatter-subset1-limits0-points0-samples1]" file="tests/plot_test.py" line="46" time="0.048" /><testcase classname="tests.plot_test" name="test_pairplot[fig_kwargs1-None-None-None-None-labels1-figsize0-hist-None-None-scatter-subset1-limits0-points0-samples1]" file="tests/plot_test.py" line="46" time="0.283" /><testcase classname="tests.plot_test" name="test_pairplot_dep[None-points_labels0-samples_labels0-hist-True-labels1-samples0]" file="tests/plot_test.py" line="86" time="0.039" /><testcase classname="tests.sbiutils_test" name="test_conditional_corrcoeff[0.99]" file="tests/sbiutils_test.py" line="172" time="0.017" /><testcase classname="tests.sbiutils_test" name="test_conditional_corrcoeff[0.95]" file="tests/sbiutils_test.py" line="172" time="0.022" /><testcase classname="tests.score_samplers_test" name="test_score_fn_iid_on_different_priors[1-jac_gauss-subvp]" file="tests/score_samplers_test.py" line="43" time="0.563" /><testcase classname="tests.plot_test" name="test_pairplot_dep[None-points_labels0-samples_labels0-hist-True-labels1-samples1]" file="tests/plot_test.py" line="86" time="0.044" /><testcase classname="tests.sbiutils_test" name="test_average_cond_coeff_matrix" file="tests/sbiutils_test.py" line="190" time="0.060" /><testcase classname="tests.plot_test" name="test_pairplot_dep[None-points_labels0-samples_labels0-hist-False-labels1-samples0]" file="tests/plot_test.py" line="86" time="0.286" /><testcase classname="tests.sbiutils_test" name="test_kde[cv-False-None]" file="tests/sbiutils_test.py" line="329" time="0.177" /><testcase classname="tests.embedding_net_test" name="test_transformer_embedding[13-config1]" file="tests/embedding_net_test.py" line="249" time="0.683" /><testcase classname="tests.score_samplers_test" name="test_score_fn_iid_on_different_priors[3-auto_gauss-vp]" file="tests/score_samplers_test.py" line="43" time="16.652" /><testcase classname="tests.sbiutils_test" name="test_kde[scott-False-transform1]" file="tests/sbiutils_test.py" line="329" time="0.005" /><testcase classname="tests.sbiutils_test" name="test_z_score_parser[True-False]" file="tests/sbiutils_test.py" line="368" time="0.003" /><testcase classname="tests.sbiutils_test" name="test_z_score_parser[True-invalid_value]" file="tests/sbiutils_test.py" line="368" time="0.002"><skipped type="pytest.xfail" message="Invalid z-scoring option should raise ValueError." /></testcase><testcase classname="tests.posterior_nn_test" name="test_log_prob_with_different_x[2-NPE_A]" file="tests/posterior_nn_test.py" line="40" time="0.082"><skipped type="pytest.xfail" message=".log_prob() supports only batch size 1 for x_o." /></testcase><testcase classname="tests.sbiutils_test" name="test_z_score_parser[False-False]" file="tests/sbiutils_test.py" line="368" time="0.002" /><testcase classname="tests.sbiutils_test" name="test_z_score_parser[False-invalid_value]" file="tests/sbiutils_test.py" line="368" time="0.002"><skipped type="pytest.xfail" message="Invalid z-scoring option should raise ValueError." /></testcase><testcase classname="tests.sbiutils_test" name="test_z_score_parser[None-False]" file="tests/sbiutils_test.py" line="368" time="0.012" /><testcase classname="tests.sbiutils_test" name="test_z_score_parser[None-invalid_value]" file="tests/sbiutils_test.py" line="368" time="0.002"><skipped type="pytest.xfail" message="Invalid z-scoring option should raise ValueError." /></testcase><testcase classname="tests.plot_test" name="test_pairplot_dep[None-points_labels0-samples_labels0-scatter-True-None-samples1]" file="tests/plot_test.py" line="86" time="0.047" /><testcase classname="tests.sbiutils_test" name="test_z_score_parser[none-False]" file="tests/sbiutils_test.py" line="368" time="0.002" /><testcase classname="tests.sbiutils_test" name="test_z_score_parser[none-invalid_value]" file="tests/sbiutils_test.py" line="368" time="0.002"><skipped type="pytest.xfail" message="Invalid z-scoring option should raise ValueError." /></testcase><testcase classname="tests.posterior_nn_test" name="test_importance_posterior_sample_log_prob[NRE_B]" file="tests/posterior_nn_test.py" line="83" time="0.185" /><testcase classname="tests.sbiutils_test" name="test_z_score_parser[independent-False]" file="tests/sbiutils_test.py" line="368" time="0.002" /><testcase classname="tests.plot_test" name="test_pairplot_dep[None-points_labels0-samples_labels0-scatter-True-labels1-samples0]" file="tests/plot_test.py" line="86" time="0.042" /><testcase classname="tests.sbiutils_test" name="test_z_score_parser[independent-invalid_value]" file="tests/sbiutils_test.py" line="368" time="0.002"><skipped type="pytest.xfail" message="Invalid z-scoring option should raise ValueError." /></testcase><testcase classname="tests.sbiutils_test" name="test_z_score_parser[structured-False]" file="tests/sbiutils_test.py" line="368" time="0.002" /><testcase classname="tests.sbiutils_test" name="test_z_score_parser[structured-invalid_value]" file="tests/sbiutils_test.py" line="368" time="0.002"><skipped type="pytest.xfail" message="Invalid z-scoring option should raise ValueError." /></testcase><testcase classname="tests.plot_test" name="test_pairplot_dep[None-points_labels0-samples_labels0-scatter-False-labels1-samples0]" file="tests/plot_test.py" line="86" time="0.040" /><testcase classname="tests.sbiutils_test" name="test_z_score_parser[transform_to_unconstrained-False]" file="tests/sbiutils_test.py" line="368" time="0.002" /><testcase classname="tests.sbiutils_test" name="test_z_score_parser[transform_to_unconstrained-invalid_value]" file="tests/sbiutils_test.py" line="368" time="0.002"><skipped type="pytest.xfail" message="Invalid z-scoring option should raise ValueError." /></testcase><testcase classname="tests.sbiutils_test" name="test_z_score_parser[invalid_value-False]" file="tests/sbiutils_test.py" line="368" time="0.002"><skipped type="pytest.xfail" message="Invalid z-scoring option should raise ValueError." /></testcase><testcase classname="tests.score_samplers_test" name="test_gaussian_score_sampling[1.0--1.0-input_event_shape0-langevin-euler_maruyama-vp]" file="tests/score_samplers_test.py" line="171" time="0.629" /><testcase classname="tests.sbiutils_test" name="test_z_score_parser[invalid_value-invalid_value]" file="tests/sbiutils_test.py" line="368" time="0.002"><skipped type="pytest.xfail" message="Invalid z-scoring option should raise ValueError." /></testcase><testcase classname="tests.sbiutils_test" name="test_z_scoring_structured[likelihood_nn-None-None]" file="tests/sbiutils_test.py" line="423" time="0.028" /><testcase classname="tests.sbiutils_test" name="test_z_scoring_structured[likelihood_nn-None-none]" file="tests/sbiutils_test.py" line="423" time="0.024" /><testcase classname="tests.sbiutils_test" name="test_z_scoring_structured[likelihood_nn-independent-structured]" file="tests/sbiutils_test.py" line="423" time="0.025" /><testcase classname="tests.posterior_nn_test" name="test_importance_posterior_sample_log_prob[NRE_C]" file="tests/posterior_nn_test.py" line="83" time="0.150" /><testcase classname="tests.score_samplers_test" name="test_score_fn_iid_on_different_priors[2-jac_gauss-vp]" file="tests/score_samplers_test.py" line="43" time="0.336" /><testcase classname="tests.sbiutils_test" name="test_z_scoring_structured[likelihood_nn-structured-independent]" file="tests/sbiutils_test.py" line="423" time="0.025" /><testcase classname="tests.sbiutils_test" name="test_z_scoring_structured[likelihood_nn-structured-transform_to_unconstrained]" file="tests/sbiutils_test.py" line="423" time="0.024" /><testcase classname="tests.torchutils_test" name="test_process_device[cuda:0]" file="tests/torchutils_test.py" line="207" time="0.004" /><testcase classname="tests.training_dataclasses_test" name="test_loss_args_dataclass_validation[NPE_C-loss_args3]" file="tests/training_dataclasses_test.py" line="20" time="6.953" /><testcase classname="tests.posterior_nn_test" name="test_batched_sample_log_prob_with_different_x[mvn-0-NPE_C]" file="tests/posterior_nn_test.py" line="110" time="0.479" /><testcase classname="tests.embedding_net_test" name="test_transformer_embedding[5-config1]" file="tests/embedding_net_test.py" line="249" time="0.475" /><testcase classname="tests.score_samplers_test" name="test_score_fn_iid_on_different_priors[2-jac_gauss-subvp]" file="tests/score_samplers_test.py" line="43" time="0.355" /><testcase classname="tests.score_samplers_test" name="test_gaussian_score_sampling[1.0--1.0-input_event_shape1-gibbs-euler_maruyama-vp]" file="tests/score_samplers_test.py" line="171" time="1.546" /><testcase classname="tests.posterior_nn_test" name="test_batched_sample_log_prob_with_different_x[mvn-1-NPE_C]" file="tests/posterior_nn_test.py" line="110" time="0.433" /><testcase classname="tests.bm_test" name="test_run_benchmark[NPE_C-extra_kwargs0-linear_mvg_2d]" file="tests/bm_test.py" line="254" time="0.002"><skipped type="pytest.skip" message="Benchmarking disabled">/private/var/folders/kl/rt7z22ss2b35p0r16qlx0xdh0000gn/T/opencode/sbi/tests/bm_test.py:255: Benchmarking disabled</skipped></testcase><testcase classname="tests.bm_test" name="test_run_benchmark[NPE_C-extra_kwargs0-gaussian_linear]" file="tests/bm_test.py" line="254" time="0.002"><skipped type="pytest.skip" message="Benchmarking disabled">/private/var/folders/kl/rt7z22ss2b35p0r16qlx0xdh0000gn/T/opencode/sbi/tests/bm_test.py:255: Benchmarking disabled</skipped></testcase><testcase classname="tests.bm_test" name="test_run_benchmark[NPE_PFN-extra_kwargs0-linear_mvg_2d]" file="tests/bm_test.py" line="254" time="0.001"><skipped type="pytest.skip" message="Benchmarking disabled">/private/var/folders/kl/rt7z22ss2b35p0r16qlx0xdh0000gn/T/opencode/sbi/tests/bm_test.py:255: Benchmarking disabled</skipped></testcase><testcase classname="tests.bm_test" name="test_run_benchmark[NRE_B-extra_kwargs0-slcp]" file="tests/bm_test.py" line="254" time="0.001"><skipped type="pytest.skip" message="Benchmarking disabled">/private/var/folders/kl/rt7z22ss2b35p0r16qlx0xdh0000gn/T/opencode/sbi/tests/bm_test.py:255: Benchmarking disabled</skipped></testcase><testcase classname="tests.bm_test" name="test_run_benchmark[FMPE-extra_kwargs0-linear_mvg_2d]" file="tests/bm_test.py" line="254" time="0.002"><skipped type="pytest.skip" message="Benchmarking disabled">/private/var/folders/kl/rt7z22ss2b35p0r16qlx0xdh0000gn/T/opencode/sbi/tests/bm_test.py:255: Benchmarking disabled</skipped></testcase><testcase classname="tests.bm_test" name="test_run_benchmark[FMPE-extra_kwargs0-gaussian_linear]" file="tests/bm_test.py" line="254" time="0.002"><skipped type="pytest.skip" message="Benchmarking disabled">/private/var/folders/kl/rt7z22ss2b35p0r16qlx0xdh0000gn/T/opencode/sbi/tests/bm_test.py:255: Benchmarking disabled</skipped></testcase><testcase classname="tests.bm_test" name="test_run_benchmark[NPSE-extra_kwargs0-linear_mvg_2d]" file="tests/bm_test.py" line="254" time="0.002"><skipped type="pytest.skip" message="Benchmarking disabled">/private/var/folders/kl/rt7z22ss2b35p0r16qlx0xdh0000gn/T/opencode/sbi/tests/bm_test.py:255: Benchmarking disabled</skipped></testcase><testcase classname="tests.bm_test" name="test_run_benchmark[NPSE-extra_kwargs0-gaussian_linear]" file="tests/bm_test.py" line="254" time="0.002"><skipped type="pytest.skip" message="Benchmarking disabled">/private/var/folders/kl/rt7z22ss2b35p0r16qlx0xdh0000gn/T/opencode/sbi/tests/bm_test.py:255: Benchmarking disabled</skipped></testcase><testcase classname="tests.circular_import_test" name="test_for_circular_imports" file="tests/circular_import_test.py" line="73" time="10.073" /><testcase classname="tests.embedding_net_test" name="test_transformer_embedding_scalar_timeseries[20]" file="tests/embedding_net_test.py" line="326" time="0.380" /><testcase classname="tests.score_samplers_test" name="test_score_fn_iid_on_different_priors[3-gauss-ve]" file="tests/score_samplers_test.py" line="43" time="0.381" /><testcase classname="tests.posterior_nn_test" name="test_batched_sample_log_prob_with_different_x[mvn-2-NPE_C]" file="tests/posterior_nn_test.py" line="110" time="0.712" /><testcase classname="tests.embedding_net_test" name="test_1d_causal_cnn_embedding_net[2-input_shape0]" file="tests/embedding_net_test.py" line="405" time="0.765" /><testcase classname="tests.score_samplers_test" name="test_gaussian_score_sampling[0.1-1.0-input_event_shape1-langevin-euler_maruyama-ve]" file="tests/score_samplers_test.py" line="171" time="1.023" /><testcase classname="tests.density_estimator_test" name="test_correctness_of_density_estimator_log_prob[1-condition_event_shape0-input_event_shape0-build_zuko_nice]" file="tests/density_estimator_test.py" line="233" time="0.015" /><testcase classname="tests.density_estimator_test" name="test_correctness_of_density_estimator_log_prob[1-condition_event_shape0-input_event_shape1-build_made]" file="tests/density_estimator_test.py" line="233" time="0.018" /><testcase classname="tests.density_estimator_test" name="test_correctness_of_density_estimator_log_prob[1-condition_event_shape0-input_event_shape1-build_zuko_bpf]" file="tests/density_estimator_test.py" line="233" time="0.025" /><testcase classname="tests.density_estimator_test" name="test_correctness_of_density_estimator_log_prob[1-condition_event_shape0-input_event_shape1-build_zuko_gf]" file="tests/density_estimator_test.py" line="233" time="0.030" /><testcase classname="tests.density_estimator_test" name="test_correctness_of_density_estimator_log_prob[1-condition_event_shape1-input_event_shape0-build_made]" file="tests/density_estimator_test.py" line="233" time="0.107" /><testcase classname="tests.posterior_nn_test" name="test_batched_sample_log_prob_with_different_x[uniform-0-NPE_A]" file="tests/posterior_nn_test.py" line="110" time="0.087" /><testcase classname="tests.density_estimator_test" name="test_correctness_of_density_estimator_log_prob[1-condition_event_shape1-input_event_shape0-build_zuko_gf]" file="tests/density_estimator_test.py" line="233" time="0.014" /><testcase classname="tests.density_estimator_test" name="test_correctness_of_density_estimator_log_prob[1-condition_event_shape1-input_event_shape0-build_zuko_nsf]" file="tests/density_estimator_test.py" line="233" time="0.019" /><testcase classname="tests.embedding_net_test" name="test_1d_ResNet_fc_embedding_net[2-2-20-input_shape0]" file="tests/embedding_net_test.py" line="572" time="0.258" /><testcase classname="tests.density_estimator_test" name="test_correctness_of_density_estimator_log_prob[1-condition_event_shape1-input_event_shape1-build_maf_rqs]" file="tests/density_estimator_test.py" line="233" time="0.022" /><testcase classname="tests.posterior_nn_test" name="test_batched_sample_log_prob_with_different_x[uniform-2-NPE_C]" file="tests/posterior_nn_test.py" line="110" time="1.744" /><testcase classname="tests.density_estimator_test" name="test_correctness_of_density_estimator_log_prob[1-condition_event_shape1-input_event_shape1-build_nsf]" file="tests/density_estimator_test.py" line="233" time="0.025" /><testcase classname="tests.density_estimator_test" name="test_correctness_of_density_estimator_log_prob[1-condition_event_shape1-input_event_shape1-build_zuko_bpf]" file="tests/density_estimator_test.py" line="233" time="0.017" /><testcase classname="tests.density_estimator_test" name="test_correctness_of_density_estimator_log_prob[1-condition_event_shape1-input_event_shape1-build_zuko_naf]" file="tests/density_estimator_test.py" line="233" time="0.030" /><testcase classname="tests.density_estimator_test" name="test_correctness_of_density_estimator_log_prob[1-condition_event_shape1-input_event_shape1-build_zuko_ncsf]" file="tests/density_estimator_test.py" line="233" time="0.040" /><testcase classname="tests.density_estimator_test" name="test_correctness_of_density_estimator_log_prob[1-condition_event_shape1-input_event_shape1-build_zuko_nsf]" file="tests/density_estimator_test.py" line="233" time="0.029" /><testcase classname="tests.density_estimator_test" name="test_correctness_of_density_estimator_log_prob[10-condition_event_shape0-input_event_shape0-build_made]" file="tests/density_estimator_test.py" line="233" time="0.021" /><testcase classname="tests.density_estimator_test" name="test_correctness_of_density_estimator_log_prob[10-condition_event_shape0-input_event_shape0-build_maf]" file="tests/density_estimator_test.py" line="233" time="0.020" /><testcase classname="tests.density_estimator_test" name="test_correctness_of_density_estimator_log_prob[10-condition_event_shape0-input_event_shape0-build_nsf]" file="tests/density_estimator_test.py" line="233" time="0.019" /><testcase classname="tests.score_samplers_test" name="test_gaussian_score_sampling[1.0--1.0-input_event_shape1-gibbs-euler_maruyama-subvp]" file="tests/score_samplers_test.py" line="171" time="1.824" /><testcase classname="tests.density_estimator_test" name="test_correctness_of_density_estimator_log_prob[10-condition_event_shape0-input_event_shape0-build_zuko_maf]" file="tests/density_estimator_test.py" line="233" time="0.013" /><testcase classname="tests.embedding_net_test" name="test_1d_ResNet_fc_embedding_net[2-20-20-input_shape0]" file="tests/embedding_net_test.py" line="572" time="0.322" /><testcase classname="tests.density_estimator_test" name="test_correctness_of_density_estimator_log_prob[10-condition_event_shape0-input_event_shape0-build_zuko_nice]" file="tests/density_estimator_test.py" line="233" time="0.012" /><testcase classname="tests.sensitivity_analysis_test" name="test_destandardize_and_destandardizing_net_forward" file="tests/sensitivity_analysis_test.py" line="92" time="0.003" /><testcase classname="tests.sensitivity_analysis_test" name="test_build_input_output_layer_shapes_and_types[False-False]" file="tests/sensitivity_analysis_test.py" line="131" time="0.005" /><testcase classname="tests.sensitivity_analysis_test" name="test_add_property_and_train_models[prior_with_stats-None-mlp]" file="tests/sensitivity_analysis_test.py" line="171" time="0.033" /><testcase classname="tests.density_estimator_test" name="test_correctness_of_density_estimator_log_prob[10-condition_event_shape1-input_event_shape0-build_made]" file="tests/density_estimator_test.py" line="233" time="0.012" /><testcase classname="tests.density_estimator_test" name="test_correctness_of_density_estimator_log_prob[10-condition_event_shape1-input_event_shape0-build_zuko_naf]" file="tests/density_estimator_test.py" line="233" time="0.019" /><testcase classname="tests.sensitivity_analysis_test" name="test_add_property_and_train_models[prior_without_stats-None-mlp]" file="tests/sensitivity_analysis_test.py" line="171" time="0.034" /><testcase classname="tests.density_estimator_test" name="test_correctness_of_density_estimator_log_prob[10-condition_event_shape1-input_event_shape0-build_zuko_nsf]" file="tests/density_estimator_test.py" line="233" time="0.021" /><testcase classname="tests.density_estimator_test" name="test_correctness_of_density_estimator_log_prob[10-condition_event_shape1-input_event_shape1-build_made]" file="tests/density_estimator_test.py" line="233" time="0.014" /><testcase classname="tests.sensitivity_analysis_test" name="test_add_property_with_callable_model[prior_with_stats]" file="tests/sensitivity_analysis_test.py" line="206" time="0.007" /><testcase classname="tests.sensitivity_analysis_test" name="test_train_reuses_existing_net[prior_with_stats]" file="tests/sensitivity_analysis_test.py" line="228" time="0.039" /><testcase classname="tests.density_estimator_test" name="test_correctness_of_density_estimator_log_prob[10-condition_event_shape1-input_event_shape1-build_zuko_ncsf]" file="tests/density_estimator_test.py" line="233" time="0.103" /><testcase classname="tests.sensitivity_analysis_test" name="test_find_directions_with_regression_net[prior_without_stats-True]" file="tests/sensitivity_analysis_test.py" line="238" time="0.035" /><testcase classname="tests.sensitivity_analysis_test" name="test_find_directions_with_posterior_log_prob_warns[prior_without_stats]" file="tests/sensitivity_analysis_test.py" line="262" time="0.034" /><testcase classname="tests.sensitivity_analysis_test" name="test_project_after_find_directions[prior_with_stats-False]" file="tests/sensitivity_analysis_test.py" line="289" time="0.038" /><testcase classname="tests.density_estimator_test" name="test_log_prob_without_sample_dim[1-condition_event_shape0-input_event_shape1-build_nsf]" file="tests/density_estimator_test.py" line="256" time="0.036" /><testcase classname="tests.simulator_utils_test" name="test_simulate_in_batches[None-diagonal_linear_gaussian-1-0]" file="tests/simulator_utils_test.py" line="14" time="0.008" /><testcase classname="tests.density_estimator_test" name="test_log_prob_without_sample_dim[1-condition_event_shape1-input_event_shape1-build_nsf]" file="tests/density_estimator_test.py" line="256" time="0.030" /><testcase classname="tests.simulator_utils_test" name="test_simulate_in_batches[None-diagonal_linear_gaussian-10-10]" file="tests/simulator_utils_test.py" line="14" time="0.007" /><testcase classname="tests.simulator_utils_test" name="test_simulate_in_batches[42-diagonal_linear_gaussian-1-0]" file="tests/simulator_utils_test.py" line="14" time="0.007" /><testcase classname="tests.simulator_utils_test" name="test_simulate_in_batches[42-diagonal_linear_gaussian-10-10]" file="tests/simulator_utils_test.py" line="14" time="0.005" /><testcase classname="tests.simulator_utils_test" name="test_simulate_in_batches[42-&lt;lambda&gt;-1-10]" file="tests/simulator_utils_test.py" line="14" time="0.011" /><testcase classname="tests.density_estimator_test" name="test_log_prob_without_sample_dim[10-condition_event_shape0-input_event_shape1-build_nsf]" file="tests/density_estimator_test.py" line="256" time="0.041" /><testcase classname="tests.simulator_utils_test" name="test_simulate_in_batches[42-&lt;lambda&gt;-10-0]" file="tests/simulator_utils_test.py" line="14" time="0.007" /><testcase classname="tests.tarp_test" name="test_run_tarp_correct[False-l1]" file="tests/tarp_test.py" line="131" time="0.008" /><testcase classname="tests.tarp_test" name="test_run_tarp_detect_underdispersed[l2]" file="tests/tarp_test.py" line="202" time="0.007" /><testcase classname="tests.density_estimator_test" name="test_log_prob_without_sample_dim[10-condition_event_shape1-input_event_shape1-build_nsf]" file="tests/density_estimator_test.py" line="256" time="0.199" /><testcase classname="tests.tarp_test" name="test_check_tarp_detect_bias" file="tests/tarp_test.py" line="270" time="0.015" /><testcase classname="tests.embedding_net_test" name="test_1d_ResNet_fc_embedding_net[20-2-20-input_shape0]" file="tests/embedding_net_test.py" line="572" time="0.606" /><testcase classname="tests.tarp_test" name="test_tarp_plotting[None]" file="tests/tarp_test.py" line="330" time="0.039" /><testcase classname="tests.torchutils_test.TorchUtilsTest" name="test_logabsdet" file="tests/torchutils_test.py" line="68" time="0.007" /><testcase classname="tests.torchutils_test.TorchUtilsTest" name="test_split_leading_dim" file="tests/torchutils_test.py" line="20" time="0.005" /><testcase classname="tests.torchutils_test" name="test_box_uniform_distribution" file="tests/torchutils_test.py" line="113" time="0.003" /><testcase classname="tests.torchutils_test" name="test_process_device[gpu]" file="tests/torchutils_test.py" line="207" time="0.002"><skipped type="pytest.skip" message="No CUDA device available">/private/var/folders/kl/rt7z22ss2b35p0r16qlx0xdh0000gn/T/opencode/sbi/tests/torchutils_test.py:208: No CUDA device available</skipped></testcase><testcase classname="tests.vector_field_nets_test" name="test_vector_field_builders_shape_and_build[condition_event_shape0-1-3-8-random_fourier-tr-hidden_features=16-num_layers=2-num_heads=4-mlp_ratio=4-is_x_emb_seq=False]" file="tests/vector_field_nets_test.py" line="86" time="0.008" /><testcase classname="tests.vector_field_nets_test" name="test_vector_field_builders_shape_and_build[condition_event_shape0-1-3-8-random_fourier-tr-hidden_features=32-num_layers=1-num_heads=4-mlp_ratio=4-is_x_emb_seq=False]" file="tests/vector_field_nets_test.py" line="86" time="0.005" /><testcase classname="tests.vector_field_nets_test" name="test_vector_field_builders_shape_and_build[condition_event_shape0-1-3-8-random_fourier-tr-hidden_features=32-num_layers=2-num_heads=4-mlp_ratio=4-is_x_emb_seq=False]" file="tests/vector_field_nets_test.py" line="86" time="0.009" /><testcase classname="tests.vector_field_nets_test" name="test_vector_field_builders_shape_and_build[condition_event_shape0-1-3-8-random_fourier-trX-hidden_features=16-num_layers=1-num_heads=4-mlp_ratio=4-is_x_emb_seq=True]" file="tests/vector_field_nets_test.py" line="86" time="0.006" /><testcase classname="tests.vector_field_nets_test" name="test_vector_field_builders_shape_and_build[condition_event_shape0-1-3-8-random_fourier-trX-hidden_features=16-num_layers=2-num_heads=4-mlp_ratio=4-is_x_emb_seq=True]" file="tests/vector_field_nets_test.py" line="86" time="0.012" /><testcase classname="tests.vector_field_nets_test" name="test_vector_field_builders_shape_and_build[condition_event_shape0-1-3-8-random_fourier-trX-hidden_features=32-num_layers=1-num_heads=4-mlp_ratio=4-is_x_emb_seq=True]" file="tests/vector_field_nets_test.py" line="86" time="0.012" /><testcase classname="tests.vector_field_nets_test" name="test_vector_field_builders_shape_and_build[condition_event_shape0-1-3-8-random_fourier-trX-hidden_features=32-num_layers=2-num_heads=4-mlp_ratio=4-is_x_emb_seq=True]" file="tests/vector_field_nets_test.py" line="86" time="0.011" /><testcase classname="tests.vector_field_nets_test" name="test_vector_field_builders_shape_and_build[condition_event_shape0-1-3-16-sinusoidal-mlp-hidden_features=16-num_layers=2-layer_norm=True]" file="tests/vector_field_nets_test.py" line="86" time="0.006" /><testcase classname="tests.vector_field_nets_test" name="test_vector_field_builders_shape_and_build[condition_event_shape0-1-3-16-sinusoidal-mlp-hidden_features=[16, 32]-num_layers=2-layer_norm=True]" file="tests/vector_field_nets_test.py" line="86" time="0.007" /><testcase classname="tests.vector_field_nets_test" name="test_vector_field_builders_shape_and_build[condition_event_shape0-1-3-16-sinusoidal-adamlp-hidden_features=8-num_layers=2-mlp_ratio=4]" file="tests/vector_field_nets_test.py" line="86" time="0.004" /><testcase classname="tests.vector_field_nets_test" name="test_vector_field_builders_shape_and_build[condition_event_shape0-1-3-16-sinusoidal-adamlp-hidden_features=16-num_layers=2-mlp_ratio=4]" file="tests/vector_field_nets_test.py" line="86" time="0.005" /><testcase classname="tests.vector_field_nets_test" name="test_vector_field_builders_shape_and_build[condition_event_shape0-1-3-16-sinusoidal-tr-hidden_features=16-num_layers=1-num_heads=4-mlp_ratio=4-is_x_emb_seq=False]" file="tests/vector_field_nets_test.py" line="86" time="0.005" /><testcase classname="tests.vector_field_nets_test" name="test_vector_field_builders_shape_and_build[condition_event_shape0-1-3-16-sinusoidal-tr-hidden_features=16-num_layers=2-num_heads=4-mlp_ratio=4-is_x_emb_seq=False]" file="tests/vector_field_nets_test.py" line="86" time="0.005" /><testcase classname="tests.vector_field_nets_test" name="test_vector_field_builders_shape_and_build[condition_event_shape0-1-3-16-sinusoidal-tr-hidden_features=32-num_layers=1-num_heads=4-mlp_ratio=4-is_x_emb_seq=False]" file="tests/vector_field_nets_test.py" line="86" time="0.005" /><testcase classname="tests.vector_field_nets_test" name="test_vector_field_builders_shape_and_build[condition_event_shape0-1-3-16-sinusoidal-tr-hidden_features=32-num_layers=2-num_heads=4-mlp_ratio=4-is_x_emb_seq=False]" file="tests/vector_field_nets_test.py" line="86" time="0.009" /><testcase classname="tests.vector_field_nets_test" name="test_vector_field_builders_shape_and_build[condition_event_shape0-1-3-16-sinusoidal-trX-hidden_features=16-num_layers=1-num_heads=4-mlp_ratio=4-is_x_emb_seq=True]" file="tests/vector_field_nets_test.py" line="86" time="0.007" /><testcase classname="tests.density_estimator_test" name="test_log_prob_broadcasting_batch_dims[condition_event_shape0-input_event_shape0-build_zuko_nsf]" file="tests/density_estimator_test.py" line="287" time="0.022" /><testcase classname="tests.vector_field_nets_test" name="test_vector_field_builders_shape_and_build[condition_event_shape0-1-3-16-sinusoidal-trX-hidden_features=16-num_layers=2-num_heads=4-mlp_ratio=4-is_x_emb_seq=True]" file="tests/vector_field_nets_test.py" line="86" time="0.007" /><testcase classname="tests.vector_field_nets_test" name="test_vector_field_builders_shape_and_build[condition_event_shape0-1-3-16-sinusoidal-trX-hidden_features=32-num_layers=1-num_heads=4-mlp_ratio=4-is_x_emb_seq=True]" file="tests/vector_field_nets_test.py" line="86" time="0.005" /><testcase classname="tests.vector_field_nets_test" name="test_vector_field_builders_shape_and_build[condition_event_shape0-1-3-16-sinusoidal-trX-hidden_features=32-num_layers=2-num_heads=4-mlp_ratio=4-is_x_emb_seq=True]" file="tests/vector_field_nets_test.py" line="86" time="0.008" /><testcase classname="tests.vector_field_nets_test" name="test_vector_field_builders_shape_and_build[condition_event_shape0-1-1-16-random_fourier-trX-hidden_features=16-num_layers=1-num_heads=4-mlp_ratio=4-is_x_emb_seq=True]" file="tests/vector_field_nets_test.py" line="86" time="0.014" /><testcase classname="tests.vector_field_nets_test" name="test_vector_field_builders_shape_and_build[condition_event_shape0-1-3-16-random_fourier-mlp-hidden_features=16-num_layers=2-layer_norm=True]" file="tests/vector_field_nets_test.py" line="86" time="0.004" /><testcase classname="tests.vector_field_nets_test" name="test_vector_field_builders_shape_and_build[condition_event_shape0-1-3-16-random_fourier-mlp-hidden_features=[16, 32]-num_layers=2-layer_norm=True]" file="tests/vector_field_nets_test.py" line="86" time="0.003" /><testcase classname="tests.vector_field_nets_test" name="test_vector_field_builders_shape_and_build[condition_event_shape0-1-3-16-random_fourier-adamlp-hidden_features=8-num_layers=2-mlp_ratio=4]" file="tests/vector_field_nets_test.py" line="86" time="0.005" /><testcase classname="tests.vector_field_nets_test" name="test_vector_field_builders_shape_and_build[condition_event_shape0-1-3-16-random_fourier-adamlp-hidden_features=16-num_layers=2-mlp_ratio=4]" file="tests/vector_field_nets_test.py" line="86" time="0.005" /><testcase classname="tests.vector_field_nets_test" name="test_vector_field_builders_shape_and_build[condition_event_shape0-1-1-16-random_fourier-trX-hidden_features=16-num_layers=2-num_heads=4-mlp_ratio=4-is_x_emb_seq=True]" file="tests/vector_field_nets_test.py" line="86" time="0.018" /><testcase classname="tests.vector_field_nets_test" name="test_vector_field_builders_shape_and_build[condition_event_shape0-1-3-16-random_fourier-tr-hidden_features=16-num_layers=1-num_heads=4-mlp_ratio=4-is_x_emb_seq=False]" file="tests/vector_field_nets_test.py" line="86" time="0.004" /><testcase classname="tests.vector_field_nets_test" name="test_vector_field_builders_shape_and_build[condition_event_shape0-1-3-16-random_fourier-tr-hidden_features=16-num_layers=2-num_heads=4-mlp_ratio=4-is_x_emb_seq=False]" file="tests/vector_field_nets_test.py" line="86" time="0.007" /><testcase classname="tests.vector_field_nets_test" name="test_vector_field_builders_shape_and_build[condition_event_shape0-1-3-16-random_fourier-tr-hidden_features=32-num_layers=1-num_heads=4-mlp_ratio=4-is_x_emb_seq=False]" file="tests/vector_field_nets_test.py" line="86" time="0.005" /><testcase classname="tests.vector_field_nets_test" name="test_vector_field_builders_shape_and_build[condition_event_shape0-1-1-16-random_fourier-trX-hidden_features=32-num_layers=1-num_heads=4-mlp_ratio=4-is_x_emb_seq=True]" file="tests/vector_field_nets_test.py" line="86" time="0.014" /><testcase classname="tests.vector_field_nets_test" name="test_vector_field_builders_shape_and_build[condition_event_shape0-1-3-16-random_fourier-tr-hidden_features=32-num_layers=2-num_heads=4-mlp_ratio=4-is_x_emb_seq=False]" file="tests/vector_field_nets_test.py" line="86" time="0.007" /><testcase classname="tests.vector_field_nets_test" name="test_vector_field_builders_shape_and_build[condition_event_shape0-1-3-16-random_fourier-trX-hidden_features=16-num_layers=1-num_heads=4-mlp_ratio=4-is_x_emb_seq=True]" file="tests/vector_field_nets_test.py" line="86" time="0.005" /><testcase classname="tests.vector_field_nets_test" name="test_vector_field_builders_shape_and_build[condition_event_shape0-1-3-16-random_fourier-trX-hidden_features=16-num_layers=2-num_heads=4-mlp_ratio=4-is_x_emb_seq=True]" file="tests/vector_field_nets_test.py" line="86" time="0.006" /><testcase classname="tests.vector_field_nets_test" name="test_vector_field_builders_shape_and_build[condition_event_shape0-1-3-16-random_fourier-trX-hidden_features=32-num_layers=1-num_heads=4-mlp_ratio=4-is_x_emb_seq=True]" file="tests/vector_field_nets_test.py" line="86" time="0.009" /><testcase classname="tests.vector_field_nets_test" name="test_vector_field_builders_shape_and_build[condition_event_shape0-1-3-16-random_fourier-trX-hidden_features=32-num_layers=2-num_heads=4-mlp_ratio=4-is_x_emb_seq=True]" file="tests/vector_field_nets_test.py" line="86" time="0.008" /><testcase classname="tests.vector_field_nets_test" name="test_vector_field_builders_shape_and_build[condition_event_shape0-2-1-8-sinusoidal-mlp-hidden_features=16-num_layers=2-layer_norm=True]" file="tests/vector_field_nets_test.py" line="86" time="0.007" /><testcase classname="tests.vector_field_nets_test" name="test_vector_field_builders_shape_and_build[condition_event_shape0-2-1-8-sinusoidal-mlp-hidden_features=[16, 32]-num_layers=2-layer_norm=True]" file="tests/vector_field_nets_test.py" line="86" time="0.004" /><testcase classname="tests.vector_field_nets_test" name="test_vector_field_builders_shape_and_build[condition_event_shape0-2-1-8-sinusoidal-adamlp-hidden_features=8-num_layers=2-mlp_ratio=4]" file="tests/vector_field_nets_test.py" line="86" time="0.006" /><testcase classname="tests.vector_field_nets_test" name="test_vector_field_builders_shape_and_build[condition_event_shape0-2-1-8-sinusoidal-adamlp-hidden_features=16-num_layers=2-mlp_ratio=4]" file="tests/vector_field_nets_test.py" line="86" time="0.004" /><testcase classname="tests.vector_field_nets_test" name="test_vector_field_builders_shape_and_build[condition_event_shape0-2-1-8-sinusoidal-tr-hidden_features=16-num_layers=1-num_heads=4-mlp_ratio=4-is_x_emb_seq=False]" file="tests/vector_field_nets_test.py" line="86" time="0.007" /><testcase classname="tests.vector_field_nets_test" name="test_vector_field_builders_shape_and_build[condition_event_shape0-2-1-8-sinusoidal-tr-hidden_features=16-num_layers=2-num_heads=4-mlp_ratio=4-is_x_emb_seq=False]" file="tests/vector_field_nets_test.py" line="86" time="0.005" /><testcase classname="tests.vector_field_nets_test" name="test_vector_field_builders_shape_and_build[condition_event_shape0-2-1-8-sinusoidal-tr-hidden_features=32-num_layers=1-num_heads=4-mlp_ratio=4-is_x_emb_seq=False]" file="tests/vector_field_nets_test.py" line="86" time="0.005" /><testcase classname="tests.vector_field_nets_test" name="test_vector_field_builders_shape_and_build[condition_event_shape0-2-1-8-sinusoidal-tr-hidden_features=32-num_layers=2-num_heads=4-mlp_ratio=4-is_x_emb_seq=False]" file="tests/vector_field_nets_test.py" line="86" time="0.008" /><testcase classname="tests.vector_field_nets_test" name="test_vector_field_builders_shape_and_build[condition_event_shape0-2-1-8-sinusoidal-trX-hidden_features=16-num_layers=1-num_heads=4-mlp_ratio=4-is_x_emb_seq=True]" file="tests/vector_field_nets_test.py" line="86" time="0.005" /><testcase classname="tests.vector_field_nets_test" name="test_vector_field_builders_shape_and_build[condition_event_shape0-2-1-8-sinusoidal-trX-hidden_features=16-num_layers=2-num_heads=4-mlp_ratio=4-is_x_emb_seq=True]" file="tests/vector_field_nets_test.py" line="86" time="0.006" /><testcase classname="tests.vector_field_nets_test" name="test_vector_field_builders_shape_and_build[condition_event_shape0-2-1-8-sinusoidal-trX-hidden_features=32-num_layers=1-num_heads=4-mlp_ratio=4-is_x_emb_seq=True]" file="tests/vector_field_nets_test.py" line="86" time="0.005" /><testcase classname="tests.vector_field_nets_test" name="test_vector_field_builders_shape_and_build[condition_event_shape0-2-1-8-sinusoidal-trX-hidden_features=32-num_layers=2-num_heads=4-mlp_ratio=4-is_x_emb_seq=True]" file="tests/vector_field_nets_test.py" line="86" time="0.006" /><testcase classname="tests.vector_field_nets_test" name="test_vector_field_builders_shape_and_build[condition_event_shape0-1-1-16-random_fourier-trX-hidden_features=32-num_layers=2-num_heads=4-mlp_ratio=4-is_x_emb_seq=True]" file="tests/vector_field_nets_test.py" line="86" time="0.139" /><testcase classname="tests.vector_field_nets_test" name="test_vector_field_builders_shape_and_build[condition_event_shape0-2-1-8-random_fourier-mlp-hidden_features=16-num_layers=2-layer_norm=True]" file="tests/vector_field_nets_test.py" line="86" time="0.007" /><testcase classname="tests.vector_field_nets_test" name="test_vector_field_builders_shape_and_build[condition_event_shape0-2-1-8-random_fourier-mlp-hidden_features=[16, 32]-num_layers=2-layer_norm=True]" file="tests/vector_field_nets_test.py" line="86" time="0.004" /><testcase classname="tests.vector_field_nets_test" name="test_vector_field_builders_shape_and_build[condition_event_shape0-2-1-8-random_fourier-adamlp-hidden_features=8-num_layers=2-mlp_ratio=4]" file="tests/vector_field_nets_test.py" line="86" time="0.004" /><testcase classname="tests.vector_field_nets_test" name="test_vector_field_builders_shape_and_build[condition_event_shape0-2-1-8-random_fourier-adamlp-hidden_features=16-num_layers=2-mlp_ratio=4]" file="tests/vector_field_nets_test.py" line="86" time="0.006" /><testcase classname="tests.vector_field_nets_test" name="test_vector_field_builders_shape_and_build[condition_event_shape0-2-1-8-random_fourier-tr-hidden_features=16-num_layers=1-num_heads=4-mlp_ratio=4-is_x_emb_seq=False]" file="tests/vector_field_nets_test.py" line="86" time="0.005" /><testcase classname="tests.vector_field_nets_test" name="test_vector_field_builders_shape_and_build[condition_event_shape0-2-1-8-random_fourier-tr-hidden_features=16-num_layers=2-num_heads=4-mlp_ratio=4-is_x_emb_seq=False]" file="tests/vector_field_nets_test.py" line="86" time="0.006" /><testcase classname="tests.vector_field_nets_test" name="test_vector_field_builders_shape_and_build[condition_event_shape0-1-3-8-sinusoidal-mlp-hidden_features=16-num_layers=2-layer_norm=True]" file="tests/vector_field_nets_test.py" line="86" time="0.009" /><testcase classname="tests.vector_field_nets_test" name="test_vector_field_builders_shape_and_build[condition_event_shape0-2-1-8-random_fourier-tr-hidden_features=32-num_layers=1-num_heads=4-mlp_ratio=4-is_x_emb_seq=False]" file="tests/vector_field_nets_test.py" line="86" time="0.004" /><testcase classname="tests.vector_field_nets_test" name="test_vector_field_builders_shape_and_build[condition_event_shape0-2-1-8-random_fourier-tr-hidden_features=32-num_layers=2-num_heads=4-mlp_ratio=4-is_x_emb_seq=False]" file="tests/vector_field_nets_test.py" line="86" time="0.006" /><testcase classname="tests.vector_field_nets_test" name="test_vector_field_builders_shape_and_build[condition_event_shape0-1-3-8-sinusoidal-mlp-hidden_features=[16, 32]-num_layers=2-layer_norm=True]" file="tests/vector_field_nets_test.py" line="86" time="0.009" /><testcase classname="tests.vector_field_nets_test" name="test_vector_field_builders_shape_and_build[condition_event_shape0-2-1-8-random_fourier-trX-hidden_features=16-num_layers=1-num_heads=4-mlp_ratio=4-is_x_emb_seq=True]" file="tests/vector_field_nets_test.py" line="86" time="0.006" /><testcase classname="tests.vector_field_nets_test" name="test_vector_field_builders_shape_and_build[condition_event_shape0-1-3-8-sinusoidal-adamlp-hidden_features=8-num_layers=2-mlp_ratio=4]" file="tests/vector_field_nets_test.py" line="86" time="0.010" /><testcase classname="tests.vector_field_nets_test" name="test_vector_field_builders_shape_and_build[condition_event_shape0-2-1-8-random_fourier-trX-hidden_features=16-num_layers=2-num_heads=4-mlp_ratio=4-is_x_emb_seq=True]" file="tests/vector_field_nets_test.py" line="86" time="0.009" /><testcase classname="tests.vector_field_nets_test" name="test_vector_field_builders_shape_and_build[condition_event_shape0-1-3-8-sinusoidal-adamlp-hidden_features=16-num_layers=2-mlp_ratio=4]" file="tests/vector_field_nets_test.py" line="86" time="0.008" /><testcase classname="tests.vector_field_nets_test" name="test_vector_field_builders_shape_and_build[condition_event_shape0-2-1-8-random_fourier-trX-hidden_features=32-num_layers=1-num_heads=4-mlp_ratio=4-is_x_emb_seq=True]" file="tests/vector_field_nets_test.py" line="86" time="0.007" /><testcase classname="tests.vector_field_nets_test" name="test_vector_field_builders_shape_and_build[condition_event_shape0-2-1-8-random_fourier-trX-hidden_features=32-num_layers=2-num_heads=4-mlp_ratio=4-is_x_emb_seq=True]" file="tests/vector_field_nets_test.py" line="86" time="0.006" /><testcase classname="tests.vector_field_nets_test" name="test_vector_field_builders_shape_and_build[condition_event_shape0-1-3-8-sinusoidal-tr-hidden_features=16-num_layers=1-num_heads=4-mlp_ratio=4-is_x_emb_seq=False]" file="tests/vector_field_nets_test.py" line="86" time="0.011" /><testcase classname="tests.vector_field_nets_test" name="test_vector_field_builders_shape_and_build[condition_event_shape0-2-1-16-sinusoidal-mlp-hidden_features=16-num_layers=2-layer_norm=True]" file="tests/vector_field_nets_test.py" line="86" time="0.006" /><testcase classname="tests.vector_field_nets_test" name="test_vector_field_builders_shape_and_build[condition_event_shape0-2-1-16-sinusoidal-mlp-hidden_features=[16, 32]-num_layers=2-layer_norm=True]" file="tests/vector_field_nets_test.py" line="86" time="0.005" /><testcase classname="tests.vector_field_nets_test" name="test_vector_field_builders_shape_and_build[condition_event_shape0-1-3-8-sinusoidal-tr-hidden_features=16-num_layers=2-num_heads=4-mlp_ratio=4-is_x_emb_seq=False]" file="tests/vector_field_nets_test.py" line="86" time="0.011" /><testcase classname="tests.vector_field_nets_test" name="test_vector_field_builders_shape_and_build[condition_event_shape0-2-1-16-sinusoidal-adamlp-hidden_features=8-num_layers=2-mlp_ratio=4]" file="tests/vector_field_nets_test.py" line="86" time="0.006" /><testcase classname="tests.vector_field_nets_test" name="test_vector_field_builders_shape_and_build[condition_event_shape0-2-1-16-sinusoidal-adamlp-hidden_features=16-num_layers=2-mlp_ratio=4]" file="tests/vector_field_nets_test.py" line="86" time="0.004" /><testcase classname="tests.vector_field_nets_test" name="test_vector_field_builders_shape_and_build[condition_event_shape0-1-3-8-sinusoidal-tr-hidden_features=32-num_layers=1-num_heads=4-mlp_ratio=4-is_x_emb_seq=False]" file="tests/vector_field_nets_test.py" line="86" time="0.010" /><testcase classname="tests.vector_field_nets_test" name="test_vector_field_builders_shape_and_build[condition_event_shape0-2-1-16-sinusoidal-tr-hidden_features=16-num_layers=1-num_heads=4-mlp_ratio=4-is_x_emb_seq=False]" file="tests/vector_field_nets_test.py" line="86" time="0.006" /><testcase classname="tests.vector_field_nets_test" name="test_vector_field_builders_shape_and_build[condition_event_shape0-2-1-16-sinusoidal-tr-hidden_features=16-num_layers=2-num_heads=4-mlp_ratio=4-is_x_emb_seq=False]" file="tests/vector_field_nets_test.py" line="86" time="0.006" /><testcase classname="tests.vector_field_nets_test" name="test_vector_field_builders_shape_and_build[condition_event_shape0-1-3-8-sinusoidal-tr-hidden_features=32-num_layers=2-num_heads=4-mlp_ratio=4-is_x_emb_seq=False]" file="tests/vector_field_nets_test.py" line="86" time="0.031" /><testcase classname="tests.vector_field_nets_test" name="test_vector_field_builders_shape_and_build[condition_event_shape0-2-1-16-sinusoidal-tr-hidden_features=32-num_layers=1-num_heads=4-mlp_ratio=4-is_x_emb_seq=False]" file="tests/vector_field_nets_test.py" line="86" time="0.004" /><testcase classname="tests.vector_field_nets_test" name="test_vector_field_builders_shape_and_build[condition_event_shape0-2-1-16-sinusoidal-tr-hidden_features=32-num_layers=2-num_heads=4-mlp_ratio=4-is_x_emb_seq=False]" file="tests/vector_field_nets_test.py" line="86" time="0.005" /><testcase classname="tests.vector_field_nets_test" name="test_vector_field_builders_shape_and_build[condition_event_shape0-2-1-16-sinusoidal-trX-hidden_features=16-num_layers=1-num_heads=4-mlp_ratio=4-is_x_emb_seq=True]" file="tests/vector_field_nets_test.py" line="86" time="0.005" /><testcase classname="tests.vector_field_nets_test" name="test_vector_field_builders_shape_and_build[condition_event_shape0-2-1-16-sinusoidal-trX-hidden_features=16-num_layers=2-num_heads=4-mlp_ratio=4-is_x_emb_seq=True]" file="tests/vector_field_nets_test.py" line="86" time="0.006" /><testcase classname="tests.vector_field_nets_test" name="test_vector_field_builders_shape_and_build[condition_event_shape0-2-1-16-sinusoidal-trX-hidden_features=32-num_layers=1-num_heads=4-mlp_ratio=4-is_x_emb_seq=True]" file="tests/vector_field_nets_test.py" line="86" time="0.006" /><testcase classname="tests.vector_field_nets_test" name="test_vector_field_builders_shape_and_build[condition_event_shape0-1-3-8-sinusoidal-trX-hidden_features=16-num_layers=1-num_heads=4-mlp_ratio=4-is_x_emb_seq=True]" file="tests/vector_field_nets_test.py" line="86" time="0.011" /><testcase classname="tests.vector_field_nets_test" name="test_vector_field_builders_shape_and_build[condition_event_shape0-2-1-16-sinusoidal-trX-hidden_features=32-num_layers=2-num_heads=4-mlp_ratio=4-is_x_emb_seq=True]" file="tests/vector_field_nets_test.py" line="86" time="0.007" /><testcase classname="tests.vector_field_nets_test" name="test_vector_field_builders_shape_and_build[condition_event_shape0-2-1-16-random_fourier-mlp-hidden_features=16-num_layers=2-layer_norm=True]" file="tests/vector_field_nets_test.py" line="86" time="0.003" /><testcase classname="tests.vector_field_nets_test" name="test_vector_field_builders_shape_and_build[condition_event_shape0-1-3-8-sinusoidal-trX-hidden_features=16-num_layers=2-num_heads=4-mlp_ratio=4-is_x_emb_seq=True]" file="tests/vector_field_nets_test.py" line="86" time="0.014" /><testcase classname="tests.vector_field_nets_test" name="test_vector_field_builders_shape_and_build[condition_event_shape0-2-1-16-random_fourier-mlp-hidden_features=[16, 32]-num_layers=2-layer_norm=True]" file="tests/vector_field_nets_test.py" line="86" time="0.006" /><testcase classname="tests.vector_field_nets_test" name="test_vector_field_builders_shape_and_build[condition_event_shape0-2-1-16-random_fourier-adamlp-hidden_features=8-num_layers=2-mlp_ratio=4]" file="tests/vector_field_nets_test.py" line="86" time="0.006" /><testcase classname="tests.vector_field_nets_test" name="test_vector_field_builders_shape_and_build[condition_event_shape0-1-3-8-sinusoidal-trX-hidden_features=32-num_layers=1-num_heads=4-mlp_ratio=4-is_x_emb_seq=True]" file="tests/vector_field_nets_test.py" line="86" time="0.017" /><testcase classname="tests.vector_field_nets_test" name="test_vector_field_builders_shape_and_build[condition_event_shape0-2-1-16-random_fourier-adamlp-hidden_features=16-num_layers=2-mlp_ratio=4]" file="tests/vector_field_nets_test.py" line="86" time="0.004" /><testcase classname="tests.vector_field_nets_test" name="test_vector_field_builders_shape_and_build[condition_event_shape0-2-1-16-random_fourier-tr-hidden_features=16-num_layers=1-num_heads=4-mlp_ratio=4-is_x_emb_seq=False]" file="tests/vector_field_nets_test.py" line="86" time="0.006" /><testcase classname="tests.vector_field_nets_test" name="test_vector_field_builders_shape_and_build[condition_event_shape0-2-1-16-random_fourier-tr-hidden_features=16-num_layers=2-num_heads=4-mlp_ratio=4-is_x_emb_seq=False]" file="tests/vector_field_nets_test.py" line="86" time="0.006" /><testcase classname="tests.vector_field_nets_test" name="test_vector_field_builders_shape_and_build[condition_event_shape0-2-1-16-random_fourier-tr-hidden_features=32-num_layers=1-num_heads=4-mlp_ratio=4-is_x_emb_seq=False]" file="tests/vector_field_nets_test.py" line="86" time="0.007" /><testcase classname="tests.vector_field_nets_test" name="test_vector_field_builders_shape_and_build[condition_event_shape0-1-3-8-sinusoidal-trX-hidden_features=32-num_layers=2-num_heads=4-mlp_ratio=4-is_x_emb_seq=True]" file="tests/vector_field_nets_test.py" line="86" time="0.019" /><testcase classname="tests.vector_field_nets_test" name="test_vector_field_builders_shape_and_build[condition_event_shape0-2-1-16-random_fourier-tr-hidden_features=32-num_layers=2-num_heads=4-mlp_ratio=4-is_x_emb_seq=False]" file="tests/vector_field_nets_test.py" line="86" time="0.006" /><testcase classname="tests.vector_field_nets_test" name="test_vector_field_builders_shape_and_build[condition_event_shape0-2-1-16-random_fourier-trX-hidden_features=16-num_layers=1-num_heads=4-mlp_ratio=4-is_x_emb_seq=True]" file="tests/vector_field_nets_test.py" line="86" time="0.007" /><testcase classname="tests.vector_field_nets_test" name="test_vector_field_builders_shape_and_build[condition_event_shape0-1-3-8-random_fourier-mlp-hidden_features=16-num_layers=2-layer_norm=True]" file="tests/vector_field_nets_test.py" line="86" time="0.008" /><testcase classname="tests.embedding_net_test" name="test_1d_ResNet_fc_embedding_net[20-20-20-input_shape0]" file="tests/embedding_net_test.py" line="572" time="0.508" /><testcase classname="tests.vector_field_nets_test" name="test_vector_field_builders_shape_and_build[condition_event_shape0-2-1-16-random_fourier-trX-hidden_features=16-num_layers=2-num_heads=4-mlp_ratio=4-is_x_emb_seq=True]" file="tests/vector_field_nets_test.py" line="86" time="0.010" /><testcase classname="tests.vector_field_nets_test" name="test_vector_field_builders_shape_and_build[condition_event_shape0-1-3-8-random_fourier-mlp-hidden_features=[16, 32]-num_layers=2-layer_norm=True]" file="tests/vector_field_nets_test.py" line="86" time="0.007" /><testcase classname="tests.vector_field_nets_test" name="test_vector_field_builders_shape_and_build[condition_event_shape0-2-1-16-random_fourier-trX-hidden_features=32-num_layers=1-num_heads=4-mlp_ratio=4-is_x_emb_seq=True]" file="tests/vector_field_nets_test.py" line="86" time="0.008" /><testcase classname="tests.vector_field_nets_test" name="test_vector_field_builders_shape_and_build[condition_event_shape0-1-3-8-random_fourier-adamlp-hidden_features=8-num_layers=2-mlp_ratio=4]" file="tests/vector_field_nets_test.py" line="86" time="0.009" /><testcase classname="tests.vector_field_nets_test" name="test_vector_field_builders_shape_and_build[condition_event_shape0-2-1-16-random_fourier-trX-hidden_features=32-num_layers=2-num_heads=4-mlp_ratio=4-is_x_emb_seq=True]" file="tests/vector_field_nets_test.py" line="86" time="0.007" /><testcase classname="tests.vector_field_nets_test" name="test_vector_field_builders_shape_and_build[condition_event_shape0-1-3-8-random_fourier-adamlp-hidden_features=16-num_layers=2-mlp_ratio=4]" file="tests/vector_field_nets_test.py" line="86" time="0.010" /><testcase classname="tests.vector_field_nets_test" name="test_vector_field_builders_shape_and_build[condition_event_shape0-2-3-8-sinusoidal-mlp-hidden_features=16-num_layers=2-layer_norm=True]" file="tests/vector_field_nets_test.py" line="86" time="0.004" /><testcase classname="tests.vector_field_nets_test" name="test_vector_field_builders_shape_and_build[condition_event_shape0-2-3-8-random_fourier-trX-hidden_features=16-num_layers=1-num_heads=4-mlp_ratio=4-is_x_emb_seq=True]" file="tests/vector_field_nets_test.py" line="86" time="0.006" /><testcase classname="tests.vector_field_nets_test" name="test_vector_field_builders_shape_and_build[condition_event_shape0-2-3-8-random_fourier-trX-hidden_features=16-num_layers=2-num_heads=4-mlp_ratio=4-is_x_emb_seq=True]" file="tests/vector_field_nets_test.py" line="86" time="0.007" /><testcase classname="tests.vector_field_nets_test" name="test_vector_field_builders_shape_and_build[condition_event_shape0-1-3-8-random_fourier-tr-hidden_features=16-num_layers=1-num_heads=4-mlp_ratio=4-is_x_emb_seq=False]" file="tests/vector_field_nets_test.py" line="86" time="0.022" /><testcase classname="tests.vector_field_nets_test" name="test_vector_field_builders_shape_and_build[condition_event_shape0-2-3-8-random_fourier-trX-hidden_features=32-num_layers=1-num_heads=4-mlp_ratio=4-is_x_emb_seq=True]" file="tests/vector_field_nets_test.py" line="86" time="0.004" /><testcase classname="tests.vector_field_nets_test" name="test_vector_field_builders_shape_and_build[condition_event_shape0-2-3-8-random_fourier-trX-hidden_features=32-num_layers=2-num_heads=4-mlp_ratio=4-is_x_emb_seq=True]" file="tests/vector_field_nets_test.py" line="86" time="0.007" /><testcase classname="tests.vector_field_nets_test" name="test_vector_field_builders_shape_and_build[condition_event_shape0-2-3-16-sinusoidal-mlp-hidden_features=16-num_layers=2-layer_norm=True]" file="tests/vector_field_nets_test.py" line="86" time="0.004" /><testcase classname="tests.vector_field_nets_test" name="test_vector_field_builders_shape_and_build[condition_event_shape0-2-3-16-sinusoidal-mlp-hidden_features=[16, 32]-num_layers=2-layer_norm=True]" file="tests/vector_field_nets_test.py" line="86" time="0.004" /><testcase classname="tests.vector_field_nets_test" name="test_vector_field_builders_shape_and_build[condition_event_shape0-2-3-16-sinusoidal-adamlp-hidden_features=8-num_layers=2-mlp_ratio=4]" file="tests/vector_field_nets_test.py" line="86" time="0.004" /><testcase classname="tests.vector_field_nets_test" name="test_vector_field_builders_shape_and_build[condition_event_shape0-2-3-8-sinusoidal-mlp-hidden_features=[16, 32]-num_layers=2-layer_norm=True]" file="tests/vector_field_nets_test.py" line="86" time="0.008" /><testcase classname="tests.vector_field_nets_test" name="test_vector_field_builders_shape_and_build[condition_event_shape0-2-3-16-sinusoidal-adamlp-hidden_features=16-num_layers=2-mlp_ratio=4]" file="tests/vector_field_nets_test.py" line="86" time="0.004" /><testcase classname="tests.vector_field_nets_test" name="test_vector_field_builders_shape_and_build[condition_event_shape0-2-3-16-sinusoidal-tr-hidden_features=16-num_layers=1-num_heads=4-mlp_ratio=4-is_x_emb_seq=False]" file="tests/vector_field_nets_test.py" line="86" time="0.005" /><testcase classname="tests.vector_field_nets_test" name="test_vector_field_builders_shape_and_build[condition_event_shape0-2-3-8-sinusoidal-adamlp-hidden_features=8-num_layers=2-mlp_ratio=4]" file="tests/vector_field_nets_test.py" line="86" time="0.010" /><testcase classname="tests.vector_field_nets_test" name="test_vector_field_builders_shape_and_build[condition_event_shape0-2-3-16-sinusoidal-tr-hidden_features=16-num_layers=2-num_heads=4-mlp_ratio=4-is_x_emb_seq=False]" file="tests/vector_field_nets_test.py" line="86" time="0.005" /><testcase classname="tests.vector_field_nets_test" name="test_vector_field_builders_shape_and_build[condition_event_shape0-2-3-16-sinusoidal-tr-hidden_features=32-num_layers=1-num_heads=4-mlp_ratio=4-is_x_emb_seq=False]" file="tests/vector_field_nets_test.py" line="86" time="0.005" /><testcase classname="tests.vector_field_nets_test" name="test_vector_field_builders_shape_and_build[condition_event_shape0-2-3-8-sinusoidal-adamlp-hidden_features=16-num_layers=2-mlp_ratio=4]" file="tests/vector_field_nets_test.py" line="86" time="0.009" /><testcase classname="tests.vector_field_nets_test" name="test_vector_field_builders_shape_and_build[condition_event_shape0-2-3-16-sinusoidal-tr-hidden_features=32-num_layers=2-num_heads=4-mlp_ratio=4-is_x_emb_seq=False]" file="tests/vector_field_nets_test.py" line="86" time="0.006" /><testcase classname="tests.vector_field_nets_test" name="test_vector_field_builders_shape_and_build[condition_event_shape0-2-3-16-sinusoidal-trX-hidden_features=16-num_layers=1-num_heads=4-mlp_ratio=4-is_x_emb_seq=True]" file="tests/vector_field_nets_test.py" line="86" time="0.004" /><testcase classname="tests.vector_field_nets_test" name="test_vector_field_builders_shape_and_build[condition_event_shape0-2-3-16-sinusoidal-trX-hidden_features=16-num_layers=2-num_heads=4-mlp_ratio=4-is_x_emb_seq=True]" file="tests/vector_field_nets_test.py" line="86" time="0.006" /><testcase classname="tests.vector_field_nets_test" name="test_vector_field_builders_shape_and_build[condition_event_shape0-2-3-16-sinusoidal-trX-hidden_features=32-num_layers=1-num_heads=4-mlp_ratio=4-is_x_emb_seq=True]" file="tests/vector_field_nets_test.py" line="86" time="0.005" /><testcase classname="tests.vector_field_nets_test" name="test_vector_field_builders_shape_and_build[condition_event_shape0-2-3-16-sinusoidal-trX-hidden_features=32-num_layers=2-num_heads=4-mlp_ratio=4-is_x_emb_seq=True]" file="tests/vector_field_nets_test.py" line="86" time="0.006" /><testcase classname="tests.vector_field_nets_test" name="test_vector_field_builders_shape_and_build[condition_event_shape0-2-3-16-random_fourier-mlp-hidden_features=16-num_layers=2-layer_norm=True]" file="tests/vector_field_nets_test.py" line="86" time="0.005" /><testcase classname="tests.vector_field_nets_test" name="test_vector_field_builders_shape_and_build[condition_event_shape0-2-3-16-random_fourier-mlp-hidden_features=[16, 32]-num_layers=2-layer_norm=True]" file="tests/vector_field_nets_test.py" line="86" time="0.006" /><testcase classname="tests.vector_field_nets_test" name="test_vector_field_builders_shape_and_build[condition_event_shape0-2-3-16-random_fourier-adamlp-hidden_features=8-num_layers=2-mlp_ratio=4]" file="tests/vector_field_nets_test.py" line="86" time="0.004" /><testcase classname="tests.vector_field_nets_test" name="test_vector_field_builders_shape_and_build[condition_event_shape0-2-3-8-sinusoidal-tr-hidden_features=16-num_layers=1-num_heads=4-mlp_ratio=4-is_x_emb_seq=False]" file="tests/vector_field_nets_test.py" line="86" time="0.034" /><testcase classname="tests.vector_field_nets_test" name="test_vector_field_builders_shape_and_build[condition_event_shape0-2-3-16-random_fourier-adamlp-hidden_features=16-num_layers=2-mlp_ratio=4]" file="tests/vector_field_nets_test.py" line="86" time="0.004" /><testcase classname="tests.vector_field_nets_test" name="test_vector_field_builders_shape_and_build[condition_event_shape0-2-3-16-random_fourier-tr-hidden_features=16-num_layers=1-num_heads=4-mlp_ratio=4-is_x_emb_seq=False]" file="tests/vector_field_nets_test.py" line="86" time="0.005" /><testcase classname="tests.vector_field_nets_test" name="test_vector_field_builders_shape_and_build[condition_event_shape0-2-3-8-sinusoidal-tr-hidden_features=16-num_layers=2-num_heads=4-mlp_ratio=4-is_x_emb_seq=False]" file="tests/vector_field_nets_test.py" line="86" time="0.013" /><testcase classname="tests.vector_field_nets_test" name="test_vector_field_builders_shape_and_build[condition_event_shape0-2-3-16-random_fourier-tr-hidden_features=16-num_layers=2-num_heads=4-mlp_ratio=4-is_x_emb_seq=False]" file="tests/vector_field_nets_test.py" line="86" time="0.007" /><testcase classname="tests.vector_field_nets_test" name="test_vector_field_builders_shape_and_build[condition_event_shape0-2-3-16-random_fourier-tr-hidden_features=32-num_layers=1-num_heads=4-mlp_ratio=4-is_x_emb_seq=False]" file="tests/vector_field_nets_test.py" line="86" time="0.005" /><testcase classname="tests.vector_field_nets_test" name="test_vector_field_builders_shape_and_build[condition_event_shape0-2-3-8-sinusoidal-tr-hidden_features=32-num_layers=1-num_heads=4-mlp_ratio=4-is_x_emb_seq=False]" file="tests/vector_field_nets_test.py" line="86" time="0.013" /><testcase classname="tests.vector_field_nets_test" name="test_vector_field_builders_shape_and_build[condition_event_shape0-2-3-16-random_fourier-tr-hidden_features=32-num_layers=2-num_heads=4-mlp_ratio=4-is_x_emb_seq=False]" file="tests/vector_field_nets_test.py" line="86" time="0.006" /><testcase classname="tests.vector_field_nets_test" name="test_vector_field_builders_shape_and_build[condition_event_shape0-2-3-16-random_fourier-trX-hidden_features=16-num_layers=1-num_heads=4-mlp_ratio=4-is_x_emb_seq=True]" file="tests/vector_field_nets_test.py" line="86" time="0.006" /><testcase classname="tests.vector_field_nets_test" name="test_vector_field_builders_shape_and_build[condition_event_shape0-2-3-8-sinusoidal-tr-hidden_features=32-num_layers=2-num_heads=4-mlp_ratio=4-is_x_emb_seq=False]" file="tests/vector_field_nets_test.py" line="86" time="0.014" /><testcase classname="tests.vector_field_nets_test" name="test_vector_field_builders_shape_and_build[condition_event_shape0-2-3-16-random_fourier-trX-hidden_features=16-num_layers=2-num_heads=4-mlp_ratio=4-is_x_emb_seq=True]" file="tests/vector_field_nets_test.py" line="86" time="0.007" /><testcase classname="tests.vector_field_nets_test" name="test_vector_field_builders_shape_and_build[condition_event_shape0-2-3-16-random_fourier-trX-hidden_features=32-num_layers=1-num_heads=4-mlp_ratio=4-is_x_emb_seq=True]" file="tests/vector_field_nets_test.py" line="86" time="0.008" /><testcase classname="tests.vector_field_nets_test" name="test_vector_field_builders_shape_and_build[condition_event_shape0-2-3-8-sinusoidal-trX-hidden_features=16-num_layers=1-num_heads=4-mlp_ratio=4-is_x_emb_seq=True]" file="tests/vector_field_nets_test.py" line="86" time="0.012" /><testcase classname="tests.vector_field_nets_test" name="test_vector_field_builders_shape_and_build[condition_event_shape0-2-3-16-random_fourier-trX-hidden_features=32-num_layers=2-num_heads=4-mlp_ratio=4-is_x_emb_seq=True]" file="tests/vector_field_nets_test.py" line="86" time="0.007" /><testcase classname="tests.vector_field_nets_test" name="test_vector_field_builders_shape_and_build[condition_event_shape1-1-1-8-sinusoidal-mlp-hidden_features=16-num_layers=2-layer_norm=True]" file="tests/vector_field_nets_test.py" line="86" time="0.004" /><testcase classname="tests.vector_field_nets_test" name="test_vector_field_builders_shape_and_build[condition_event_shape0-2-3-8-sinusoidal-trX-hidden_features=16-num_layers=2-num_heads=4-mlp_ratio=4-is_x_emb_seq=True]" file="tests/vector_field_nets_test.py" line="86" time="0.020" /><testcase classname="tests.vector_field_nets_test" name="test_vector_field_builders_shape_and_build[condition_event_shape1-1-1-8-sinusoidal-mlp-hidden_features=[16, 32]-num_layers=2-layer_norm=True]" file="tests/vector_field_nets_test.py" line="86" time="0.006" /><testcase classname="tests.vector_field_nets_test" name="test_vector_field_builders_shape_and_build[condition_event_shape1-1-1-8-sinusoidal-adamlp-hidden_features=8-num_layers=2-mlp_ratio=4]" file="tests/vector_field_nets_test.py" line="86" time="0.004" /><testcase classname="tests.vector_field_nets_test" name="test_vector_field_builders_shape_and_build[condition_event_shape1-1-1-8-sinusoidal-adamlp-hidden_features=16-num_layers=2-mlp_ratio=4]" file="tests/vector_field_nets_test.py" line="86" time="0.006" /><testcase classname="tests.vector_field_nets_test" name="test_vector_field_builders_shape_and_build[condition_event_shape1-1-1-8-sinusoidal-tr-hidden_features=16-num_layers=1-num_heads=4-mlp_ratio=4-is_x_emb_seq=False]" file="tests/vector_field_nets_test.py" line="86" time="0.007" /><testcase classname="tests.vector_field_nets_test" name="test_vector_field_builders_shape_and_build[condition_event_shape0-2-3-8-sinusoidal-trX-hidden_features=32-num_layers=1-num_heads=4-mlp_ratio=4-is_x_emb_seq=True]" file="tests/vector_field_nets_test.py" line="86" time="0.014" /><testcase classname="tests.vector_field_nets_test" name="test_vector_field_builders_shape_and_build[condition_event_shape1-1-1-8-sinusoidal-tr-hidden_features=16-num_layers=2-num_heads=4-mlp_ratio=4-is_x_emb_seq=False]" file="tests/vector_field_nets_test.py" line="86" time="0.007" /><testcase classname="tests.vector_field_nets_test" name="test_vector_field_builders_shape_and_build[condition_event_shape1-1-1-8-sinusoidal-tr-hidden_features=32-num_layers=1-num_heads=4-mlp_ratio=4-is_x_emb_seq=False]" file="tests/vector_field_nets_test.py" line="86" time="0.007" /><testcase classname="tests.vector_field_nets_test" name="test_vector_field_builders_shape_and_build[condition_event_shape0-2-3-8-sinusoidal-trX-hidden_features=32-num_layers=2-num_heads=4-mlp_ratio=4-is_x_emb_seq=True]" file="tests/vector_field_nets_test.py" line="86" time="0.014" /><testcase classname="tests.vector_field_nets_test" name="test_vector_field_builders_shape_and_build[condition_event_shape1-1-1-8-sinusoidal-tr-hidden_features=32-num_layers=2-num_heads=4-mlp_ratio=4-is_x_emb_seq=False]" file="tests/vector_field_nets_test.py" line="86" time="0.006" /><testcase classname="tests.vector_field_nets_test" name="test_vector_field_builders_shape_and_build[condition_event_shape1-1-1-16-sinusoidal-mlp-hidden_features=[16, 32]-num_layers=2-layer_norm=True]" file="tests/vector_field_nets_test.py" line="86" time="0.004" /><testcase classname="tests.vector_field_nets_test" name="test_vector_field_builders_shape_and_build[condition_event_shape0-2-3-8-random_fourier-mlp-hidden_features=16-num_layers=2-layer_norm=True]" file="tests/vector_field_nets_test.py" line="86" time="0.008" /><testcase classname="tests.vector_field_nets_test" name="test_vector_field_builders_shape_and_build[condition_event_shape1-1-1-16-sinusoidal-adamlp-hidden_features=8-num_layers=2-mlp_ratio=4]" file="tests/vector_field_nets_test.py" line="86" time="0.004" /><testcase classname="tests.vector_field_nets_test" name="test_vector_field_builders_shape_and_build[condition_event_shape1-1-1-16-sinusoidal-adamlp-hidden_features=16-num_layers=2-mlp_ratio=4]" file="tests/vector_field_nets_test.py" line="86" time="0.004" /><testcase classname="tests.vector_field_nets_test" name="test_vector_field_builders_shape_and_build[condition_event_shape0-2-3-8-random_fourier-mlp-hidden_features=[16, 32]-num_layers=2-layer_norm=True]" file="tests/vector_field_nets_test.py" line="86" time="0.009" /><testcase classname="tests.vector_field_nets_test" name="test_vector_field_builders_shape_and_build[condition_event_shape1-1-1-16-sinusoidal-tr-hidden_features=16-num_layers=1-num_heads=4-mlp_ratio=4-is_x_emb_seq=False]" file="tests/vector_field_nets_test.py" line="86" time="0.006" /><testcase classname="tests.vector_field_nets_test" name="test_vector_field_builders_shape_and_build[condition_event_shape1-1-1-16-sinusoidal-tr-hidden_features=16-num_layers=2-num_heads=4-mlp_ratio=4-is_x_emb_seq=False]" file="tests/vector_field_nets_test.py" line="86" time="0.005" /><testcase classname="tests.vector_field_nets_test" name="test_vector_field_builders_shape_and_build[condition_event_shape0-2-3-8-random_fourier-adamlp-hidden_features=8-num_layers=2-mlp_ratio=4]" file="tests/vector_field_nets_test.py" line="86" time="0.009" /><testcase classname="tests.vector_field_nets_test" name="test_vector_field_builders_shape_and_build[condition_event_shape1-1-1-16-sinusoidal-tr-hidden_features=32-num_layers=1-num_heads=4-mlp_ratio=4-is_x_emb_seq=False]" file="tests/vector_field_nets_test.py" line="86" time="0.004" /><testcase classname="tests.vector_field_nets_test" name="test_vector_field_builders_shape_and_build[condition_event_shape1-1-1-16-sinusoidal-tr-hidden_features=32-num_layers=2-num_heads=4-mlp_ratio=4-is_x_emb_seq=False]" file="tests/vector_field_nets_test.py" line="86" time="0.007" /><testcase classname="tests.vector_field_nets_test" name="test_vector_field_builders_shape_and_build[condition_event_shape1-1-1-16-sinusoidal-trX-hidden_features=16-num_layers=1-num_heads=4-mlp_ratio=4-is_x_emb_seq=True]" file="tests/vector_field_nets_test.py" line="86" time="0.005" /><testcase classname="tests.vector_field_nets_test" name="test_vector_field_builders_shape_and_build[condition_event_shape1-1-1-16-sinusoidal-trX-hidden_features=16-num_layers=2-num_heads=4-mlp_ratio=4-is_x_emb_seq=True]" file="tests/vector_field_nets_test.py" line="86" time="0.005" /><testcase classname="tests.vector_field_nets_test" name="test_vector_field_builders_shape_and_build[condition_event_shape1-1-1-16-sinusoidal-trX-hidden_features=32-num_layers=1-num_heads=4-mlp_ratio=4-is_x_emb_seq=True]" file="tests/vector_field_nets_test.py" line="86" time="0.006" /><testcase classname="tests.vector_field_nets_test" name="test_vector_field_builders_shape_and_build[condition_event_shape1-1-1-16-sinusoidal-trX-hidden_features=32-num_layers=2-num_heads=4-mlp_ratio=4-is_x_emb_seq=True]" file="tests/vector_field_nets_test.py" line="86" time="0.005" /><testcase classname="tests.vector_field_nets_test" name="test_vector_field_builders_shape_and_build[condition_event_shape0-2-3-8-random_fourier-adamlp-hidden_features=16-num_layers=2-mlp_ratio=4]" file="tests/vector_field_nets_test.py" line="86" time="0.075" /><testcase classname="tests.vector_field_nets_test" name="test_vector_field_builders_shape_and_build[condition_event_shape1-1-1-16-random_fourier-mlp-hidden_features=16-num_layers=2-layer_norm=True]" file="tests/vector_field_nets_test.py" line="86" time="0.004" /><testcase classname="tests.vector_field_nets_test" name="test_vector_field_builders_shape_and_build[condition_event_shape1-1-1-16-random_fourier-mlp-hidden_features=[16, 32]-num_layers=2-layer_norm=True]" file="tests/vector_field_nets_test.py" line="86" time="0.005" /><testcase classname="tests.vector_field_nets_test" name="test_vector_field_builders_shape_and_build[condition_event_shape1-1-1-16-random_fourier-adamlp-hidden_features=8-num_layers=2-mlp_ratio=4]" file="tests/vector_field_nets_test.py" line="86" time="0.004" /><testcase classname="tests.vector_field_nets_test" name="test_vector_field_builders_shape_and_build[condition_event_shape1-1-1-16-random_fourier-adamlp-hidden_features=16-num_layers=2-mlp_ratio=4]" file="tests/vector_field_nets_test.py" line="86" time="0.005" /><testcase classname="tests.vector_field_nets_test" name="test_vector_field_builders_shape_and_build[condition_event_shape1-1-1-16-random_fourier-tr-hidden_features=16-num_layers=1-num_heads=4-mlp_ratio=4-is_x_emb_seq=False]" file="tests/vector_field_nets_test.py" line="86" time="0.004" /><testcase classname="tests.vector_field_nets_test" name="test_vector_field_builders_shape_and_build[condition_event_shape1-1-1-16-random_fourier-tr-hidden_features=16-num_layers=2-num_heads=4-mlp_ratio=4-is_x_emb_seq=False]" file="tests/vector_field_nets_test.py" line="86" time="0.005" /><testcase classname="tests.vector_field_nets_test" name="test_vector_field_builders_shape_and_build[condition_event_shape1-1-1-16-random_fourier-tr-hidden_features=32-num_layers=1-num_heads=4-mlp_ratio=4-is_x_emb_seq=False]" file="tests/vector_field_nets_test.py" line="86" time="0.004" /><testcase classname="tests.vector_field_nets_test" name="test_vector_field_builders_shape_and_build[condition_event_shape1-1-1-16-random_fourier-tr-hidden_features=32-num_layers=2-num_heads=4-mlp_ratio=4-is_x_emb_seq=False]" file="tests/vector_field_nets_test.py" line="86" time="0.005" /><testcase classname="tests.vector_field_nets_test" name="test_vector_field_builders_shape_and_build[condition_event_shape1-1-1-16-random_fourier-trX-hidden_features=16-num_layers=1-num_heads=4-mlp_ratio=4-is_x_emb_seq=True]" file="tests/vector_field_nets_test.py" line="86" time="0.005" /><testcase classname="tests.vector_field_nets_test" name="test_vector_field_builders_shape_and_build[condition_event_shape1-1-1-16-random_fourier-trX-hidden_features=16-num_layers=2-num_heads=4-mlp_ratio=4-is_x_emb_seq=True]" file="tests/vector_field_nets_test.py" line="86" time="0.006" /><testcase classname="tests.vector_field_nets_test" name="test_vector_field_builders_shape_and_build[condition_event_shape0-2-3-8-random_fourier-tr-hidden_features=16-num_layers=1-num_heads=4-mlp_ratio=4-is_x_emb_seq=False]" file="tests/vector_field_nets_test.py" line="86" time="0.011" /><testcase classname="tests.vector_field_nets_test" name="test_vector_field_builders_shape_and_build[condition_event_shape1-1-1-16-random_fourier-trX-hidden_features=32-num_layers=1-num_heads=4-mlp_ratio=4-is_x_emb_seq=True]" file="tests/vector_field_nets_test.py" line="86" time="0.004" /><testcase classname="tests.vector_field_nets_test" name="test_vector_field_builders_shape_and_build[condition_event_shape1-1-1-16-random_fourier-trX-hidden_features=32-num_layers=2-num_heads=4-mlp_ratio=4-is_x_emb_seq=True]" file="tests/vector_field_nets_test.py" line="86" time="0.005" /><testcase classname="tests.vector_field_nets_test" name="test_vector_field_builders_shape_and_build[condition_event_shape0-2-3-8-random_fourier-tr-hidden_features=16-num_layers=2-num_heads=4-mlp_ratio=4-is_x_emb_seq=False]" file="tests/vector_field_nets_test.py" line="86" time="0.012" /><testcase classname="tests.vector_field_nets_test" name="test_vector_field_builders_shape_and_build[condition_event_shape1-1-3-8-sinusoidal-mlp-hidden_features=16-num_layers=2-layer_norm=True]" file="tests/vector_field_nets_test.py" line="86" time="0.007" /><testcase classname="tests.vector_field_nets_test" name="test_vector_field_builders_shape_and_build[condition_event_shape1-1-3-8-sinusoidal-mlp-hidden_features=[16, 32]-num_layers=2-layer_norm=True]" file="tests/vector_field_nets_test.py" line="86" time="0.004" /><testcase classname="tests.vector_field_nets_test" name="test_vector_field_builders_shape_and_build[condition_event_shape1-1-3-8-sinusoidal-adamlp-hidden_features=8-num_layers=2-mlp_ratio=4]" file="tests/vector_field_nets_test.py" line="86" time="0.004" /><testcase classname="tests.vector_field_nets_test" name="test_vector_field_builders_shape_and_build[condition_event_shape0-2-3-8-random_fourier-tr-hidden_features=32-num_layers=1-num_heads=4-mlp_ratio=4-is_x_emb_seq=False]" file="tests/vector_field_nets_test.py" line="86" time="0.012" /><testcase classname="tests.vector_field_nets_test" name="test_vector_field_builders_shape_and_build[condition_event_shape1-1-3-8-sinusoidal-adamlp-hidden_features=16-num_layers=2-mlp_ratio=4]" file="tests/vector_field_nets_test.py" line="86" time="0.006" /><testcase classname="tests.vector_field_nets_test" name="test_vector_field_builders_shape_and_build[condition_event_shape1-1-3-8-sinusoidal-tr-hidden_features=16-num_layers=1-num_heads=4-mlp_ratio=4-is_x_emb_seq=False]" file="tests/vector_field_nets_test.py" line="86" time="0.004" /><testcase classname="tests.vector_field_nets_test" name="test_vector_field_builders_shape_and_build[condition_event_shape1-1-3-8-sinusoidal-tr-hidden_features=16-num_layers=2-num_heads=4-mlp_ratio=4-is_x_emb_seq=False]" file="tests/vector_field_nets_test.py" line="86" time="0.005" /><testcase classname="tests.vector_field_nets_test" name="test_vector_field_builders_shape_and_build[condition_event_shape1-1-3-8-sinusoidal-tr-hidden_features=32-num_layers=1-num_heads=4-mlp_ratio=4-is_x_emb_seq=False]" file="tests/vector_field_nets_test.py" line="86" time="0.004" /><testcase classname="tests.vector_field_nets_test" name="test_vector_field_builders_shape_and_build[condition_event_shape0-2-3-8-random_fourier-tr-hidden_features=32-num_layers=2-num_heads=4-mlp_ratio=4-is_x_emb_seq=False]" file="tests/vector_field_nets_test.py" line="86" time="0.037" /><testcase classname="tests.vector_field_nets_test" name="test_vector_field_builders_shape_and_build[condition_event_shape1-1-3-8-sinusoidal-tr-hidden_features=32-num_layers=2-num_heads=4-mlp_ratio=4-is_x_emb_seq=False]" file="tests/vector_field_nets_test.py" line="86" time="0.005" /><testcase classname="tests.vector_field_nets_test" name="test_vector_field_builders_shape_and_build[condition_event_shape1-1-3-8-sinusoidal-trX-hidden_features=16-num_layers=1-num_heads=4-mlp_ratio=4-is_x_emb_seq=True]" file="tests/vector_field_nets_test.py" line="86" time="0.005" /><testcase classname="tests.vector_field_nets_test" name="test_vector_field_builders_shape_and_build[condition_event_shape1-1-3-8-sinusoidal-trX-hidden_features=16-num_layers=2-num_heads=4-mlp_ratio=4-is_x_emb_seq=True]" file="tests/vector_field_nets_test.py" line="86" time="0.009" /><testcase classname="tests.vector_field_nets_test" name="test_vector_field_builders_shape_and_build[condition_event_shape1-1-3-8-sinusoidal-trX-hidden_features=32-num_layers=1-num_heads=4-mlp_ratio=4-is_x_emb_seq=True]" file="tests/vector_field_nets_test.py" line="86" time="0.005" /><testcase classname="tests.vector_field_nets_test" name="test_vector_field_builders_shape_and_build[condition_event_shape1-1-3-8-sinusoidal-trX-hidden_features=32-num_layers=2-num_heads=4-mlp_ratio=4-is_x_emb_seq=True]" file="tests/vector_field_nets_test.py" line="86" time="0.007" /><testcase classname="tests.vector_field_nets_test" name="test_vector_field_builders_shape_and_build[condition_event_shape1-1-1-8-sinusoidal-trX-hidden_features=16-num_layers=1-num_heads=4-mlp_ratio=4-is_x_emb_seq=True]" file="tests/vector_field_nets_test.py" line="86" time="0.012" /><testcase classname="tests.vector_field_nets_test" name="test_vector_field_builders_shape_and_build[condition_event_shape1-1-3-8-random_fourier-mlp-hidden_features=16-num_layers=2-layer_norm=True]" file="tests/vector_field_nets_test.py" line="86" time="0.005" /><testcase classname="tests.vector_field_nets_test" name="test_vector_field_builders_shape_and_build[condition_event_shape1-1-3-8-random_fourier-mlp-hidden_features=[16, 32]-num_layers=2-layer_norm=True]" file="tests/vector_field_nets_test.py" line="86" time="0.005" /><testcase classname="tests.vector_field_nets_test" name="test_vector_field_builders_shape_and_build[condition_event_shape1-1-1-8-sinusoidal-trX-hidden_features=16-num_layers=2-num_heads=4-mlp_ratio=4-is_x_emb_seq=True]" file="tests/vector_field_nets_test.py" line="86" time="0.014" /><testcase classname="tests.vector_field_nets_test" name="test_vector_field_builders_shape_and_build[condition_event_shape1-1-3-8-random_fourier-adamlp-hidden_features=8-num_layers=2-mlp_ratio=4]" file="tests/vector_field_nets_test.py" line="86" time="0.004" /><testcase classname="tests.vector_field_nets_test" name="test_vector_field_builders_shape_and_build[condition_event_shape1-1-3-8-random_fourier-adamlp-hidden_features=16-num_layers=2-mlp_ratio=4]" file="tests/vector_field_nets_test.py" line="86" time="0.004" /><testcase classname="tests.vector_field_nets_test" name="test_vector_field_builders_shape_and_build[condition_event_shape1-1-3-8-random_fourier-tr-hidden_features=16-num_layers=1-num_heads=4-mlp_ratio=4-is_x_emb_seq=False]" file="tests/vector_field_nets_test.py" line="86" time="0.004" /><testcase classname="tests.vector_field_nets_test" name="test_vector_field_builders_shape_and_build[condition_event_shape1-1-3-8-random_fourier-tr-hidden_features=16-num_layers=2-num_heads=4-mlp_ratio=4-is_x_emb_seq=False]" file="tests/vector_field_nets_test.py" line="86" time="0.006" /><testcase classname="tests.vector_field_nets_test" name="test_vector_field_builders_shape_and_build[condition_event_shape1-1-1-8-sinusoidal-trX-hidden_features=32-num_layers=1-num_heads=4-mlp_ratio=4-is_x_emb_seq=True]" file="tests/vector_field_nets_test.py" line="86" time="0.025" /><testcase classname="tests.vector_field_nets_test" name="test_vector_field_builders_shape_and_build[condition_event_shape1-1-3-8-random_fourier-tr-hidden_features=32-num_layers=1-num_heads=4-mlp_ratio=4-is_x_emb_seq=False]" file="tests/vector_field_nets_test.py" line="86" time="0.005" /><testcase classname="tests.vector_field_nets_test" name="test_vector_field_builders_shape_and_build[condition_event_shape1-1-3-8-random_fourier-tr-hidden_features=32-num_layers=2-num_heads=4-mlp_ratio=4-is_x_emb_seq=False]" file="tests/vector_field_nets_test.py" line="86" time="0.006" /><testcase classname="tests.vector_field_nets_test" name="test_vector_field_builders_shape_and_build[condition_event_shape1-1-3-8-random_fourier-trX-hidden_features=16-num_layers=1-num_heads=4-mlp_ratio=4-is_x_emb_seq=True]" file="tests/vector_field_nets_test.py" line="86" time="0.005" /><testcase classname="tests.ensemble_test" name="test_ensemble_posterior_weights[None-None]" file="tests/ensemble_test.py" line="156" time="0.217" /><testcase classname="tests.vector_field_nets_test" name="test_vector_field_builders_shape_and_build[condition_event_shape1-1-3-8-random_fourier-trX-hidden_features=16-num_layers=2-num_heads=4-mlp_ratio=4-is_x_emb_seq=True]" file="tests/vector_field_nets_test.py" line="86" time="0.009" /><testcase classname="tests.vector_field_nets_test" name="test_vector_field_builders_shape_and_build[condition_event_shape1-1-3-8-random_fourier-trX-hidden_features=32-num_layers=1-num_heads=4-mlp_ratio=4-is_x_emb_seq=True]" file="tests/vector_field_nets_test.py" line="86" time="0.008" /><testcase classname="tests.vector_field_nets_test" name="test_vector_field_builders_shape_and_build[condition_event_shape1-1-3-8-random_fourier-trX-hidden_features=32-num_layers=2-num_heads=4-mlp_ratio=4-is_x_emb_seq=True]" file="tests/vector_field_nets_test.py" line="86" time="0.008" /><testcase classname="tests.vector_field_nets_test" name="test_vector_field_builders_shape_and_build[condition_event_shape1-1-1-8-sinusoidal-trX-hidden_features=32-num_layers=2-num_heads=4-mlp_ratio=4-is_x_emb_seq=True]" file="tests/vector_field_nets_test.py" line="86" time="0.032" /><testcase classname="tests.vector_field_nets_test" name="test_vector_field_builders_shape_and_build[condition_event_shape1-1-3-16-sinusoidal-mlp-hidden_features=16-num_layers=2-layer_norm=True]" file="tests/vector_field_nets_test.py" line="86" time="0.004" /><testcase classname="tests.vector_field_nets_test" name="test_vector_field_builders_shape_and_build[condition_event_shape1-1-3-16-sinusoidal-mlp-hidden_features=[16, 32]-num_layers=2-layer_norm=True]" file="tests/vector_field_nets_test.py" line="86" time="0.004" /><testcase classname="tests.vector_field_nets_test" name="test_vector_field_builders_shape_and_build[condition_event_shape1-1-3-16-sinusoidal-adamlp-hidden_features=8-num_layers=2-mlp_ratio=4]" file="tests/vector_field_nets_test.py" line="86" time="0.004" /><testcase classname="tests.vector_field_nets_test" name="test_vector_field_builders_shape_and_build[condition_event_shape1-1-1-8-random_fourier-mlp-hidden_features=16-num_layers=2-layer_norm=True]" file="tests/vector_field_nets_test.py" line="86" time="0.011" /><testcase classname="tests.vector_field_nets_test" name="test_vector_field_builders_shape_and_build[condition_event_shape1-1-3-16-sinusoidal-adamlp-hidden_features=16-num_layers=2-mlp_ratio=4]" file="tests/vector_field_nets_test.py" line="86" time="0.004" /><testcase classname="tests.vector_field_nets_test" name="test_vector_field_builders_shape_and_build[condition_event_shape1-1-3-16-sinusoidal-tr-hidden_features=16-num_layers=1-num_heads=4-mlp_ratio=4-is_x_emb_seq=False]" file="tests/vector_field_nets_test.py" line="86" time="0.004" /><testcase classname="tests.posterior_nn_test" name="test_batched_mcmc_sample_log_prob_with_different_x[sample_shape0-proposal-2-NRE_C]" file="tests/posterior_nn_test.py" line="177" time="8.865" /><testcase classname="tests.vector_field_nets_test" name="test_vector_field_builders_shape_and_build[condition_event_shape1-1-1-8-random_fourier-mlp-hidden_features=[16, 32]-num_layers=2-layer_norm=True]" file="tests/vector_field_nets_test.py" line="86" time="0.009" /><testcase classname="tests.vector_field_nets_test" name="test_vector_field_builders_shape_and_build[condition_event_shape1-1-3-16-sinusoidal-tr-hidden_features=16-num_layers=2-num_heads=4-mlp_ratio=4-is_x_emb_seq=False]" file="tests/vector_field_nets_test.py" line="86" time="0.006" /><testcase classname="tests.vector_field_nets_test" name="test_vector_field_builders_shape_and_build[condition_event_shape1-1-3-16-sinusoidal-tr-hidden_features=32-num_layers=1-num_heads=4-mlp_ratio=4-is_x_emb_seq=False]" file="tests/vector_field_nets_test.py" line="86" time="0.005" /><testcase classname="tests.vector_field_nets_test" name="test_vector_field_builders_shape_and_build[condition_event_shape1-1-1-8-random_fourier-adamlp-hidden_features=8-num_layers=2-mlp_ratio=4]" file="tests/vector_field_nets_test.py" line="86" time="0.011" /><testcase classname="tests.vector_field_nets_test" name="test_vector_field_builders_shape_and_build[condition_event_shape1-1-3-16-sinusoidal-tr-hidden_features=32-num_layers=2-num_heads=4-mlp_ratio=4-is_x_emb_seq=False]" file="tests/vector_field_nets_test.py" line="86" time="0.006" /><testcase classname="tests.vector_field_nets_test" name="test_vector_field_builders_shape_and_build[condition_event_shape1-1-3-16-sinusoidal-trX-hidden_features=16-num_layers=1-num_heads=4-mlp_ratio=4-is_x_emb_seq=True]" file="tests/vector_field_nets_test.py" line="86" time="0.006" /><testcase classname="tests.vector_field_nets_test" name="test_vector_field_builders_shape_and_build[condition_event_shape1-1-1-8-random_fourier-adamlp-hidden_features=16-num_layers=2-mlp_ratio=4]" file="tests/vector_field_nets_test.py" line="86" time="0.010" /><testcase classname="tests.vector_field_nets_test" name="test_vector_field_builders_shape_and_build[condition_event_shape1-1-3-16-sinusoidal-trX-hidden_features=16-num_layers=2-num_heads=4-mlp_ratio=4-is_x_emb_seq=True]" file="tests/vector_field_nets_test.py" line="86" time="0.007" /><testcase classname="tests.vector_field_nets_test" name="test_vector_field_builders_shape_and_build[condition_event_shape1-1-3-16-sinusoidal-trX-hidden_features=32-num_layers=1-num_heads=4-mlp_ratio=4-is_x_emb_seq=True]" file="tests/vector_field_nets_test.py" line="86" time="0.006" /><testcase classname="tests.vector_field_nets_test" name="test_vector_field_builders_shape_and_build[condition_event_shape1-1-1-8-random_fourier-tr-hidden_features=16-num_layers=1-num_heads=4-mlp_ratio=4-is_x_emb_seq=False]" file="tests/vector_field_nets_test.py" line="86" time="0.010" /><testcase classname="tests.vector_field_nets_test" name="test_vector_field_builders_shape_and_build[condition_event_shape1-1-3-16-sinusoidal-trX-hidden_features=32-num_layers=2-num_heads=4-mlp_ratio=4-is_x_emb_seq=True]" file="tests/vector_field_nets_test.py" line="86" time="0.006" /><testcase classname="tests.vector_field_nets_test" name="test_vector_field_builders_shape_and_build[condition_event_shape1-1-1-8-random_fourier-tr-hidden_features=16-num_layers=2-num_heads=4-mlp_ratio=4-is_x_emb_seq=False]" file="tests/vector_field_nets_test.py" line="86" time="0.012" /><testcase classname="tests.vector_field_nets_test" name="test_vector_field_builders_shape_and_build[condition_event_shape1-1-3-16-random_fourier-mlp-hidden_features=16-num_layers=2-layer_norm=True]" file="tests/vector_field_nets_test.py" line="86" time="0.003" /><testcase classname="tests.vector_field_nets_test" name="test_vector_field_builders_shape_and_build[condition_event_shape1-1-3-16-random_fourier-mlp-hidden_features=[16, 32]-num_layers=2-layer_norm=True]" file="tests/vector_field_nets_test.py" line="86" time="0.004" /><testcase classname="tests.vector_field_nets_test" name="test_vector_field_builders_shape_and_build[condition_event_shape1-1-3-16-random_fourier-adamlp-hidden_features=8-num_layers=2-mlp_ratio=4]" file="tests/vector_field_nets_test.py" line="86" time="0.004" /><testcase classname="tests.vector_field_nets_test" name="test_vector_field_builders_shape_and_build[condition_event_shape1-1-3-16-random_fourier-adamlp-hidden_features=16-num_layers=2-mlp_ratio=4]" file="tests/vector_field_nets_test.py" line="86" time="0.004" /><testcase classname="tests.vector_field_nets_test" name="test_vector_field_builders_shape_and_build[condition_event_shape1-1-1-8-random_fourier-tr-hidden_features=32-num_layers=1-num_heads=4-mlp_ratio=4-is_x_emb_seq=False]" file="tests/vector_field_nets_test.py" line="86" time="0.011" /><testcase classname="tests.vector_field_nets_test" name="test_vector_field_builders_shape_and_build[condition_event_shape1-1-3-16-random_fourier-tr-hidden_features=16-num_layers=1-num_heads=4-mlp_ratio=4-is_x_emb_seq=False]" file="tests/vector_field_nets_test.py" line="86" time="0.004" /><testcase classname="tests.vector_field_nets_test" name="test_vector_field_builders_shape_and_build[condition_event_shape1-1-3-16-random_fourier-tr-hidden_features=16-num_layers=2-num_heads=4-mlp_ratio=4-is_x_emb_seq=False]" file="tests/vector_field_nets_test.py" line="86" time="0.005" /><testcase classname="tests.vector_field_nets_test" name="test_vector_field_builders_shape_and_build[condition_event_shape1-1-1-8-random_fourier-tr-hidden_features=32-num_layers=2-num_heads=4-mlp_ratio=4-is_x_emb_seq=False]" file="tests/vector_field_nets_test.py" line="86" time="0.013" /><testcase classname="tests.vector_field_nets_test" name="test_vector_field_builders_shape_and_build[condition_event_shape1-2-1-8-sinusoidal-trX-hidden_features=16-num_layers=2-num_heads=4-mlp_ratio=4-is_x_emb_seq=True]" file="tests/vector_field_nets_test.py" line="86" time="0.006" /><testcase classname="tests.vector_field_nets_test" name="test_vector_field_builders_shape_and_build[condition_event_shape1-2-1-8-sinusoidal-trX-hidden_features=32-num_layers=1-num_heads=4-mlp_ratio=4-is_x_emb_seq=True]" file="tests/vector_field_nets_test.py" line="86" time="0.006" /><testcase classname="tests.vector_field_nets_test" name="test_vector_field_builders_shape_and_build[condition_event_shape1-1-1-8-random_fourier-trX-hidden_features=16-num_layers=1-num_heads=4-mlp_ratio=4-is_x_emb_seq=True]" file="tests/vector_field_nets_test.py" line="86" time="0.012" /><testcase classname="tests.vector_field_nets_test" name="test_vector_field_builders_shape_and_build[condition_event_shape1-2-1-8-sinusoidal-trX-hidden_features=32-num_layers=2-num_heads=4-mlp_ratio=4-is_x_emb_seq=True]" file="tests/vector_field_nets_test.py" line="86" time="0.006" /><testcase classname="tests.vector_field_nets_test" name="test_vector_field_builders_shape_and_build[condition_event_shape1-2-1-8-random_fourier-mlp-hidden_features=16-num_layers=2-layer_norm=True]" file="tests/vector_field_nets_test.py" line="86" time="0.004" /><testcase classname="tests.vector_field_nets_test" name="test_vector_field_builders_shape_and_build[condition_event_shape1-1-1-8-random_fourier-trX-hidden_features=16-num_layers=2-num_heads=4-mlp_ratio=4-is_x_emb_seq=True]" file="tests/vector_field_nets_test.py" line="86" time="0.015" /><testcase classname="tests.vector_field_nets_test" name="test_vector_field_builders_shape_and_build[condition_event_shape1-2-1-8-random_fourier-mlp-hidden_features=[16, 32]-num_layers=2-layer_norm=True]" file="tests/vector_field_nets_test.py" line="86" time="0.005" /><testcase classname="tests.vector_field_nets_test" name="test_vector_field_builders_shape_and_build[condition_event_shape1-2-1-8-random_fourier-adamlp-hidden_features=8-num_layers=2-mlp_ratio=4]" file="tests/vector_field_nets_test.py" line="86" time="0.004" /><testcase classname="tests.vector_field_nets_test" name="test_vector_field_builders_shape_and_build[condition_event_shape1-2-1-8-random_fourier-adamlp-hidden_features=16-num_layers=2-mlp_ratio=4]" file="tests/vector_field_nets_test.py" line="86" time="0.004" /><testcase classname="tests.vector_field_nets_test" name="test_vector_field_builders_shape_and_build[condition_event_shape1-2-1-8-random_fourier-tr-hidden_features=16-num_layers=1-num_heads=4-mlp_ratio=4-is_x_emb_seq=False]" file="tests/vector_field_nets_test.py" line="86" time="0.004" /><testcase classname="tests.vector_field_nets_test" name="test_vector_field_builders_shape_and_build[condition_event_shape1-1-1-8-random_fourier-trX-hidden_features=32-num_layers=1-num_heads=4-mlp_ratio=4-is_x_emb_seq=True]" file="tests/vector_field_nets_test.py" line="86" time="0.011" /><testcase classname="tests.vector_field_nets_test" name="test_vector_field_builders_shape_and_build[condition_event_shape1-2-1-8-random_fourier-tr-hidden_features=16-num_layers=2-num_heads=4-mlp_ratio=4-is_x_emb_seq=False]" file="tests/vector_field_nets_test.py" line="86" time="0.007" /><testcase classname="tests.vector_field_nets_test" name="test_vector_field_builders_shape_and_build[condition_event_shape1-2-1-8-random_fourier-tr-hidden_features=32-num_layers=1-num_heads=4-mlp_ratio=4-is_x_emb_seq=False]" file="tests/vector_field_nets_test.py" line="86" time="0.005" /><testcase classname="tests.mcmc_test" name="test_c2st_slice_np_vectorized_parallelized_on_Gaussian[1-SliceSamplerSerial-2]" file="tests/mcmc_test.py" line="61" time="9.467" /><testcase classname="tests.vector_field_nets_test" name="test_vector_field_builders_shape_and_build[condition_event_shape1-1-1-8-random_fourier-trX-hidden_features=32-num_layers=2-num_heads=4-mlp_ratio=4-is_x_emb_seq=True]" file="tests/vector_field_nets_test.py" line="86" time="0.014" /><testcase classname="tests.vector_field_nets_test" name="test_vector_field_builders_shape_and_build[condition_event_shape1-2-1-8-random_fourier-tr-hidden_features=32-num_layers=2-num_heads=4-mlp_ratio=4-is_x_emb_seq=False]" file="tests/vector_field_nets_test.py" line="86" time="0.006" /><testcase classname="tests.vector_field_nets_test" name="test_vector_field_builders_shape_and_build[condition_event_shape1-2-1-8-random_fourier-trX-hidden_features=16-num_layers=1-num_heads=4-mlp_ratio=4-is_x_emb_seq=True]" file="tests/vector_field_nets_test.py" line="86" time="0.005" /><testcase classname="tests.vector_field_nets_test" name="test_vector_field_builders_shape_and_build[condition_event_shape1-2-1-8-random_fourier-trX-hidden_features=16-num_layers=2-num_heads=4-mlp_ratio=4-is_x_emb_seq=True]" file="tests/vector_field_nets_test.py" line="86" time="0.010" /><testcase classname="tests.vector_field_nets_test" name="test_vector_field_builders_shape_and_build[condition_event_shape1-1-1-16-sinusoidal-mlp-hidden_features=16-num_layers=2-layer_norm=True]" file="tests/vector_field_nets_test.py" line="86" time="0.010" /><testcase classname="tests.ensemble_test" name="test_ensemble_posterior_weights[weights1-None]" file="tests/ensemble_test.py" line="156" time="0.228" /><testcase classname="tests.vector_field_nets_test" name="test_vector_field_builders_shape_and_build[condition_event_shape1-1-3-16-random_fourier-tr-hidden_features=32-num_layers=1-num_heads=4-mlp_ratio=4-is_x_emb_seq=False]" file="tests/vector_field_nets_test.py" line="86" time="0.010" /><testcase classname="tests.vector_field_nets_test" name="test_vector_field_builders_shape_and_build[condition_event_shape1-2-1-8-random_fourier-trX-hidden_features=32-num_layers=1-num_heads=4-mlp_ratio=4-is_x_emb_seq=True]" file="tests/vector_field_nets_test.py" line="86" time="0.005" /><testcase classname="tests.vector_field_nets_test" name="test_vector_field_builders_shape_and_build[condition_event_shape1-2-1-8-random_fourier-trX-hidden_features=32-num_layers=2-num_heads=4-mlp_ratio=4-is_x_emb_seq=True]" file="tests/vector_field_nets_test.py" line="86" time="0.008" /><testcase classname="tests.vector_field_nets_test" name="test_vector_field_builders_shape_and_build[condition_event_shape1-1-3-16-random_fourier-tr-hidden_features=32-num_layers=2-num_heads=4-mlp_ratio=4-is_x_emb_seq=False]" file="tests/vector_field_nets_test.py" line="86" time="0.014" /><testcase classname="tests.vector_field_nets_test" name="test_vector_field_builders_shape_and_build[condition_event_shape1-2-1-16-sinusoidal-mlp-hidden_features=16-num_layers=2-layer_norm=True]" file="tests/vector_field_nets_test.py" line="86" time="0.003" /><testcase classname="tests.vector_field_nets_test" name="test_vector_field_builders_shape_and_build[condition_event_shape1-2-1-16-sinusoidal-mlp-hidden_features=[16, 32]-num_layers=2-layer_norm=True]" file="tests/vector_field_nets_test.py" line="86" time="0.003" /><testcase classname="tests.vector_field_nets_test" name="test_vector_field_builders_shape_and_build[condition_event_shape1-2-1-16-sinusoidal-adamlp-hidden_features=8-num_layers=2-mlp_ratio=4]" file="tests/vector_field_nets_test.py" line="86" time="0.004" /><testcase classname="tests.vector_field_nets_test" name="test_vector_field_builders_shape_and_build[condition_event_shape1-2-1-16-sinusoidal-adamlp-hidden_features=16-num_layers=2-mlp_ratio=4]" file="tests/vector_field_nets_test.py" line="86" time="0.004" /><testcase classname="tests.vector_field_nets_test" name="test_vector_field_builders_shape_and_build[condition_event_shape1-1-3-16-random_fourier-trX-hidden_features=16-num_layers=1-num_heads=4-mlp_ratio=4-is_x_emb_seq=True]" file="tests/vector_field_nets_test.py" line="86" time="0.050" /><testcase classname="tests.vector_field_nets_test" name="test_vector_field_builders_shape_and_build[condition_event_shape1-2-1-16-sinusoidal-tr-hidden_features=16-num_layers=1-num_heads=4-mlp_ratio=4-is_x_emb_seq=False]" file="tests/vector_field_nets_test.py" line="86" time="0.025" /><testcase classname="tests.vector_field_nets_test" name="test_vector_field_builders_shape_and_build[condition_event_shape1-2-1-16-sinusoidal-tr-hidden_features=16-num_layers=2-num_heads=4-mlp_ratio=4-is_x_emb_seq=False]" file="tests/vector_field_nets_test.py" line="86" time="0.008" /><testcase classname="tests.vector_field_nets_test" name="test_vector_field_builders_shape_and_build[condition_event_shape1-2-1-16-sinusoidal-tr-hidden_features=32-num_layers=1-num_heads=4-mlp_ratio=4-is_x_emb_seq=False]" file="tests/vector_field_nets_test.py" line="86" time="0.004" /><testcase classname="tests.vector_field_nets_test" name="test_vector_field_builders_shape_and_build[condition_event_shape1-2-1-16-sinusoidal-tr-hidden_features=32-num_layers=2-num_heads=4-mlp_ratio=4-is_x_emb_seq=False]" file="tests/vector_field_nets_test.py" line="86" time="0.008" /><testcase classname="tests.vector_field_nets_test" name="test_vector_field_builders_shape_and_build[condition_event_shape1-2-1-16-sinusoidal-trX-hidden_features=16-num_layers=1-num_heads=4-mlp_ratio=4-is_x_emb_seq=True]" file="tests/vector_field_nets_test.py" line="86" time="0.006" /><testcase classname="tests.vector_field_nets_test" name="test_vector_field_builders_shape_and_build[condition_event_shape1-1-3-16-random_fourier-trX-hidden_features=16-num_layers=2-num_heads=4-mlp_ratio=4-is_x_emb_seq=True]" file="tests/vector_field_nets_test.py" line="86" time="0.017" /><testcase classname="tests.vector_field_nets_test" name="test_vector_field_builders_shape_and_build[condition_event_shape1-2-1-16-sinusoidal-trX-hidden_features=16-num_layers=2-num_heads=4-mlp_ratio=4-is_x_emb_seq=True]" file="tests/vector_field_nets_test.py" line="86" time="0.010" /><testcase classname="tests.vector_field_nets_test" name="test_vector_field_builders_shape_and_build[condition_event_shape1-1-3-16-random_fourier-trX-hidden_features=32-num_layers=1-num_heads=4-mlp_ratio=4-is_x_emb_seq=True]" file="tests/vector_field_nets_test.py" line="86" time="0.074" /><testcase classname="tests.vector_field_nets_test" name="test_vector_field_builders_shape_and_build[condition_event_shape1-2-1-16-sinusoidal-trX-hidden_features=32-num_layers=1-num_heads=4-mlp_ratio=4-is_x_emb_seq=True]" file="tests/vector_field_nets_test.py" line="86" time="0.005" /><testcase classname="tests.vector_field_nets_test" name="test_vector_field_builders_shape_and_build[condition_event_shape1-2-1-16-sinusoidal-trX-hidden_features=32-num_layers=2-num_heads=4-mlp_ratio=4-is_x_emb_seq=True]" file="tests/vector_field_nets_test.py" line="86" time="0.006" /><testcase classname="tests.vector_field_nets_test" name="test_vector_field_builders_shape_and_build[condition_event_shape1-2-1-16-random_fourier-mlp-hidden_features=16-num_layers=2-layer_norm=True]" file="tests/vector_field_nets_test.py" line="86" time="0.004" /><testcase classname="tests.vector_field_nets_test" name="test_vector_field_builders_shape_and_build[condition_event_shape1-2-1-16-random_fourier-mlp-hidden_features=[16, 32]-num_layers=2-layer_norm=True]" file="tests/vector_field_nets_test.py" line="86" time="0.003" /><testcase classname="tests.vector_field_nets_test" name="test_vector_field_builders_shape_and_build[condition_event_shape1-2-1-16-random_fourier-adamlp-hidden_features=8-num_layers=2-mlp_ratio=4]" file="tests/vector_field_nets_test.py" line="86" time="0.006" /><testcase classname="tests.score_samplers_test" name="test_gaussian_score_sampling[1.0--1.0-input_event_shape1-langevin-euler_maruyama-vp]" file="tests/score_samplers_test.py" line="171" time="1.314" /><testcase classname="tests.vector_field_nets_test" name="test_vector_field_builders_shape_and_build[condition_event_shape1-2-1-16-random_fourier-adamlp-hidden_features=16-num_layers=2-mlp_ratio=4]" file="tests/vector_field_nets_test.py" line="86" time="0.006" /><testcase classname="tests.vector_field_nets_test" name="test_vector_field_builders_shape_and_build[condition_event_shape1-2-1-16-random_fourier-tr-hidden_features=16-num_layers=1-num_heads=4-mlp_ratio=4-is_x_emb_seq=False]" file="tests/vector_field_nets_test.py" line="86" time="0.005" /><testcase classname="tests.vector_field_nets_test" name="test_vector_field_builders_shape_and_build[condition_event_shape1-2-1-16-random_fourier-tr-hidden_features=16-num_layers=2-num_heads=4-mlp_ratio=4-is_x_emb_seq=False]" file="tests/vector_field_nets_test.py" line="86" time="0.006" /><testcase classname="tests.vector_field_nets_test" name="test_vector_field_builders_shape_and_build[condition_event_shape1-2-1-16-random_fourier-tr-hidden_features=32-num_layers=1-num_heads=4-mlp_ratio=4-is_x_emb_seq=False]" file="tests/vector_field_nets_test.py" line="86" time="0.006" /><testcase classname="tests.vector_field_nets_test" name="test_vector_field_builders_shape_and_build[condition_event_shape1-2-1-16-random_fourier-tr-hidden_features=32-num_layers=2-num_heads=4-mlp_ratio=4-is_x_emb_seq=False]" file="tests/vector_field_nets_test.py" line="86" time="0.006" /><testcase classname="tests.vector_field_nets_test" name="test_vector_field_builders_shape_and_build[condition_event_shape1-2-1-16-random_fourier-trX-hidden_features=16-num_layers=1-num_heads=4-mlp_ratio=4-is_x_emb_seq=True]" file="tests/vector_field_nets_test.py" line="86" time="0.005" /><testcase classname="tests.vector_field_nets_test" name="test_vector_field_builders_shape_and_build[condition_event_shape1-2-1-16-random_fourier-trX-hidden_features=16-num_layers=2-num_heads=4-mlp_ratio=4-is_x_emb_seq=True]" file="tests/vector_field_nets_test.py" line="86" time="0.006" /><testcase classname="tests.vector_field_nets_test" name="test_vector_field_builders_shape_and_build[condition_event_shape1-1-3-16-random_fourier-trX-hidden_features=32-num_layers=2-num_heads=4-mlp_ratio=4-is_x_emb_seq=True]" file="tests/vector_field_nets_test.py" line="86" time="0.017" /><testcase classname="tests.vector_field_nets_test" name="test_vector_field_builders_shape_and_build[condition_event_shape1-2-1-16-random_fourier-trX-hidden_features=32-num_layers=1-num_heads=4-mlp_ratio=4-is_x_emb_seq=True]" file="tests/vector_field_nets_test.py" line="86" time="0.006" /><testcase classname="tests.vector_field_nets_test" name="test_vector_field_builders_shape_and_build[condition_event_shape1-2-1-16-random_fourier-trX-hidden_features=32-num_layers=2-num_heads=4-mlp_ratio=4-is_x_emb_seq=True]" file="tests/vector_field_nets_test.py" line="86" time="0.008" /><testcase classname="tests.vector_field_nets_test" name="test_vector_field_builders_shape_and_build[condition_event_shape1-2-3-8-sinusoidal-mlp-hidden_features=16-num_layers=2-layer_norm=True]" file="tests/vector_field_nets_test.py" line="86" time="0.004" /><testcase classname="tests.vector_field_nets_test" name="test_vector_field_builders_shape_and_build[condition_event_shape1-2-1-8-sinusoidal-mlp-hidden_features=16-num_layers=2-layer_norm=True]" file="tests/vector_field_nets_test.py" line="86" time="0.009" /><testcase classname="tests.vector_field_nets_test" name="test_vector_field_builders_shape_and_build[condition_event_shape1-2-3-8-sinusoidal-mlp-hidden_features=[16, 32]-num_layers=2-layer_norm=True]" file="tests/vector_field_nets_test.py" line="86" time="0.004" /><testcase classname="tests.vector_field_nets_test" name="test_vector_field_builders_shape_and_build[condition_event_shape1-2-3-8-sinusoidal-adamlp-hidden_features=8-num_layers=2-mlp_ratio=4]" file="tests/vector_field_nets_test.py" line="86" time="0.004" /><testcase classname="tests.vector_field_nets_test" name="test_vector_field_builders_shape_and_build[condition_event_shape1-2-1-8-sinusoidal-mlp-hidden_features=[16, 32]-num_layers=2-layer_norm=True]" file="tests/vector_field_nets_test.py" line="86" time="0.011" /><testcase classname="tests.vector_field_nets_test" name="test_vector_field_builders_shape_and_build[condition_event_shape1-2-3-8-sinusoidal-adamlp-hidden_features=16-num_layers=2-mlp_ratio=4]" file="tests/vector_field_nets_test.py" line="86" time="0.005" /><testcase classname="tests.vector_field_nets_test" name="test_vector_field_builders_shape_and_build[condition_event_shape1-2-3-8-sinusoidal-tr-hidden_features=16-num_layers=1-num_heads=4-mlp_ratio=4-is_x_emb_seq=False]" file="tests/vector_field_nets_test.py" line="86" time="0.006" /><testcase classname="tests.vector_field_nets_test" name="test_vector_field_builders_shape_and_build[condition_event_shape1-2-1-8-sinusoidal-adamlp-hidden_features=8-num_layers=2-mlp_ratio=4]" file="tests/vector_field_nets_test.py" line="86" time="0.008" /><testcase classname="tests.vector_field_nets_test" name="test_vector_field_builders_shape_and_build[condition_event_shape1-2-3-8-random_fourier-tr-hidden_features=32-num_layers=2-num_heads=4-mlp_ratio=4-is_x_emb_seq=False]" file="tests/vector_field_nets_test.py" line="86" time="0.010" /><testcase classname="tests.factory_config_test" name="test_config_from_kwargs_extra" file="tests/factory_config_test.py" line="33" time="0.008" /><testcase classname="tests.vector_field_nets_test" name="test_vector_field_builders_shape_and_build[condition_event_shape1-2-1-8-sinusoidal-adamlp-hidden_features=16-num_layers=2-mlp_ratio=4]" file="tests/vector_field_nets_test.py" line="86" time="0.010" /><testcase classname="tests.vector_field_nets_test" name="test_vector_field_builders_shape_and_build[condition_event_shape1-2-3-8-random_fourier-trX-hidden_features=16-num_layers=1-num_heads=4-mlp_ratio=4-is_x_emb_seq=True]" file="tests/vector_field_nets_test.py" line="86" time="0.008" /><testcase classname="tests.factory_config_test" name="test_factory_warns_on_unknown_kwargs[marginal_nn-factory_args3-bad_kwarg3]" file="tests/factory_config_test.py" line="43" time="0.009" /><testcase classname="tests.vector_field_nets_test" name="test_vector_field_builders_shape_and_build[condition_event_shape1-2-3-8-random_fourier-trX-hidden_features=16-num_layers=2-num_heads=4-mlp_ratio=4-is_x_emb_seq=True]" file="tests/vector_field_nets_test.py" line="86" time="0.007" /><testcase classname="tests.vector_field_nets_test" name="test_vector_field_builders_shape_and_build[condition_event_shape1-2-1-8-sinusoidal-tr-hidden_features=16-num_layers=1-num_heads=4-mlp_ratio=4-is_x_emb_seq=False]" file="tests/vector_field_nets_test.py" line="86" time="0.011" /><testcase classname="tests.factory_config_test" name="test_factory_warns_on_unknown_kwargs[posterior_score_nn-factory_args4-bad_kwarg4]" file="tests/factory_config_test.py" line="43" time="0.008" /><testcase classname="tests.vector_field_nets_test" name="test_vector_field_builders_shape_and_build[condition_event_shape1-2-3-8-random_fourier-trX-hidden_features=32-num_layers=1-num_heads=4-mlp_ratio=4-is_x_emb_seq=True]" file="tests/vector_field_nets_test.py" line="86" time="0.005" /><testcase classname="tests.vector_field_nets_test" name="test_vector_field_builders_shape_and_build[condition_event_shape1-2-1-8-sinusoidal-tr-hidden_features=16-num_layers=2-num_heads=4-mlp_ratio=4-is_x_emb_seq=False]" file="tests/vector_field_nets_test.py" line="86" time="0.013" /><testcase classname="tests.vector_field_nets_test" name="test_vector_field_builders_shape_and_build[condition_event_shape1-2-3-8-random_fourier-trX-hidden_features=32-num_layers=2-num_heads=4-mlp_ratio=4-is_x_emb_seq=True]" file="tests/vector_field_nets_test.py" line="86" time="0.008" /><testcase classname="tests.inference_on_device_test" name="test_nograd_after_inference_train[NRE_A]" file="tests/inference_on_device_test.py" line="335" time="0.040" /><testcase classname="tests.vector_field_nets_test" name="test_vector_field_builders_shape_and_build[condition_event_shape1-2-3-16-sinusoidal-mlp-hidden_features=16-num_layers=2-layer_norm=True]" file="tests/vector_field_nets_test.py" line="86" time="0.005" /><testcase classname="tests.vector_field_nets_test" name="test_vector_field_builders_shape_and_build[condition_event_shape1-2-3-16-sinusoidal-mlp-hidden_features=[16, 32]-num_layers=2-layer_norm=True]" file="tests/vector_field_nets_test.py" line="86" time="0.006" /><testcase classname="tests.vector_field_nets_test" name="test_vector_field_builders_shape_and_build[condition_event_shape1-2-1-8-sinusoidal-tr-hidden_features=32-num_layers=1-num_heads=4-mlp_ratio=4-is_x_emb_seq=False]" file="tests/vector_field_nets_test.py" line="86" time="0.012" /><testcase classname="tests.vector_field_nets_test" name="test_vector_field_builders_shape_and_build[condition_event_shape1-2-3-16-sinusoidal-adamlp-hidden_features=8-num_layers=2-mlp_ratio=4]" file="tests/vector_field_nets_test.py" line="86" time="0.007" /><testcase classname="tests.vector_field_nets_test" name="test_vector_field_builders_shape_and_build[condition_event_shape1-2-1-8-sinusoidal-tr-hidden_features=32-num_layers=2-num_heads=4-mlp_ratio=4-is_x_emb_seq=False]" file="tests/vector_field_nets_test.py" line="86" time="0.017" /><testcase classname="tests.vector_field_nets_test" name="test_vector_field_builders_shape_and_build[condition_event_shape1-2-3-16-sinusoidal-adamlp-hidden_features=16-num_layers=2-mlp_ratio=4]" file="tests/vector_field_nets_test.py" line="86" time="0.004" /><testcase classname="tests.vector_field_nets_test" name="test_vector_field_builders_shape_and_build[condition_event_shape1-2-3-16-sinusoidal-tr-hidden_features=16-num_layers=1-num_heads=4-mlp_ratio=4-is_x_emb_seq=False]" file="tests/vector_field_nets_test.py" line="86" time="0.005" /><testcase classname="tests.vector_field_nets_test" name="test_vector_field_builders_shape_and_build[condition_event_shape1-2-3-16-sinusoidal-tr-hidden_features=16-num_layers=2-num_heads=4-mlp_ratio=4-is_x_emb_seq=False]" file="tests/vector_field_nets_test.py" line="86" time="0.007" /><testcase classname="tests.vector_field_nets_test" name="test_vector_field_builders_shape_and_build[condition_event_shape1-2-1-8-sinusoidal-trX-hidden_features=16-num_layers=1-num_heads=4-mlp_ratio=4-is_x_emb_seq=True]" file="tests/vector_field_nets_test.py" line="86" time="0.023" /><testcase classname="tests.vector_field_nets_test" name="test_vector_field_builders_shape_and_build[condition_event_shape1-2-3-16-sinusoidal-tr-hidden_features=32-num_layers=1-num_heads=4-mlp_ratio=4-is_x_emb_seq=False]" file="tests/vector_field_nets_test.py" line="86" time="0.006" /><testcase classname="tests.vector_field_nets_test" name="test_vector_field_builders_shape_and_build[condition_event_shape1-2-3-16-sinusoidal-tr-hidden_features=32-num_layers=2-num_heads=4-mlp_ratio=4-is_x_emb_seq=False]" file="tests/vector_field_nets_test.py" line="86" time="0.005" /><testcase classname="tests.vector_field_nets_test" name="test_vector_field_builders_shape_and_build[condition_event_shape1-2-3-16-sinusoidal-trX-hidden_features=16-num_layers=1-num_heads=4-mlp_ratio=4-is_x_emb_seq=True]" file="tests/vector_field_nets_test.py" line="86" time="0.004" /><testcase classname="tests.vector_field_nets_test" name="test_vector_field_builders_shape_and_build[condition_event_shape1-2-3-16-sinusoidal-trX-hidden_features=16-num_layers=2-num_heads=4-mlp_ratio=4-is_x_emb_seq=True]" file="tests/vector_field_nets_test.py" line="86" time="0.010" /><testcase classname="tests.vector_field_nets_test" name="test_vector_field_builders_shape_and_build[condition_event_shape1-2-3-8-sinusoidal-tr-hidden_features=16-num_layers=2-num_heads=4-mlp_ratio=4-is_x_emb_seq=False]" file="tests/vector_field_nets_test.py" line="86" time="0.012" /><testcase classname="tests.vector_field_nets_test" name="test_vector_field_builders_shape_and_build[condition_event_shape1-2-3-16-sinusoidal-trX-hidden_features=32-num_layers=1-num_heads=4-mlp_ratio=4-is_x_emb_seq=True]" file="tests/vector_field_nets_test.py" line="86" time="0.006" /><testcase classname="tests.vector_field_nets_test" name="test_vector_field_builders_shape_and_build[condition_event_shape1-2-3-16-sinusoidal-trX-hidden_features=32-num_layers=2-num_heads=4-mlp_ratio=4-is_x_emb_seq=True]" file="tests/vector_field_nets_test.py" line="86" time="0.007" /><testcase classname="tests.vector_field_nets_test" name="test_vector_field_builders_shape_and_build[condition_event_shape1-2-3-8-sinusoidal-tr-hidden_features=32-num_layers=1-num_heads=4-mlp_ratio=4-is_x_emb_seq=False]" file="tests/vector_field_nets_test.py" line="86" time="0.011" /><testcase classname="tests.vector_field_nets_test" name="test_vector_field_builders_shape_and_build[condition_event_shape1-2-3-16-random_fourier-mlp-hidden_features=16-num_layers=2-layer_norm=True]" file="tests/vector_field_nets_test.py" line="86" time="0.006" /><testcase classname="tests.vector_field_nets_test" name="test_vector_field_builders_shape_and_build[condition_event_shape1-2-3-8-sinusoidal-tr-hidden_features=32-num_layers=2-num_heads=4-mlp_ratio=4-is_x_emb_seq=False]" file="tests/vector_field_nets_test.py" line="86" time="0.016" /><testcase classname="tests.vector_field_nets_test" name="test_vector_field_builders_shape_and_build[condition_event_shape1-2-3-8-sinusoidal-trX-hidden_features=16-num_layers=1-num_heads=4-mlp_ratio=4-is_x_emb_seq=True]" file="tests/vector_field_nets_test.py" line="86" time="0.013" /><testcase classname="tests.vector_field_nets_test" name="test_vector_field_builders_shape_and_build[condition_event_shape1-2-3-8-sinusoidal-trX-hidden_features=16-num_layers=2-num_heads=4-mlp_ratio=4-is_x_emb_seq=True]" file="tests/vector_field_nets_test.py" line="86" time="0.015" /><testcase classname="tests.vector_field_nets_test" name="test_vector_field_builders_shape_and_build[condition_event_shape1-2-3-8-sinusoidal-trX-hidden_features=32-num_layers=1-num_heads=4-mlp_ratio=4-is_x_emb_seq=True]" file="tests/vector_field_nets_test.py" line="86" time="0.015" /><testcase classname="tests.vector_field_nets_test" name="test_vector_field_builders_shape_and_build[condition_event_shape1-2-3-8-sinusoidal-trX-hidden_features=32-num_layers=2-num_heads=4-mlp_ratio=4-is_x_emb_seq=True]" file="tests/vector_field_nets_test.py" line="86" time="0.020" /><testcase classname="tests.vector_field_nets_test" name="test_vector_field_builders_shape_and_build[condition_event_shape1-2-3-8-random_fourier-mlp-hidden_features=16-num_layers=2-layer_norm=True]" file="tests/vector_field_nets_test.py" line="86" time="0.008" /><testcase classname="tests.vector_field_nets_test" name="test_vector_field_builders_shape_and_build[condition_event_shape1-2-3-8-random_fourier-mlp-hidden_features=[16, 32]-num_layers=2-layer_norm=True]" file="tests/vector_field_nets_test.py" line="86" time="0.009" /><testcase classname="tests.lc2st_test" name="test_lc2st_parameter_combinations[LC2ST-random_forest-False-1]" file="tests/lc2st_test.py" line="164" time="0.435" /><testcase classname="tests.vector_field_nets_test" name="test_vector_field_builders_shape_and_build[condition_event_shape1-2-3-16-random_fourier-mlp-hidden_features=[16, 32]-num_layers=2-layer_norm=True]" file="tests/vector_field_nets_test.py" line="86" time="0.004" /><testcase classname="tests.vector_field_nets_test" name="test_vector_field_builders_shape_and_build[condition_event_shape1-2-3-16-random_fourier-adamlp-hidden_features=8-num_layers=2-mlp_ratio=4]" file="tests/vector_field_nets_test.py" line="86" time="0.004" /><testcase classname="tests.vector_field_nets_test" name="test_vector_field_builders_shape_and_build[condition_event_shape1-2-3-16-random_fourier-adamlp-hidden_features=16-num_layers=2-mlp_ratio=4]" file="tests/vector_field_nets_test.py" line="86" time="0.004" /><testcase classname="tests.vector_field_nets_test" name="test_vector_field_builders_shape_and_build[condition_event_shape1-2-3-16-random_fourier-tr-hidden_features=16-num_layers=1-num_heads=4-mlp_ratio=4-is_x_emb_seq=False]" file="tests/vector_field_nets_test.py" line="86" time="0.004" /><testcase classname="tests.vector_field_nets_test" name="test_vector_field_builders_shape_and_build[condition_event_shape1-2-3-16-random_fourier-tr-hidden_features=16-num_layers=2-num_heads=4-mlp_ratio=4-is_x_emb_seq=False]" file="tests/vector_field_nets_test.py" line="86" time="0.006" /><testcase classname="tests.vector_field_nets_test" name="test_vector_field_builders_shape_and_build[condition_event_shape1-2-3-16-random_fourier-tr-hidden_features=32-num_layers=1-num_heads=4-mlp_ratio=4-is_x_emb_seq=False]" file="tests/vector_field_nets_test.py" line="86" time="0.005" /><testcase classname="tests.vector_field_nets_test" name="test_vector_field_builders_shape_and_build[condition_event_shape1-2-3-16-random_fourier-tr-hidden_features=32-num_layers=2-num_heads=4-mlp_ratio=4-is_x_emb_seq=False]" file="tests/vector_field_nets_test.py" line="86" time="0.005" /><testcase classname="tests.vector_field_nets_test" name="test_vector_field_builders_shape_and_build[condition_event_shape1-2-3-16-random_fourier-trX-hidden_features=16-num_layers=1-num_heads=4-mlp_ratio=4-is_x_emb_seq=True]" file="tests/vector_field_nets_test.py" line="86" time="0.006" /><testcase classname="tests.vector_field_nets_test" name="test_vector_field_builders_shape_and_build[condition_event_shape1-2-3-16-random_fourier-trX-hidden_features=16-num_layers=2-num_heads=4-mlp_ratio=4-is_x_emb_seq=True]" file="tests/vector_field_nets_test.py" line="86" time="0.006" /><testcase classname="tests.vector_field_nets_test" name="test_vector_field_builders_shape_and_build[condition_event_shape1-2-3-16-random_fourier-trX-hidden_features=32-num_layers=1-num_heads=4-mlp_ratio=4-is_x_emb_seq=True]" file="tests/vector_field_nets_test.py" line="86" time="0.006" /><testcase classname="tests.vector_field_nets_test" name="test_vector_field_builders_shape_and_build[condition_event_shape1-2-3-16-random_fourier-trX-hidden_features=32-num_layers=2-num_heads=4-mlp_ratio=4-is_x_emb_seq=True]" file="tests/vector_field_nets_test.py" line="86" time="0.007" /><testcase classname="tests.vector_field_nets_test" name="test_vector_field_builders_shape_and_build[condition_event_shape2-1-1-8-sinusoidal-mlp-hidden_features=16-num_layers=2-layer_norm=True]" file="tests/vector_field_nets_test.py" line="86" time="0.005" /><testcase classname="tests.vector_field_nets_test" name="test_vector_field_builders_shape_and_build[condition_event_shape2-1-1-8-sinusoidal-mlp-hidden_features=[16, 32]-num_layers=2-layer_norm=True]" file="tests/vector_field_nets_test.py" line="86" time="0.004" /><testcase classname="tests.vector_field_nets_test" name="test_vector_field_builders_shape_and_build[condition_event_shape2-1-1-8-sinusoidal-adamlp-hidden_features=8-num_layers=2-mlp_ratio=4]" file="tests/vector_field_nets_test.py" line="86" time="0.006" /><testcase classname="tests.vector_field_nets_test" name="test_vector_field_builders_shape_and_build[condition_event_shape2-1-1-8-sinusoidal-adamlp-hidden_features=16-num_layers=2-mlp_ratio=4]" file="tests/vector_field_nets_test.py" line="86" time="0.006" /><testcase classname="tests.vector_field_nets_test" name="test_vector_field_builders_shape_and_build[condition_event_shape1-2-3-8-random_fourier-adamlp-hidden_features=8-num_layers=2-mlp_ratio=4]" file="tests/vector_field_nets_test.py" line="86" time="0.009" /><testcase classname="tests.vector_field_nets_test" name="test_vector_field_builders_shape_and_build[condition_event_shape1-2-3-8-random_fourier-adamlp-hidden_features=16-num_layers=2-mlp_ratio=4]" file="tests/vector_field_nets_test.py" line="86" time="0.009" /><testcase classname="tests.vector_field_nets_test" name="test_vector_field_builders_shape_and_build[condition_event_shape1-2-3-8-random_fourier-tr-hidden_features=16-num_layers=1-num_heads=4-mlp_ratio=4-is_x_emb_seq=False]" file="tests/vector_field_nets_test.py" line="86" time="0.010" /><testcase classname="tests.vector_field_nets_test" name="test_vector_field_builders_shape_and_build[condition_event_shape1-2-3-8-random_fourier-tr-hidden_features=16-num_layers=2-num_heads=4-mlp_ratio=4-is_x_emb_seq=False]" file="tests/vector_field_nets_test.py" line="86" time="0.013" /><testcase classname="tests.vector_field_nets_test" name="test_vector_field_builders_shape_and_build[condition_event_shape2-1-1-8-sinusoidal-tr-hidden_features=16-num_layers=1-num_heads=4-mlp_ratio=4-is_x_emb_seq=False]" file="tests/vector_field_nets_test.py" line="86" time="0.008" /><testcase classname="tests.vector_field_nets_test" name="test_vector_field_builders_shape_and_build[condition_event_shape1-2-3-8-random_fourier-tr-hidden_features=32-num_layers=1-num_heads=4-mlp_ratio=4-is_x_emb_seq=False]" file="tests/vector_field_nets_test.py" line="86" time="0.012" /><testcase classname="tests.vector_field_nets_test" name="test_vector_field_builders_shape_and_build[condition_event_shape2-1-1-8-sinusoidal-tr-hidden_features=16-num_layers=2-num_heads=4-mlp_ratio=4-is_x_emb_seq=False]" file="tests/vector_field_nets_test.py" line="86" time="0.007" /><testcase classname="tests.vector_field_nets_test" name="test_vector_field_builders_shape_and_build[condition_event_shape2-1-1-8-sinusoidal-tr-hidden_features=32-num_layers=1-num_heads=4-mlp_ratio=4-is_x_emb_seq=False]" file="tests/vector_field_nets_test.py" line="86" time="0.006" /><testcase classname="tests.vector_field_nets_test" name="test_vector_field_builders_shape_and_build[condition_event_shape2-1-1-8-sinusoidal-trX-hidden_features=32-num_layers=1-num_heads=4-mlp_ratio=4-is_x_emb_seq=True]" file="tests/vector_field_nets_test.py" line="86" time="0.012" /><testcase classname="tests.vector_field_nets_test" name="test_vector_field_builders_shape_and_build[condition_event_shape2-1-1-8-sinusoidal-tr-hidden_features=32-num_layers=2-num_heads=4-mlp_ratio=4-is_x_emb_seq=False]" file="tests/vector_field_nets_test.py" line="86" time="0.006" /><testcase classname="tests.vector_field_nets_test" name="test_vector_field_builders_shape_and_build[condition_event_shape2-1-1-8-sinusoidal-trX-hidden_features=16-num_layers=1-num_heads=4-mlp_ratio=4-is_x_emb_seq=True]" file="tests/vector_field_nets_test.py" line="86" time="0.005" /><testcase classname="tests.vector_field_nets_test" name="test_vector_field_builders_shape_and_build[condition_event_shape2-1-1-8-sinusoidal-trX-hidden_features=32-num_layers=2-num_heads=4-mlp_ratio=4-is_x_emb_seq=True]" file="tests/vector_field_nets_test.py" line="86" time="0.014" /><testcase classname="tests.vector_field_nets_test" name="test_vector_field_builders_shape_and_build[condition_event_shape2-1-1-8-sinusoidal-trX-hidden_features=16-num_layers=2-num_heads=4-mlp_ratio=4-is_x_emb_seq=True]" file="tests/vector_field_nets_test.py" line="86" time="0.006" /><testcase classname="tests.vector_field_nets_test" name="test_vector_field_builders_shape_and_build[condition_event_shape2-1-1-8-random_fourier-trX-hidden_features=32-num_layers=1-num_heads=4-mlp_ratio=4-is_x_emb_seq=True]" file="tests/vector_field_nets_test.py" line="86" time="0.005" /><testcase classname="tests.vector_field_nets_test" name="test_vector_field_builders_shape_and_build[condition_event_shape2-1-1-8-random_fourier-mlp-hidden_features=16-num_layers=2-layer_norm=True]" file="tests/vector_field_nets_test.py" line="86" time="0.015" /><testcase classname="tests.vector_field_nets_test" name="test_vector_field_builders_shape_and_build[condition_event_shape2-1-1-8-random_fourier-trX-hidden_features=32-num_layers=2-num_heads=4-mlp_ratio=4-is_x_emb_seq=True]" file="tests/vector_field_nets_test.py" line="86" time="0.010" /><testcase classname="tests.vector_field_nets_test" name="test_vector_field_builders_shape_and_build[condition_event_shape2-1-1-16-sinusoidal-mlp-hidden_features=16-num_layers=2-layer_norm=True]" file="tests/vector_field_nets_test.py" line="86" time="0.005" /><testcase classname="tests.vector_field_nets_test" name="test_vector_field_builders_shape_and_build[condition_event_shape2-1-1-16-sinusoidal-mlp-hidden_features=[16, 32]-num_layers=2-layer_norm=True]" file="tests/vector_field_nets_test.py" line="86" time="0.005" /><testcase classname="tests.vector_field_nets_test" name="test_vector_field_builders_shape_and_build[condition_event_shape2-1-1-8-random_fourier-mlp-hidden_features=[16, 32]-num_layers=2-layer_norm=True]" file="tests/vector_field_nets_test.py" line="86" time="0.011" /><testcase classname="tests.vector_field_nets_test" name="test_vector_field_builders_shape_and_build[condition_event_shape2-1-1-16-sinusoidal-adamlp-hidden_features=8-num_layers=2-mlp_ratio=4]" file="tests/vector_field_nets_test.py" line="86" time="0.007" /><testcase classname="tests.vector_field_nets_test" name="test_vector_field_builders_shape_and_build[condition_event_shape2-1-1-8-random_fourier-adamlp-hidden_features=8-num_layers=2-mlp_ratio=4]" file="tests/vector_field_nets_test.py" line="86" time="0.013" /><testcase classname="tests.vector_field_nets_test" name="test_vector_field_builders_shape_and_build[condition_event_shape2-1-1-16-sinusoidal-adamlp-hidden_features=16-num_layers=2-mlp_ratio=4]" file="tests/vector_field_nets_test.py" line="86" time="0.006" /><testcase classname="tests.vector_field_nets_test" name="test_vector_field_builders_shape_and_build[condition_event_shape2-1-1-16-sinusoidal-tr-hidden_features=16-num_layers=1-num_heads=4-mlp_ratio=4-is_x_emb_seq=False]" file="tests/vector_field_nets_test.py" line="86" time="0.008" /><testcase classname="tests.vector_field_nets_test" name="test_vector_field_builders_shape_and_build[condition_event_shape2-1-1-8-random_fourier-adamlp-hidden_features=16-num_layers=2-mlp_ratio=4]" file="tests/vector_field_nets_test.py" line="86" time="0.012" /><testcase classname="tests.vector_field_nets_test" name="test_vector_field_builders_shape_and_build[condition_event_shape2-1-1-16-sinusoidal-tr-hidden_features=16-num_layers=2-num_heads=4-mlp_ratio=4-is_x_emb_seq=False]" file="tests/vector_field_nets_test.py" line="86" time="0.007" /><testcase classname="tests.vector_field_nets_test" name="test_vector_field_builders_shape_and_build[condition_event_shape2-1-1-16-sinusoidal-tr-hidden_features=32-num_layers=1-num_heads=4-mlp_ratio=4-is_x_emb_seq=False]" file="tests/vector_field_nets_test.py" line="86" time="0.006" /><testcase classname="tests.vector_field_nets_test" name="test_vector_field_builders_shape_and_build[condition_event_shape2-1-1-8-random_fourier-tr-hidden_features=16-num_layers=1-num_heads=4-mlp_ratio=4-is_x_emb_seq=False]" file="tests/vector_field_nets_test.py" line="86" time="0.013" /><testcase classname="tests.vector_field_nets_test" name="test_vector_field_builders_shape_and_build[condition_event_shape2-1-1-16-sinusoidal-tr-hidden_features=32-num_layers=2-num_heads=4-mlp_ratio=4-is_x_emb_seq=False]" file="tests/vector_field_nets_test.py" line="86" time="0.006" /><testcase classname="tests.lc2st_test" name="test_lc2st_state_transitions" file="tests/lc2st_test.py" line="243" time="0.539" /><testcase classname="tests.vector_field_nets_test" name="test_vector_field_builders_shape_and_build[condition_event_shape2-1-1-16-sinusoidal-trX-hidden_features=16-num_layers=1-num_heads=4-mlp_ratio=4-is_x_emb_seq=True]" file="tests/vector_field_nets_test.py" line="86" time="0.005" /><testcase classname="tests.vector_field_nets_test" name="test_vector_field_builders_shape_and_build[condition_event_shape2-1-1-8-random_fourier-tr-hidden_features=16-num_layers=2-num_heads=4-mlp_ratio=4-is_x_emb_seq=False]" file="tests/vector_field_nets_test.py" line="86" time="0.017" /><testcase classname="tests.vector_field_nets_test" name="test_vector_field_builders_shape_and_build[condition_event_shape2-1-1-16-sinusoidal-trX-hidden_features=16-num_layers=2-num_heads=4-mlp_ratio=4-is_x_emb_seq=True]" file="tests/vector_field_nets_test.py" line="86" time="0.006" /><testcase classname="tests.vector_field_nets_test" name="test_vector_field_builders_shape_and_build[condition_event_shape2-1-1-16-random_fourier-trX-hidden_features=32-num_layers=1-num_heads=4-mlp_ratio=4-is_x_emb_seq=True]" file="tests/vector_field_nets_test.py" line="86" time="0.005" /><testcase classname="tests.vector_field_nets_test" name="test_vector_field_builders_shape_and_build[condition_event_shape2-1-1-16-random_fourier-trX-hidden_features=32-num_layers=2-num_heads=4-mlp_ratio=4-is_x_emb_seq=True]" file="tests/vector_field_nets_test.py" line="86" time="0.006" /><testcase classname="tests.vector_field_nets_test" name="test_vector_field_builders_shape_and_build[condition_event_shape2-1-3-8-sinusoidal-mlp-hidden_features=16-num_layers=2-layer_norm=True]" file="tests/vector_field_nets_test.py" line="86" time="0.005" /><testcase classname="tests.vector_field_nets_test" name="test_vector_field_builders_shape_and_build[condition_event_shape2-1-1-8-random_fourier-tr-hidden_features=32-num_layers=1-num_heads=4-mlp_ratio=4-is_x_emb_seq=False]" file="tests/vector_field_nets_test.py" line="86" time="0.014" /><testcase classname="tests.vector_field_nets_test" name="test_vector_field_builders_shape_and_build[condition_event_shape2-1-3-8-sinusoidal-mlp-hidden_features=[16, 32]-num_layers=2-layer_norm=True]" file="tests/vector_field_nets_test.py" line="86" time="0.005" /><testcase classname="tests.vector_field_nets_test" name="test_vector_field_builders_shape_and_build[condition_event_shape2-1-3-8-sinusoidal-adamlp-hidden_features=8-num_layers=2-mlp_ratio=4]" file="tests/vector_field_nets_test.py" line="86" time="0.009" /><testcase classname="tests.vector_field_nets_test" name="test_vector_field_builders_shape_and_build[condition_event_shape2-1-1-8-random_fourier-tr-hidden_features=32-num_layers=2-num_heads=4-mlp_ratio=4-is_x_emb_seq=False]" file="tests/vector_field_nets_test.py" line="86" time="0.015" /><testcase classname="tests.vector_field_nets_test" name="test_vector_field_builders_shape_and_build[condition_event_shape2-1-3-8-sinusoidal-adamlp-hidden_features=16-num_layers=2-mlp_ratio=4]" file="tests/vector_field_nets_test.py" line="86" time="0.009" /><testcase classname="tests.vector_field_nets_test" name="test_vector_field_builders_shape_and_build[condition_event_shape2-1-3-8-sinusoidal-tr-hidden_features=16-num_layers=1-num_heads=4-mlp_ratio=4-is_x_emb_seq=False]" file="tests/vector_field_nets_test.py" line="86" time="0.007" /><testcase classname="tests.vector_field_nets_test" name="test_vector_field_builders_shape_and_build[condition_event_shape2-1-1-8-random_fourier-trX-hidden_features=16-num_layers=1-num_heads=4-mlp_ratio=4-is_x_emb_seq=True]" file="tests/vector_field_nets_test.py" line="86" time="0.012" /><testcase classname="tests.vector_field_nets_test" name="test_vector_field_builders_shape_and_build[condition_event_shape2-1-3-8-sinusoidal-tr-hidden_features=16-num_layers=2-num_heads=4-mlp_ratio=4-is_x_emb_seq=False]" file="tests/vector_field_nets_test.py" line="86" time="0.009" /><testcase classname="tests.vector_field_nets_test" name="test_vector_field_builders_shape_and_build[condition_event_shape2-1-3-8-sinusoidal-tr-hidden_features=32-num_layers=1-num_heads=4-mlp_ratio=4-is_x_emb_seq=False]" file="tests/vector_field_nets_test.py" line="86" time="0.007" /><testcase classname="tests.vector_field_nets_test" name="test_vector_field_builders_shape_and_build[condition_event_shape2-1-3-8-sinusoidal-tr-hidden_features=32-num_layers=2-num_heads=4-mlp_ratio=4-is_x_emb_seq=False]" file="tests/vector_field_nets_test.py" line="86" time="0.008" /><testcase classname="tests.vector_field_nets_test" name="test_vector_field_builders_shape_and_build[condition_event_shape2-1-3-8-sinusoidal-trX-hidden_features=16-num_layers=1-num_heads=4-mlp_ratio=4-is_x_emb_seq=True]" file="tests/vector_field_nets_test.py" line="86" time="0.005" /><testcase classname="tests.vector_field_nets_test" name="test_vector_field_builders_shape_and_build[condition_event_shape2-1-1-8-random_fourier-trX-hidden_features=16-num_layers=2-num_heads=4-mlp_ratio=4-is_x_emb_seq=True]" file="tests/vector_field_nets_test.py" line="86" time="0.069" /><testcase classname="tests.vector_field_nets_test" name="test_vector_field_builders_shape_and_build[condition_event_shape2-1-3-8-sinusoidal-trX-hidden_features=16-num_layers=2-num_heads=4-mlp_ratio=4-is_x_emb_seq=True]" file="tests/vector_field_nets_test.py" line="86" time="0.006" /><testcase classname="tests.vector_field_nets_test" name="test_vector_field_builders_shape_and_build[condition_event_shape2-1-3-8-sinusoidal-trX-hidden_features=32-num_layers=1-num_heads=4-mlp_ratio=4-is_x_emb_seq=True]" file="tests/vector_field_nets_test.py" line="86" time="0.005" /><testcase classname="tests.vector_field_nets_test" name="test_vector_field_builders_shape_and_build[condition_event_shape2-1-3-8-sinusoidal-trX-hidden_features=32-num_layers=2-num_heads=4-mlp_ratio=4-is_x_emb_seq=True]" file="tests/vector_field_nets_test.py" line="86" time="0.006" /><testcase classname="tests.vector_field_nets_test" name="test_vector_field_builders_shape_and_build[condition_event_shape2-1-3-8-random_fourier-mlp-hidden_features=16-num_layers=2-layer_norm=True]" file="tests/vector_field_nets_test.py" line="86" time="0.008" /><testcase classname="tests.vector_field_nets_test" name="test_vector_field_builders_shape_and_build[condition_event_shape2-1-3-8-random_fourier-mlp-hidden_features=[16, 32]-num_layers=2-layer_norm=True]" file="tests/vector_field_nets_test.py" line="86" time="0.005" /><testcase classname="tests.vector_field_nets_test" name="test_vector_field_builders_shape_and_build[condition_event_shape2-1-3-8-random_fourier-adamlp-hidden_features=8-num_layers=2-mlp_ratio=4]" file="tests/vector_field_nets_test.py" line="86" time="0.006" /><testcase classname="tests.vector_field_nets_test" name="test_vector_field_builders_shape_and_build[condition_event_shape2-1-3-8-random_fourier-adamlp-hidden_features=16-num_layers=2-mlp_ratio=4]" file="tests/vector_field_nets_test.py" line="86" time="0.005" /><testcase classname="tests.vector_field_nets_test" name="test_vector_field_builders_shape_and_build[condition_event_shape2-1-3-8-random_fourier-tr-hidden_features=16-num_layers=1-num_heads=4-mlp_ratio=4-is_x_emb_seq=False]" file="tests/vector_field_nets_test.py" line="86" time="0.007" /><testcase classname="tests.vector_field_nets_test" name="test_vector_field_builders_shape_and_build[condition_event_shape2-1-3-8-random_fourier-tr-hidden_features=16-num_layers=2-num_heads=4-mlp_ratio=4-is_x_emb_seq=False]" file="tests/vector_field_nets_test.py" line="86" time="0.007" /><testcase classname="tests.vector_field_nets_test" name="test_vector_field_builders_shape_and_build[condition_event_shape2-1-1-16-sinusoidal-trX-hidden_features=32-num_layers=1-num_heads=4-mlp_ratio=4-is_x_emb_seq=True]" file="tests/vector_field_nets_test.py" line="86" time="0.016" /><testcase classname="tests.vector_field_nets_test" name="test_vector_field_builders_shape_and_build[condition_event_shape2-1-3-8-random_fourier-tr-hidden_features=32-num_layers=1-num_heads=4-mlp_ratio=4-is_x_emb_seq=False]" file="tests/vector_field_nets_test.py" line="86" time="0.005" /><testcase classname="tests.vector_field_nets_test" name="test_vector_field_builders_shape_and_build[condition_event_shape2-1-3-8-random_fourier-tr-hidden_features=32-num_layers=2-num_heads=4-mlp_ratio=4-is_x_emb_seq=False]" file="tests/vector_field_nets_test.py" line="86" time="0.008" /><testcase classname="tests.vector_field_nets_test" name="test_vector_field_builders_shape_and_build[condition_event_shape2-1-1-16-sinusoidal-trX-hidden_features=32-num_layers=2-num_heads=4-mlp_ratio=4-is_x_emb_seq=True]" file="tests/vector_field_nets_test.py" line="86" time="0.013" /><testcase classname="tests.vector_field_nets_test" name="test_vector_field_builders_shape_and_build[condition_event_shape2-1-3-8-random_fourier-trX-hidden_features=16-num_layers=1-num_heads=4-mlp_ratio=4-is_x_emb_seq=True]" file="tests/vector_field_nets_test.py" line="86" time="0.009" /><testcase classname="tests.vector_field_nets_test" name="test_vector_field_builders_shape_and_build[condition_event_shape2-1-1-16-random_fourier-mlp-hidden_features=16-num_layers=2-layer_norm=True]" file="tests/vector_field_nets_test.py" line="86" time="0.011" /><testcase classname="tests.vector_field_nets_test" name="test_vector_field_builders_shape_and_build[condition_event_shape2-1-3-8-random_fourier-trX-hidden_features=16-num_layers=2-num_heads=4-mlp_ratio=4-is_x_emb_seq=True]" file="tests/vector_field_nets_test.py" line="86" time="0.007" /><testcase classname="tests.vector_field_nets_test" name="test_vector_field_builders_shape_and_build[condition_event_shape2-1-3-8-random_fourier-trX-hidden_features=32-num_layers=1-num_heads=4-mlp_ratio=4-is_x_emb_seq=True]" file="tests/vector_field_nets_test.py" line="86" time="0.005" /><testcase classname="tests.vector_field_nets_test" name="test_vector_field_builders_shape_and_build[condition_event_shape2-1-3-8-random_fourier-trX-hidden_features=32-num_layers=2-num_heads=4-mlp_ratio=4-is_x_emb_seq=True]" file="tests/vector_field_nets_test.py" line="86" time="0.006" /><testcase classname="tests.vector_field_nets_test" name="test_vector_field_builders_shape_and_build[condition_event_shape2-1-1-16-random_fourier-mlp-hidden_features=[16, 32]-num_layers=2-layer_norm=True]" file="tests/vector_field_nets_test.py" line="86" time="0.015" /><testcase classname="tests.vector_field_nets_test" name="test_vector_field_builders_shape_and_build[condition_event_shape2-1-3-16-sinusoidal-mlp-hidden_features=16-num_layers=2-layer_norm=True]" file="tests/vector_field_nets_test.py" line="86" time="0.006" /><testcase classname="tests.vector_field_nets_test" name="test_vector_field_builders_shape_and_build[condition_event_shape2-1-3-16-sinusoidal-mlp-hidden_features=[16, 32]-num_layers=2-layer_norm=True]" file="tests/vector_field_nets_test.py" line="86" time="0.006" /><testcase classname="tests.vector_field_nets_test" name="test_vector_field_builders_shape_and_build[condition_event_shape2-1-1-16-random_fourier-adamlp-hidden_features=8-num_layers=2-mlp_ratio=4]" file="tests/vector_field_nets_test.py" line="86" time="0.013" /><testcase classname="tests.vector_field_nets_test" name="test_vector_field_builders_shape_and_build[condition_event_shape2-1-3-16-sinusoidal-adamlp-hidden_features=8-num_layers=2-mlp_ratio=4]" file="tests/vector_field_nets_test.py" line="86" time="0.006" /><testcase classname="tests.vector_field_nets_test" name="test_vector_field_builders_shape_and_build[condition_event_shape2-1-3-16-sinusoidal-adamlp-hidden_features=16-num_layers=2-mlp_ratio=4]" file="tests/vector_field_nets_test.py" line="86" time="0.006" /><testcase classname="tests.vector_field_nets_test" name="test_vector_field_builders_shape_and_build[condition_event_shape2-1-3-16-sinusoidal-tr-hidden_features=16-num_layers=1-num_heads=4-mlp_ratio=4-is_x_emb_seq=False]" file="tests/vector_field_nets_test.py" line="86" time="0.007" /><testcase classname="tests.vector_field_nets_test" name="test_vector_field_builders_shape_and_build[condition_event_shape2-1-1-16-random_fourier-adamlp-hidden_features=16-num_layers=2-mlp_ratio=4]" file="tests/vector_field_nets_test.py" line="86" time="0.011" /><testcase classname="tests.vector_field_nets_test" name="test_vector_field_builders_shape_and_build[condition_event_shape2-1-3-16-sinusoidal-tr-hidden_features=16-num_layers=2-num_heads=4-mlp_ratio=4-is_x_emb_seq=False]" file="tests/vector_field_nets_test.py" line="86" time="0.008" /><testcase classname="tests.vector_field_nets_test" name="test_vector_field_builders_shape_and_build[condition_event_shape2-1-1-16-random_fourier-tr-hidden_features=16-num_layers=1-num_heads=4-mlp_ratio=4-is_x_emb_seq=False]" file="tests/vector_field_nets_test.py" line="86" time="0.012" /><testcase classname="tests.vector_field_nets_test" name="test_vector_field_builders_shape_and_build[condition_event_shape2-1-3-16-sinusoidal-tr-hidden_features=32-num_layers=1-num_heads=4-mlp_ratio=4-is_x_emb_seq=False]" file="tests/vector_field_nets_test.py" line="86" time="0.010" /><testcase classname="tests.vector_field_nets_test" name="test_vector_field_builders_shape_and_build[condition_event_shape2-1-1-16-random_fourier-tr-hidden_features=16-num_layers=2-num_heads=4-mlp_ratio=4-is_x_emb_seq=False]" file="tests/vector_field_nets_test.py" line="86" time="0.015" /><testcase classname="tests.vector_field_nets_test" name="test_vector_field_builders_shape_and_build[condition_event_shape2-1-3-16-sinusoidal-tr-hidden_features=32-num_layers=2-num_heads=4-mlp_ratio=4-is_x_emb_seq=False]" file="tests/vector_field_nets_test.py" line="86" time="0.009" /><testcase classname="tests.vector_field_nets_test" name="test_vector_field_builders_shape_and_build[condition_event_shape2-1-3-16-sinusoidal-trX-hidden_features=16-num_layers=1-num_heads=4-mlp_ratio=4-is_x_emb_seq=True]" file="tests/vector_field_nets_test.py" line="86" time="0.006" /><testcase classname="tests.vector_field_nets_test" name="test_vector_field_builders_shape_and_build[condition_event_shape2-1-1-16-random_fourier-tr-hidden_features=32-num_layers=1-num_heads=4-mlp_ratio=4-is_x_emb_seq=False]" file="tests/vector_field_nets_test.py" line="86" time="0.016" /><testcase classname="tests.vector_field_nets_test" name="test_vector_field_builders_shape_and_build[condition_event_shape2-1-3-16-sinusoidal-trX-hidden_features=16-num_layers=2-num_heads=4-mlp_ratio=4-is_x_emb_seq=True]" file="tests/vector_field_nets_test.py" line="86" time="0.009" /><testcase classname="tests.vector_field_nets_test" name="test_vector_field_builders_shape_and_build[condition_event_shape2-1-3-16-sinusoidal-trX-hidden_features=32-num_layers=1-num_heads=4-mlp_ratio=4-is_x_emb_seq=True]" file="tests/vector_field_nets_test.py" line="86" time="0.006" /><testcase classname="tests.vector_field_nets_test" name="test_vector_field_builders_shape_and_build[condition_event_shape2-1-1-16-random_fourier-tr-hidden_features=32-num_layers=2-num_heads=4-mlp_ratio=4-is_x_emb_seq=False]" file="tests/vector_field_nets_test.py" line="86" time="0.016" /><testcase classname="tests.vector_field_nets_test" name="test_vector_field_builders_shape_and_build[condition_event_shape2-1-3-16-sinusoidal-trX-hidden_features=32-num_layers=2-num_heads=4-mlp_ratio=4-is_x_emb_seq=True]" file="tests/vector_field_nets_test.py" line="86" time="0.008" /><testcase classname="tests.vector_field_nets_test" name="test_vector_field_builders_shape_and_build[condition_event_shape2-1-3-16-random_fourier-mlp-hidden_features=16-num_layers=2-layer_norm=True]" file="tests/vector_field_nets_test.py" line="86" time="0.007" /><testcase classname="tests.vector_field_nets_test" name="test_vector_field_builders_shape_and_build[condition_event_shape2-1-3-16-random_fourier-mlp-hidden_features=[16, 32]-num_layers=2-layer_norm=True]" file="tests/vector_field_nets_test.py" line="86" time="0.006" /><testcase classname="tests.vector_field_nets_test" name="test_vector_field_builders_shape_and_build[condition_event_shape2-1-1-16-random_fourier-trX-hidden_features=16-num_layers=1-num_heads=4-mlp_ratio=4-is_x_emb_seq=True]" file="tests/vector_field_nets_test.py" line="86" time="0.017" /><testcase classname="tests.vector_field_nets_test" name="test_vector_field_builders_shape_and_build[condition_event_shape2-1-3-16-random_fourier-adamlp-hidden_features=8-num_layers=2-mlp_ratio=4]" file="tests/vector_field_nets_test.py" line="86" time="0.005" /><testcase classname="tests.vector_field_nets_test" name="test_vector_field_builders_shape_and_build[condition_event_shape2-1-3-16-random_fourier-adamlp-hidden_features=16-num_layers=2-mlp_ratio=4]" file="tests/vector_field_nets_test.py" line="86" time="0.005" /><testcase classname="tests.vector_field_nets_test" name="test_vector_field_builders_shape_and_build[condition_event_shape2-1-3-16-random_fourier-tr-hidden_features=16-num_layers=1-num_heads=4-mlp_ratio=4-is_x_emb_seq=False]" file="tests/vector_field_nets_test.py" line="86" time="0.006" /><testcase classname="tests.vector_field_nets_test" name="test_vector_field_builders_shape_and_build[condition_event_shape2-1-1-16-random_fourier-trX-hidden_features=16-num_layers=2-num_heads=4-mlp_ratio=4-is_x_emb_seq=True]" file="tests/vector_field_nets_test.py" line="86" time="0.029" /><testcase classname="tests.vector_field_nets_test" name="test_vector_field_builders_shape_and_build[condition_event_shape2-1-3-16-random_fourier-tr-hidden_features=16-num_layers=2-num_heads=4-mlp_ratio=4-is_x_emb_seq=False]" file="tests/vector_field_nets_test.py" line="86" time="0.008" /><testcase classname="tests.vector_field_nets_test" name="test_vector_field_builders_shape_and_build[condition_event_shape2-1-3-16-random_fourier-tr-hidden_features=32-num_layers=1-num_heads=4-mlp_ratio=4-is_x_emb_seq=False]" file="tests/vector_field_nets_test.py" line="86" time="0.006" /><testcase classname="tests.vector_field_nets_test" name="test_vector_field_builders_shape_and_build[condition_event_shape2-2-1-8-sinusoidal-tr-hidden_features=16-num_layers=2-num_heads=4-mlp_ratio=4-is_x_emb_seq=False]" file="tests/vector_field_nets_test.py" line="86" time="0.008" /><testcase classname="tests.vector_field_nets_test" name="test_vector_field_builders_shape_and_build[condition_event_shape2-2-1-8-sinusoidal-tr-hidden_features=32-num_layers=1-num_heads=4-mlp_ratio=4-is_x_emb_seq=False]" file="tests/vector_field_nets_test.py" line="86" time="0.007" /><testcase classname="tests.vector_field_nets_test" name="test_vector_field_builders_shape_and_build[condition_event_shape2-2-1-8-sinusoidal-tr-hidden_features=32-num_layers=2-num_heads=4-mlp_ratio=4-is_x_emb_seq=False]" file="tests/vector_field_nets_test.py" line="86" time="0.006" /><testcase classname="tests.vector_field_nets_test" name="test_vector_field_builders_shape_and_build[condition_event_shape2-1-3-16-random_fourier-tr-hidden_features=32-num_layers=2-num_heads=4-mlp_ratio=4-is_x_emb_seq=False]" file="tests/vector_field_nets_test.py" line="86" time="0.016" /><testcase classname="tests.vector_field_nets_test" name="test_vector_field_builders_shape_and_build[condition_event_shape2-2-1-8-sinusoidal-trX-hidden_features=16-num_layers=1-num_heads=4-mlp_ratio=4-is_x_emb_seq=True]" file="tests/vector_field_nets_test.py" line="86" time="0.006" /><testcase classname="tests.vector_field_nets_test" name="test_vector_field_builders_shape_and_build[condition_event_shape2-2-1-8-sinusoidal-trX-hidden_features=16-num_layers=2-num_heads=4-mlp_ratio=4-is_x_emb_seq=True]" file="tests/vector_field_nets_test.py" line="86" time="0.008" /><testcase classname="tests.vector_field_nets_test" name="test_vector_field_builders_shape_and_build[condition_event_shape2-1-3-16-random_fourier-trX-hidden_features=16-num_layers=1-num_heads=4-mlp_ratio=4-is_x_emb_seq=True]" file="tests/vector_field_nets_test.py" line="86" time="0.010" /><testcase classname="tests.vector_field_nets_test" name="test_vector_field_builders_shape_and_build[condition_event_shape2-2-1-8-sinusoidal-trX-hidden_features=32-num_layers=1-num_heads=4-mlp_ratio=4-is_x_emb_seq=True]" file="tests/vector_field_nets_test.py" line="86" time="0.005" /><testcase classname="tests.vector_field_nets_test" name="test_vector_field_builders_shape_and_build[condition_event_shape2-2-1-8-sinusoidal-trX-hidden_features=32-num_layers=2-num_heads=4-mlp_ratio=4-is_x_emb_seq=True]" file="tests/vector_field_nets_test.py" line="86" time="0.007" /><testcase classname="tests.vector_field_nets_test" name="test_vector_field_builders_shape_and_build[condition_event_shape2-1-3-16-random_fourier-trX-hidden_features=16-num_layers=2-num_heads=4-mlp_ratio=4-is_x_emb_seq=True]" file="tests/vector_field_nets_test.py" line="86" time="0.022" /><testcase classname="tests.vector_field_nets_test" name="test_vector_field_builders_shape_and_build[condition_event_shape2-2-1-8-random_fourier-mlp-hidden_features=16-num_layers=2-layer_norm=True]" file="tests/vector_field_nets_test.py" line="86" time="0.005" /><testcase classname="tests.vector_field_nets_test" name="test_vector_field_builders_shape_and_build[condition_event_shape2-2-1-8-random_fourier-mlp-hidden_features=[16, 32]-num_layers=2-layer_norm=True]" file="tests/vector_field_nets_test.py" line="86" time="0.007" /><testcase classname="tests.vector_field_nets_test" name="test_vector_field_builders_shape_and_build[condition_event_shape2-2-1-8-random_fourier-adamlp-hidden_features=8-num_layers=2-mlp_ratio=4]" file="tests/vector_field_nets_test.py" line="86" time="0.005" /><testcase classname="tests.vector_field_nets_test" name="test_vector_field_builders_shape_and_build[condition_event_shape2-2-1-8-random_fourier-adamlp-hidden_features=16-num_layers=2-mlp_ratio=4]" file="tests/vector_field_nets_test.py" line="86" time="0.005" /><testcase classname="tests.vector_field_nets_test" name="test_vector_field_builders_shape_and_build[condition_event_shape2-1-3-16-random_fourier-trX-hidden_features=32-num_layers=1-num_heads=4-mlp_ratio=4-is_x_emb_seq=True]" file="tests/vector_field_nets_test.py" line="86" time="0.016" /><testcase classname="tests.vector_field_nets_test" name="test_vector_field_builders_shape_and_build[condition_event_shape2-2-1-8-random_fourier-tr-hidden_features=16-num_layers=1-num_heads=4-mlp_ratio=4-is_x_emb_seq=False]" file="tests/vector_field_nets_test.py" line="86" time="0.008" /><testcase classname="tests.vector_field_nets_test" name="test_vector_field_builders_shape_and_build[condition_event_shape2-2-1-8-random_fourier-tr-hidden_features=16-num_layers=2-num_heads=4-mlp_ratio=4-is_x_emb_seq=False]" file="tests/vector_field_nets_test.py" line="86" time="0.007" /><testcase classname="tests.vector_field_nets_test" name="test_vector_field_builders_shape_and_build[condition_event_shape2-1-3-16-random_fourier-trX-hidden_features=32-num_layers=2-num_heads=4-mlp_ratio=4-is_x_emb_seq=True]" file="tests/vector_field_nets_test.py" line="86" time="0.016" /><testcase classname="tests.vector_field_nets_test" name="test_vector_field_builders_shape_and_build[condition_event_shape2-2-1-8-random_fourier-tr-hidden_features=32-num_layers=1-num_heads=4-mlp_ratio=4-is_x_emb_seq=False]" file="tests/vector_field_nets_test.py" line="86" time="0.007" /><testcase classname="tests.vector_field_nets_test" name="test_vector_field_builders_shape_and_build[condition_event_shape2-2-1-8-random_fourier-tr-hidden_features=32-num_layers=2-num_heads=4-mlp_ratio=4-is_x_emb_seq=False]" file="tests/vector_field_nets_test.py" line="86" time="0.006" /><testcase classname="tests.vector_field_nets_test" name="test_vector_field_builders_shape_and_build[condition_event_shape2-2-1-8-sinusoidal-mlp-hidden_features=16-num_layers=2-layer_norm=True]" file="tests/vector_field_nets_test.py" line="86" time="0.013" /><testcase classname="tests.vector_field_nets_test" name="test_vector_field_builders_shape_and_build[condition_event_shape2-2-1-8-random_fourier-trX-hidden_features=16-num_layers=1-num_heads=4-mlp_ratio=4-is_x_emb_seq=True]" file="tests/vector_field_nets_test.py" line="86" time="0.005" /><testcase classname="tests.vector_field_nets_test" name="test_vector_field_builders_shape_and_build[condition_event_shape2-2-1-8-random_fourier-trX-hidden_features=16-num_layers=2-num_heads=4-mlp_ratio=4-is_x_emb_seq=True]" file="tests/vector_field_nets_test.py" line="86" time="0.007" /><testcase classname="tests.vector_field_nets_test" name="test_vector_field_builders_shape_and_build[condition_event_shape2-2-1-8-random_fourier-trX-hidden_features=32-num_layers=1-num_heads=4-mlp_ratio=4-is_x_emb_seq=True]" file="tests/vector_field_nets_test.py" line="86" time="0.005" /><testcase classname="tests.vector_field_nets_test" name="test_vector_field_builders_shape_and_build[condition_event_shape2-2-1-8-sinusoidal-mlp-hidden_features=[16, 32]-num_layers=2-layer_norm=True]" file="tests/vector_field_nets_test.py" line="86" time="0.013" /><testcase classname="tests.vector_field_nets_test" name="test_vector_field_builders_shape_and_build[condition_event_shape2-2-1-8-random_fourier-trX-hidden_features=32-num_layers=2-num_heads=4-mlp_ratio=4-is_x_emb_seq=True]" file="tests/vector_field_nets_test.py" line="86" time="0.008" /><testcase classname="tests.vector_field_nets_test" name="test_vector_field_builders_shape_and_build[condition_event_shape2-2-1-16-sinusoidal-mlp-hidden_features=16-num_layers=2-layer_norm=True]" file="tests/vector_field_nets_test.py" line="86" time="0.005" /><testcase classname="tests.vector_field_nets_test" name="test_vector_field_builders_shape_and_build[condition_event_shape2-2-1-8-sinusoidal-adamlp-hidden_features=8-num_layers=2-mlp_ratio=4]" file="tests/vector_field_nets_test.py" line="86" time="0.013" /><testcase classname="tests.vector_field_nets_test" name="test_vector_field_builders_shape_and_build[condition_event_shape2-2-1-16-sinusoidal-trX-hidden_features=32-num_layers=2-num_heads=4-mlp_ratio=4-is_x_emb_seq=True]" file="tests/vector_field_nets_test.py" line="86" time="0.007" /><testcase classname="tests.vector_field_nets_test" name="test_vector_field_builders_shape_and_build[condition_event_shape2-2-1-16-random_fourier-mlp-hidden_features=16-num_layers=2-layer_norm=True]" file="tests/vector_field_nets_test.py" line="86" time="0.006" /><testcase classname="tests.vector_field_nets_test" name="test_vector_field_builders_shape_and_build[condition_event_shape2-2-1-8-sinusoidal-adamlp-hidden_features=16-num_layers=2-mlp_ratio=4]" file="tests/vector_field_nets_test.py" line="86" time="0.012" /><testcase classname="tests.vector_field_nets_test" name="test_vector_field_builders_shape_and_build[condition_event_shape2-2-1-16-random_fourier-mlp-hidden_features=[16, 32]-num_layers=2-layer_norm=True]" file="tests/vector_field_nets_test.py" line="86" time="0.005" /><testcase classname="tests.vector_field_nets_test" name="test_vector_field_builders_shape_and_build[condition_event_shape2-2-1-16-random_fourier-adamlp-hidden_features=8-num_layers=2-mlp_ratio=4]" file="tests/vector_field_nets_test.py" line="86" time="0.005" /><testcase classname="tests.vector_field_nets_test" name="test_vector_field_builders_shape_and_build[condition_event_shape2-2-1-8-sinusoidal-tr-hidden_features=16-num_layers=1-num_heads=4-mlp_ratio=4-is_x_emb_seq=False]" file="tests/vector_field_nets_test.py" line="86" time="0.016" /><testcase classname="tests.vector_field_nets_test" name="test_vector_field_builders_shape_and_build[condition_event_shape2-2-1-16-random_fourier-adamlp-hidden_features=16-num_layers=2-mlp_ratio=4]" file="tests/vector_field_nets_test.py" line="86" time="0.010" /><testcase classname="tests.vector_field_nets_test" name="test_vector_field_builders_shape_and_build[condition_event_shape2-2-1-16-random_fourier-tr-hidden_features=16-num_layers=1-num_heads=4-mlp_ratio=4-is_x_emb_seq=False]" file="tests/vector_field_nets_test.py" line="86" time="0.008" /><testcase classname="tests.vector_field_nets_test" name="test_vector_field_builders_shape_and_build[condition_event_shape2-2-1-16-sinusoidal-mlp-hidden_features=[16, 32]-num_layers=2-layer_norm=True]" file="tests/vector_field_nets_test.py" line="86" time="0.014" /><testcase classname="tests.vector_field_nets_test" name="test_vector_field_builders_shape_and_build[condition_event_shape2-2-1-16-random_fourier-tr-hidden_features=16-num_layers=2-num_heads=4-mlp_ratio=4-is_x_emb_seq=False]" file="tests/vector_field_nets_test.py" line="86" time="0.010" /><testcase classname="tests.vector_field_nets_test" name="test_vector_field_builders_shape_and_build[condition_event_shape2-2-1-16-random_fourier-tr-hidden_features=32-num_layers=1-num_heads=4-mlp_ratio=4-is_x_emb_seq=False]" file="tests/vector_field_nets_test.py" line="86" time="0.010" /><testcase classname="tests.vector_field_nets_test" name="test_vector_field_builders_shape_and_build[condition_event_shape2-2-1-16-sinusoidal-adamlp-hidden_features=8-num_layers=2-mlp_ratio=4]" file="tests/vector_field_nets_test.py" line="86" time="0.012" /><testcase classname="tests.vector_field_nets_test" name="test_vector_field_builders_shape_and_build[condition_event_shape2-2-1-16-random_fourier-tr-hidden_features=32-num_layers=2-num_heads=4-mlp_ratio=4-is_x_emb_seq=False]" file="tests/vector_field_nets_test.py" line="86" time="0.007" /><testcase classname="tests.vector_field_nets_test" name="test_vector_field_builders_shape_and_build[condition_event_shape2-2-1-16-random_fourier-trX-hidden_features=16-num_layers=1-num_heads=4-mlp_ratio=4-is_x_emb_seq=True]" file="tests/vector_field_nets_test.py" line="86" time="0.006" /><testcase classname="tests.vector_field_nets_test" name="test_vector_field_builders_shape_and_build[condition_event_shape2-2-1-16-random_fourier-trX-hidden_features=16-num_layers=2-num_heads=4-mlp_ratio=4-is_x_emb_seq=True]" file="tests/vector_field_nets_test.py" line="86" time="0.010" /><testcase classname="tests.vector_field_nets_test" name="test_vector_field_builders_shape_and_build[condition_event_shape2-2-1-16-sinusoidal-adamlp-hidden_features=16-num_layers=2-mlp_ratio=4]" file="tests/vector_field_nets_test.py" line="86" time="0.032" /><testcase classname="tests.vector_field_nets_test" name="test_vector_field_builders_shape_and_build[condition_event_shape2-2-1-16-random_fourier-trX-hidden_features=32-num_layers=1-num_heads=4-mlp_ratio=4-is_x_emb_seq=True]" file="tests/vector_field_nets_test.py" line="86" time="0.005" /><testcase classname="tests.vector_field_nets_test" name="test_vector_field_builders_shape_and_build[condition_event_shape2-2-1-16-random_fourier-trX-hidden_features=32-num_layers=2-num_heads=4-mlp_ratio=4-is_x_emb_seq=True]" file="tests/vector_field_nets_test.py" line="86" time="0.007" /><testcase classname="tests.vector_field_nets_test" name="test_vector_field_builders_shape_and_build[condition_event_shape2-2-3-8-sinusoidal-mlp-hidden_features=16-num_layers=2-layer_norm=True]" file="tests/vector_field_nets_test.py" line="86" time="0.006" /><testcase classname="tests.vector_field_nets_test" name="test_vector_field_builders_shape_and_build[condition_event_shape2-2-3-8-sinusoidal-mlp-hidden_features=[16, 32]-num_layers=2-layer_norm=True]" file="tests/vector_field_nets_test.py" line="86" time="0.007" /><testcase classname="tests.vector_field_nets_test" name="test_vector_field_builders_shape_and_build[condition_event_shape2-2-3-8-sinusoidal-adamlp-hidden_features=8-num_layers=2-mlp_ratio=4]" file="tests/vector_field_nets_test.py" line="86" time="0.005" /><testcase classname="tests.vector_field_nets_test" name="test_vector_field_builders_shape_and_build[condition_event_shape2-2-1-16-sinusoidal-tr-hidden_features=16-num_layers=1-num_heads=4-mlp_ratio=4-is_x_emb_seq=False]" file="tests/vector_field_nets_test.py" line="86" time="0.031" /><testcase classname="tests.vector_field_nets_test" name="test_vector_field_builders_shape_and_build[condition_event_shape2-2-3-8-sinusoidal-adamlp-hidden_features=16-num_layers=2-mlp_ratio=4]" file="tests/vector_field_nets_test.py" line="86" time="0.005" /><testcase classname="tests.vector_field_nets_test" name="test_vector_field_builders_shape_and_build[condition_event_shape2-2-3-8-sinusoidal-tr-hidden_features=16-num_layers=1-num_heads=4-mlp_ratio=4-is_x_emb_seq=False]" file="tests/vector_field_nets_test.py" line="86" time="0.007" /><testcase classname="tests.vector_field_nets_test" name="test_vector_field_builders_shape_and_build[condition_event_shape2-2-3-8-sinusoidal-tr-hidden_features=16-num_layers=2-num_heads=4-mlp_ratio=4-is_x_emb_seq=False]" file="tests/vector_field_nets_test.py" line="86" time="0.011" /><testcase classname="tests.vector_field_nets_test" name="test_vector_field_builders_shape_and_build[condition_event_shape2-2-1-16-sinusoidal-tr-hidden_features=16-num_layers=2-num_heads=4-mlp_ratio=4-is_x_emb_seq=False]" file="tests/vector_field_nets_test.py" line="86" time="0.036" /><testcase classname="tests.vector_field_nets_test" name="test_vector_field_builders_shape_and_build[condition_event_shape2-2-3-8-sinusoidal-tr-hidden_features=32-num_layers=1-num_heads=4-mlp_ratio=4-is_x_emb_seq=False]" file="tests/vector_field_nets_test.py" line="86" time="0.007" /><testcase classname="tests.vector_field_nets_test" name="test_vector_field_builders_shape_and_build[condition_event_shape2-2-3-8-sinusoidal-tr-hidden_features=32-num_layers=2-num_heads=4-mlp_ratio=4-is_x_emb_seq=False]" file="tests/vector_field_nets_test.py" line="86" time="0.009" /><testcase classname="tests.vector_field_nets_test" name="test_vector_field_builders_shape_and_build[condition_event_shape2-2-3-8-sinusoidal-trX-hidden_features=16-num_layers=1-num_heads=4-mlp_ratio=4-is_x_emb_seq=True]" file="tests/vector_field_nets_test.py" line="86" time="0.007" /><testcase classname="tests.vector_field_nets_test" name="test_vector_field_builders_shape_and_build[condition_event_shape2-2-3-8-sinusoidal-trX-hidden_features=16-num_layers=2-num_heads=4-mlp_ratio=4-is_x_emb_seq=True]" file="tests/vector_field_nets_test.py" line="86" time="0.011" /><testcase classname="tests.vector_field_nets_test" name="test_vector_field_builders_shape_and_build[condition_event_shape2-2-3-8-sinusoidal-trX-hidden_features=32-num_layers=1-num_heads=4-mlp_ratio=4-is_x_emb_seq=True]" file="tests/vector_field_nets_test.py" line="86" time="0.006" /><testcase classname="tests.vector_field_nets_test" name="test_vector_field_builders_shape_and_build[condition_event_shape2-2-3-8-sinusoidal-trX-hidden_features=32-num_layers=2-num_heads=4-mlp_ratio=4-is_x_emb_seq=True]" file="tests/vector_field_nets_test.py" line="86" time="0.007" /><testcase classname="tests.vector_field_nets_test" name="test_vector_field_builders_shape_and_build[condition_event_shape2-2-3-8-random_fourier-mlp-hidden_features=16-num_layers=2-layer_norm=True]" file="tests/vector_field_nets_test.py" line="86" time="0.006" /><testcase classname="tests.score_samplers_test" name="test_gaussian_score_sampling[1.0--1.0-input_event_shape1-langevin-euler_maruyama-subvp]" file="tests/score_samplers_test.py" line="171" time="1.607" /><testcase classname="tests.vector_field_nets_test" name="test_vector_field_builders_shape_and_build[condition_event_shape2-2-3-8-random_fourier-mlp-hidden_features=[16, 32]-num_layers=2-layer_norm=True]" file="tests/vector_field_nets_test.py" line="86" time="0.005" /><testcase classname="tests.vector_field_nets_test" name="test_vector_field_builders_shape_and_build[condition_event_shape2-2-1-16-sinusoidal-tr-hidden_features=32-num_layers=1-num_heads=4-mlp_ratio=4-is_x_emb_seq=False]" file="tests/vector_field_nets_test.py" line="86" time="0.033" /><testcase classname="tests.vector_field_nets_test" name="test_vector_field_builders_shape_and_build[condition_event_shape2-2-3-8-random_fourier-trX-hidden_features=32-num_layers=2-num_heads=4-mlp_ratio=4-is_x_emb_seq=True]" file="tests/vector_field_nets_test.py" line="86" time="0.007" /><testcase classname="tests.vector_field_nets_test" name="test_vector_field_builders_shape_and_build[condition_event_shape2-2-3-16-sinusoidal-mlp-hidden_features=16-num_layers=2-layer_norm=True]" file="tests/vector_field_nets_test.py" line="86" time="0.006" /><testcase classname="tests.vector_field_nets_test" name="test_vector_field_builders_shape_and_build[condition_event_shape2-2-1-16-sinusoidal-tr-hidden_features=32-num_layers=2-num_heads=4-mlp_ratio=4-is_x_emb_seq=False]" file="tests/vector_field_nets_test.py" line="86" time="0.017" /><testcase classname="tests.vector_field_nets_test" name="test_vector_field_builders_shape_and_build[condition_event_shape2-2-3-16-sinusoidal-mlp-hidden_features=[16, 32]-num_layers=2-layer_norm=True]" file="tests/vector_field_nets_test.py" line="86" time="0.004" /><testcase classname="tests.vector_field_nets_test" name="test_vector_field_builders_shape_and_build[condition_event_shape2-2-3-16-sinusoidal-adamlp-hidden_features=8-num_layers=2-mlp_ratio=4]" file="tests/vector_field_nets_test.py" line="86" time="0.007" /><testcase classname="tests.vector_field_nets_test" name="test_vector_field_builders_shape_and_build[condition_event_shape2-2-1-16-sinusoidal-trX-hidden_features=16-num_layers=1-num_heads=4-mlp_ratio=4-is_x_emb_seq=True]" file="tests/vector_field_nets_test.py" line="86" time="0.010" /><testcase classname="tests.vector_field_nets_test" name="test_vector_field_builders_shape_and_build[condition_event_shape2-2-3-16-sinusoidal-adamlp-hidden_features=16-num_layers=2-mlp_ratio=4]" file="tests/vector_field_nets_test.py" line="86" time="0.007" /><testcase classname="tests.vector_field_nets_test" name="test_vector_field_builders_shape_and_build[condition_event_shape2-2-3-16-sinusoidal-tr-hidden_features=16-num_layers=1-num_heads=4-mlp_ratio=4-is_x_emb_seq=False]" file="tests/vector_field_nets_test.py" line="86" time="0.006" /><testcase classname="tests.vector_field_nets_test" name="test_vector_field_builders_shape_and_build[condition_event_shape2-2-1-16-sinusoidal-trX-hidden_features=16-num_layers=2-num_heads=4-mlp_ratio=4-is_x_emb_seq=True]" file="tests/vector_field_nets_test.py" line="86" time="0.013" /><testcase classname="tests.vector_field_nets_test" name="test_vector_field_builders_shape_and_build[condition_event_shape2-2-3-16-sinusoidal-tr-hidden_features=16-num_layers=2-num_heads=4-mlp_ratio=4-is_x_emb_seq=False]" file="tests/vector_field_nets_test.py" line="86" time="0.009" /><testcase classname="tests.vector_field_nets_test" name="test_vector_field_builders_shape_and_build[condition_event_shape2-2-3-16-sinusoidal-tr-hidden_features=32-num_layers=1-num_heads=4-mlp_ratio=4-is_x_emb_seq=False]" file="tests/vector_field_nets_test.py" line="86" time="0.006" /><testcase classname="tests.vector_field_nets_test" name="test_vector_field_builders_shape_and_build[condition_event_shape2-2-1-16-sinusoidal-trX-hidden_features=32-num_layers=1-num_heads=4-mlp_ratio=4-is_x_emb_seq=True]" file="tests/vector_field_nets_test.py" line="86" time="0.010" /><testcase classname="tests.vector_field_nets_test" name="test_vector_field_builders_shape_and_build[condition_event_shape2-2-3-16-sinusoidal-tr-hidden_features=32-num_layers=2-num_heads=4-mlp_ratio=4-is_x_emb_seq=False]" file="tests/vector_field_nets_test.py" line="86" time="0.008" /><testcase classname="tests.vector_field_nets_test" name="test_vector_field_builders_shape_and_build[condition_event_shape2-2-3-8-random_fourier-adamlp-hidden_features=8-num_layers=2-mlp_ratio=4]" file="tests/vector_field_nets_test.py" line="86" time="0.012" /><testcase classname="tests.vector_field_nets_test" name="test_vector_field_builders_shape_and_build[condition_event_shape2-2-3-16-sinusoidal-trX-hidden_features=16-num_layers=1-num_heads=4-mlp_ratio=4-is_x_emb_seq=True]" file="tests/vector_field_nets_test.py" line="86" time="0.005" /><testcase classname="tests.vector_field_nets_test" name="test_vector_field_builders_shape_and_build[condition_event_shape2-2-3-16-sinusoidal-trX-hidden_features=16-num_layers=2-num_heads=4-mlp_ratio=4-is_x_emb_seq=True]" file="tests/vector_field_nets_test.py" line="86" time="0.006" /><testcase classname="tests.vector_field_nets_test" name="test_vector_field_builders_shape_and_build[condition_event_shape2-2-3-8-random_fourier-adamlp-hidden_features=16-num_layers=2-mlp_ratio=4]" file="tests/vector_field_nets_test.py" line="86" time="0.013" /><testcase classname="tests.vector_field_nets_test" name="test_vector_field_builders_shape_and_build[condition_event_shape2-2-3-16-sinusoidal-trX-hidden_features=32-num_layers=1-num_heads=4-mlp_ratio=4-is_x_emb_seq=True]" file="tests/vector_field_nets_test.py" line="86" time="0.007" /><testcase classname="tests.vector_field_nets_test" name="test_vector_field_builders_shape_and_build[condition_event_shape2-2-3-16-sinusoidal-trX-hidden_features=32-num_layers=2-num_heads=4-mlp_ratio=4-is_x_emb_seq=True]" file="tests/vector_field_nets_test.py" line="86" time="0.012" /><testcase classname="tests.vector_field_nets_test" name="test_vector_field_builders_shape_and_build[condition_event_shape2-2-3-8-random_fourier-tr-hidden_features=16-num_layers=1-num_heads=4-mlp_ratio=4-is_x_emb_seq=False]" file="tests/vector_field_nets_test.py" line="86" time="0.017" /><testcase classname="tests.vector_field_nets_test" name="test_vector_field_builders_shape_and_build[condition_event_shape2-2-3-16-random_fourier-mlp-hidden_features=16-num_layers=2-layer_norm=True]" file="tests/vector_field_nets_test.py" line="86" time="0.009" /><testcase classname="tests.vector_field_nets_test" name="test_vector_field_builders_shape_and_build[condition_event_shape2-2-3-16-random_fourier-mlp-hidden_features=[16, 32]-num_layers=2-layer_norm=True]" file="tests/vector_field_nets_test.py" line="86" time="0.009" /><testcase classname="tests.vector_field_nets_test" name="test_vector_field_builders_shape_and_build[condition_event_shape2-2-3-8-random_fourier-tr-hidden_features=16-num_layers=2-num_heads=4-mlp_ratio=4-is_x_emb_seq=False]" file="tests/vector_field_nets_test.py" line="86" time="0.025" /><testcase classname="tests.vector_field_nets_test" name="test_vector_field_builders_shape_and_build[condition_event_shape2-2-3-16-random_fourier-adamlp-hidden_features=8-num_layers=2-mlp_ratio=4]" file="tests/vector_field_nets_test.py" line="86" time="0.010" /><testcase classname="tests.lc2st_test" name="test_lc2st_normalization_runs_once_per_null_trial" file="tests/lc2st_test.py" line="346" time="0.470" /><testcase classname="tests.vector_field_nets_test" name="test_vector_field_builders_shape_and_build[condition_event_shape2-2-3-16-random_fourier-adamlp-hidden_features=16-num_layers=2-mlp_ratio=4]" file="tests/vector_field_nets_test.py" line="86" time="0.007" /><testcase classname="tests.vector_field_nets_test" name="test_vector_field_builders_shape_and_build[condition_event_shape2-2-3-8-random_fourier-tr-hidden_features=32-num_layers=1-num_heads=4-mlp_ratio=4-is_x_emb_seq=False]" file="tests/vector_field_nets_test.py" line="86" time="0.017" /><testcase classname="tests.vector_field_nets_test" name="test_vector_field_builders_shape_and_build[condition_event_shape2-2-3-16-random_fourier-tr-hidden_features=16-num_layers=1-num_heads=4-mlp_ratio=4-is_x_emb_seq=False]" file="tests/vector_field_nets_test.py" line="86" time="0.009" /><testcase classname="tests.vector_field_nets_test" name="test_vector_field_builders_shape_and_build[condition_event_shape2-2-3-16-random_fourier-tr-hidden_features=16-num_layers=2-num_heads=4-mlp_ratio=4-is_x_emb_seq=False]" file="tests/vector_field_nets_test.py" line="86" time="0.009" /><testcase classname="tests.vector_field_nets_test" name="test_vector_field_builders_shape_and_build[condition_event_shape2-2-3-8-random_fourier-tr-hidden_features=32-num_layers=2-num_heads=4-mlp_ratio=4-is_x_emb_seq=False]" file="tests/vector_field_nets_test.py" line="86" time="0.023" /><testcase classname="tests.vector_field_nets_test" name="test_vector_field_builders_shape_and_build[condition_event_shape2-2-3-16-random_fourier-tr-hidden_features=32-num_layers=1-num_heads=4-mlp_ratio=4-is_x_emb_seq=False]" file="tests/vector_field_nets_test.py" line="86" time="0.007" /><testcase classname="tests.vector_field_nets_test" name="test_vector_field_builders_shape_and_build[condition_event_shape2-2-3-16-random_fourier-tr-hidden_features=32-num_layers=2-num_heads=4-mlp_ratio=4-is_x_emb_seq=False]" file="tests/vector_field_nets_test.py" line="86" time="0.008" /><testcase classname="tests.vector_field_nets_test" name="test_vector_field_builders_shape_and_build[condition_event_shape2-2-3-16-random_fourier-trX-hidden_features=16-num_layers=1-num_heads=4-mlp_ratio=4-is_x_emb_seq=True]" file="tests/vector_field_nets_test.py" line="86" time="0.005" /><testcase classname="tests.vector_field_nets_test" name="test_vector_field_builders_shape_and_build[condition_event_shape2-2-3-8-random_fourier-trX-hidden_features=16-num_layers=1-num_heads=4-mlp_ratio=4-is_x_emb_seq=True]" file="tests/vector_field_nets_test.py" line="86" time="0.012" /><testcase classname="tests.vector_field_nets_test" name="test_vector_field_builders_shape_and_build[condition_event_shape2-2-3-16-random_fourier-trX-hidden_features=16-num_layers=2-num_heads=4-mlp_ratio=4-is_x_emb_seq=True]" file="tests/vector_field_nets_test.py" line="86" time="0.006" /><testcase classname="tests.vector_field_nets_test" name="test_vector_field_builders_shape_and_build[condition_event_shape2-2-3-16-random_fourier-trX-hidden_features=32-num_layers=1-num_heads=4-mlp_ratio=4-is_x_emb_seq=True]" file="tests/vector_field_nets_test.py" line="86" time="0.007" /><testcase classname="tests.vector_field_nets_test" name="test_vector_field_builders_shape_and_build[condition_event_shape2-2-3-8-random_fourier-trX-hidden_features=16-num_layers=2-num_heads=4-mlp_ratio=4-is_x_emb_seq=True]" file="tests/vector_field_nets_test.py" line="86" time="0.016" /><testcase classname="tests.vector_field_nets_test" name="test_vector_field_builders_shape_and_build[condition_event_shape2-2-3-16-random_fourier-trX-hidden_features=32-num_layers=2-num_heads=4-mlp_ratio=4-is_x_emb_seq=True]" file="tests/vector_field_nets_test.py" line="86" time="0.007" /><testcase classname="tests.vector_field_nets_test" name="test_vector_field_builders_shape_and_build[condition_event_shape3-1-1-8-sinusoidal-trX-hidden_features=16-num_layers=1-num_heads=4-mlp_ratio=4-is_x_emb_seq=True]" file="tests/vector_field_nets_test.py" line="86" time="0.007" /><testcase classname="tests.vector_field_nets_test" name="test_vector_field_builders_shape_and_build[condition_event_shape2-2-3-8-random_fourier-trX-hidden_features=32-num_layers=1-num_heads=4-mlp_ratio=4-is_x_emb_seq=True]" file="tests/vector_field_nets_test.py" line="86" time="0.013" /><testcase classname="tests.vector_field_nets_test" name="test_vector_field_builders_shape_and_build[condition_event_shape3-1-1-8-sinusoidal-trX-hidden_features=16-num_layers=2-num_heads=4-mlp_ratio=4-is_x_emb_seq=True]" file="tests/vector_field_nets_test.py" line="86" time="0.008" /><testcase classname="tests.vector_field_nets_test" name="test_vector_field_builders_shape_and_build[condition_event_shape3-1-1-8-sinusoidal-trX-hidden_features=32-num_layers=1-num_heads=4-mlp_ratio=4-is_x_emb_seq=True]" file="tests/vector_field_nets_test.py" line="86" time="0.006" /><testcase classname="tests.vector_field_nets_test" name="test_vector_field_builders_shape_and_build[condition_event_shape3-1-1-8-sinusoidal-mlp-hidden_features=16-num_layers=2-layer_norm=True]" file="tests/vector_field_nets_test.py" line="86" time="0.016" /><testcase classname="tests.vector_field_nets_test" name="test_vector_field_builders_shape_and_build[condition_event_shape3-1-1-8-sinusoidal-trX-hidden_features=32-num_layers=2-num_heads=4-mlp_ratio=4-is_x_emb_seq=True]" file="tests/vector_field_nets_test.py" line="86" time="0.007" /><testcase classname="tests.vector_field_nets_test" name="test_vector_field_builders_shape_and_build[condition_event_shape3-1-1-8-random_fourier-mlp-hidden_features=16-num_layers=2-layer_norm=True]" file="tests/vector_field_nets_test.py" line="86" time="0.009" /><testcase classname="tests.vector_field_nets_test" name="test_vector_field_builders_shape_and_build[condition_event_shape3-1-1-8-sinusoidal-mlp-hidden_features=[16, 32]-num_layers=2-layer_norm=True]" file="tests/vector_field_nets_test.py" line="86" time="0.012" /><testcase classname="tests.vector_field_nets_test" name="test_vector_field_builders_shape_and_build[condition_event_shape3-1-1-8-random_fourier-mlp-hidden_features=[16, 32]-num_layers=2-layer_norm=True]" file="tests/vector_field_nets_test.py" line="86" time="0.005" /><testcase classname="tests.vector_field_nets_test" name="test_vector_field_builders_shape_and_build[condition_event_shape3-1-1-8-random_fourier-adamlp-hidden_features=8-num_layers=2-mlp_ratio=4]" file="tests/vector_field_nets_test.py" line="86" time="0.006" /><testcase classname="tests.vector_field_nets_test" name="test_vector_field_builders_shape_and_build[condition_event_shape3-1-1-8-sinusoidal-adamlp-hidden_features=8-num_layers=2-mlp_ratio=4]" file="tests/vector_field_nets_test.py" line="86" time="0.013" /><testcase classname="tests.vector_field_nets_test" name="test_vector_field_builders_shape_and_build[condition_event_shape3-1-1-8-random_fourier-adamlp-hidden_features=16-num_layers=2-mlp_ratio=4]" file="tests/vector_field_nets_test.py" line="86" time="0.006" /><testcase classname="tests.vector_field_nets_test" name="test_vector_field_builders_shape_and_build[condition_event_shape3-1-1-8-random_fourier-tr-hidden_features=16-num_layers=1-num_heads=4-mlp_ratio=4-is_x_emb_seq=False]" file="tests/vector_field_nets_test.py" line="86" time="0.007" /><testcase classname="tests.vector_field_nets_test" name="test_vector_field_builders_shape_and_build[condition_event_shape3-1-1-8-sinusoidal-adamlp-hidden_features=16-num_layers=2-mlp_ratio=4]" file="tests/vector_field_nets_test.py" line="86" time="0.013" /><testcase classname="tests.vector_field_nets_test" name="test_vector_field_builders_shape_and_build[condition_event_shape3-1-1-8-random_fourier-tr-hidden_features=16-num_layers=2-num_heads=4-mlp_ratio=4-is_x_emb_seq=False]" file="tests/vector_field_nets_test.py" line="86" time="0.008" /><testcase classname="tests.vector_field_nets_test" name="test_vector_field_builders_shape_and_build[condition_event_shape3-1-1-8-random_fourier-tr-hidden_features=32-num_layers=1-num_heads=4-mlp_ratio=4-is_x_emb_seq=False]" file="tests/vector_field_nets_test.py" line="86" time="0.006" /><testcase classname="tests.vector_field_nets_test" name="test_vector_field_builders_shape_and_build[condition_event_shape3-1-1-8-sinusoidal-tr-hidden_features=16-num_layers=1-num_heads=4-mlp_ratio=4-is_x_emb_seq=False]" file="tests/vector_field_nets_test.py" line="86" time="0.013" /><testcase classname="tests.vector_field_nets_test" name="test_vector_field_builders_shape_and_build[condition_event_shape3-1-1-8-random_fourier-tr-hidden_features=32-num_layers=2-num_heads=4-mlp_ratio=4-is_x_emb_seq=False]" file="tests/vector_field_nets_test.py" line="86" time="0.008" /><testcase classname="tests.vector_field_nets_test" name="test_vector_field_builders_shape_and_build[condition_event_shape3-1-1-8-random_fourier-trX-hidden_features=16-num_layers=1-num_heads=4-mlp_ratio=4-is_x_emb_seq=True]" file="tests/vector_field_nets_test.py" line="86" time="0.005" /><testcase classname="tests.vector_field_nets_test" name="test_vector_field_builders_shape_and_build[condition_event_shape3-1-1-8-sinusoidal-tr-hidden_features=16-num_layers=2-num_heads=4-mlp_ratio=4-is_x_emb_seq=False]" file="tests/vector_field_nets_test.py" line="86" time="0.015" /><testcase classname="tests.vector_field_nets_test" name="test_vector_field_builders_shape_and_build[condition_event_shape3-1-1-8-random_fourier-trX-hidden_features=16-num_layers=2-num_heads=4-mlp_ratio=4-is_x_emb_seq=True]" file="tests/vector_field_nets_test.py" line="86" time="0.006" /><testcase classname="tests.vector_field_nets_test" name="test_vector_field_builders_shape_and_build[condition_event_shape3-1-1-8-random_fourier-trX-hidden_features=32-num_layers=1-num_heads=4-mlp_ratio=4-is_x_emb_seq=True]" file="tests/vector_field_nets_test.py" line="86" time="0.005" /><testcase classname="tests.vector_field_nets_test" name="test_vector_field_builders_shape_and_build[condition_event_shape3-1-1-8-random_fourier-trX-hidden_features=32-num_layers=2-num_heads=4-mlp_ratio=4-is_x_emb_seq=True]" file="tests/vector_field_nets_test.py" line="86" time="0.006" /><testcase classname="tests.vector_field_nets_test" name="test_vector_field_builders_shape_and_build[condition_event_shape3-1-1-8-sinusoidal-tr-hidden_features=32-num_layers=1-num_heads=4-mlp_ratio=4-is_x_emb_seq=False]" file="tests/vector_field_nets_test.py" line="86" time="0.015" /><testcase classname="tests.vector_field_nets_test" name="test_vector_field_builders_shape_and_build[condition_event_shape3-1-1-16-sinusoidal-tr-hidden_features=32-num_layers=2-num_heads=4-mlp_ratio=4-is_x_emb_seq=False]" file="tests/vector_field_nets_test.py" line="86" time="0.007" /><testcase classname="tests.vector_field_nets_test" name="test_vector_field_builders_shape_and_build[condition_event_shape3-1-1-16-sinusoidal-trX-hidden_features=16-num_layers=1-num_heads=4-mlp_ratio=4-is_x_emb_seq=True]" file="tests/vector_field_nets_test.py" line="86" time="0.005" /><testcase classname="tests.vector_field_nets_test" name="test_vector_field_builders_shape_and_build[condition_event_shape3-1-1-8-sinusoidal-tr-hidden_features=32-num_layers=2-num_heads=4-mlp_ratio=4-is_x_emb_seq=False]" file="tests/vector_field_nets_test.py" line="86" time="0.029" /><testcase classname="tests.vector_field_nets_test" name="test_vector_field_builders_shape_and_build[condition_event_shape3-1-1-16-sinusoidal-trX-hidden_features=16-num_layers=2-num_heads=4-mlp_ratio=4-is_x_emb_seq=True]" file="tests/vector_field_nets_test.py" line="86" time="0.006" /><testcase classname="tests.vector_field_nets_test" name="test_vector_field_builders_shape_and_build[condition_event_shape3-1-1-16-sinusoidal-trX-hidden_features=32-num_layers=1-num_heads=4-mlp_ratio=4-is_x_emb_seq=True]" file="tests/vector_field_nets_test.py" line="86" time="0.005" /><testcase classname="tests.vector_field_nets_test" name="test_vector_field_builders_shape_and_build[condition_event_shape3-1-1-16-sinusoidal-trX-hidden_features=32-num_layers=2-num_heads=4-mlp_ratio=4-is_x_emb_seq=True]" file="tests/vector_field_nets_test.py" line="86" time="0.006" /><testcase classname="tests.vector_field_nets_test" name="test_vector_field_builders_shape_and_build[condition_event_shape3-1-1-16-random_fourier-mlp-hidden_features=16-num_layers=2-layer_norm=True]" file="tests/vector_field_nets_test.py" line="86" time="0.005" /><testcase classname="tests.vector_field_nets_test" name="test_vector_field_builders_shape_and_build[condition_event_shape3-1-1-16-random_fourier-mlp-hidden_features=[16, 32]-num_layers=2-layer_norm=True]" file="tests/vector_field_nets_test.py" line="86" time="0.005" /><testcase classname="tests.vector_field_nets_test" name="test_vector_field_builders_shape_and_build[condition_event_shape3-1-1-16-random_fourier-adamlp-hidden_features=8-num_layers=2-mlp_ratio=4]" file="tests/vector_field_nets_test.py" line="86" time="0.008" /><testcase classname="tests.vector_field_nets_test" name="test_vector_field_builders_shape_and_build[condition_event_shape3-1-1-16-random_fourier-adamlp-hidden_features=16-num_layers=2-mlp_ratio=4]" file="tests/vector_field_nets_test.py" line="86" time="0.006" /><testcase classname="tests.vector_field_nets_test" name="test_vector_field_builders_shape_and_build[condition_event_shape3-1-1-16-random_fourier-tr-hidden_features=16-num_layers=1-num_heads=4-mlp_ratio=4-is_x_emb_seq=False]" file="tests/vector_field_nets_test.py" line="86" time="0.006" /><testcase classname="tests.vector_field_nets_test" name="test_vector_field_builders_shape_and_build[condition_event_shape3-1-1-16-random_fourier-tr-hidden_features=16-num_layers=2-num_heads=4-mlp_ratio=4-is_x_emb_seq=False]" file="tests/vector_field_nets_test.py" line="86" time="0.006" /><testcase classname="tests.vector_field_nets_test" name="test_vector_field_builders_shape_and_build[condition_event_shape3-1-1-16-random_fourier-tr-hidden_features=32-num_layers=1-num_heads=4-mlp_ratio=4-is_x_emb_seq=False]" file="tests/vector_field_nets_test.py" line="86" time="0.009" /><testcase classname="tests.vector_field_nets_test" name="test_vector_field_builders_shape_and_build[condition_event_shape3-1-1-16-random_fourier-tr-hidden_features=32-num_layers=2-num_heads=4-mlp_ratio=4-is_x_emb_seq=False]" file="tests/vector_field_nets_test.py" line="86" time="0.013" /><testcase classname="tests.vector_field_nets_test" name="test_vector_field_builders_shape_and_build[condition_event_shape3-1-1-16-random_fourier-trX-hidden_features=16-num_layers=1-num_heads=4-mlp_ratio=4-is_x_emb_seq=True]" file="tests/vector_field_nets_test.py" line="86" time="0.007" /><testcase classname="tests.vector_field_nets_test" name="test_vector_field_builders_shape_and_build[condition_event_shape3-1-1-16-random_fourier-trX-hidden_features=16-num_layers=2-num_heads=4-mlp_ratio=4-is_x_emb_seq=True]" file="tests/vector_field_nets_test.py" line="86" time="0.007" /><testcase classname="tests.vector_field_nets_test" name="test_vector_field_builders_shape_and_build[condition_event_shape3-1-1-16-random_fourier-trX-hidden_features=32-num_layers=1-num_heads=4-mlp_ratio=4-is_x_emb_seq=True]" file="tests/vector_field_nets_test.py" line="86" time="0.006" /><testcase classname="tests.vector_field_nets_test" name="test_vector_field_builders_shape_and_build[condition_event_shape3-1-1-16-random_fourier-trX-hidden_features=32-num_layers=2-num_heads=4-mlp_ratio=4-is_x_emb_seq=True]" file="tests/vector_field_nets_test.py" line="86" time="0.007" /><testcase classname="tests.vector_field_nets_test" name="test_vector_field_builders_shape_and_build[condition_event_shape3-1-3-8-sinusoidal-mlp-hidden_features=16-num_layers=2-layer_norm=True]" file="tests/vector_field_nets_test.py" line="86" time="0.006" /><testcase classname="tests.vector_field_nets_test" name="test_vector_field_builders_shape_and_build[condition_event_shape3-1-3-8-sinusoidal-mlp-hidden_features=[16, 32]-num_layers=2-layer_norm=True]" file="tests/vector_field_nets_test.py" line="86" time="0.005" /><testcase classname="tests.vector_field_nets_test" name="test_vector_field_builders_shape_and_build[condition_event_shape3-1-3-8-sinusoidal-adamlp-hidden_features=8-num_layers=2-mlp_ratio=4]" file="tests/vector_field_nets_test.py" line="86" time="0.013" /><testcase classname="tests.vector_field_nets_test" name="test_vector_field_builders_shape_and_build[condition_event_shape3-1-1-16-sinusoidal-mlp-hidden_features=16-num_layers=2-layer_norm=True]" file="tests/vector_field_nets_test.py" line="86" time="0.023" /><testcase classname="tests.vector_field_nets_test" name="test_vector_field_builders_shape_and_build[condition_event_shape3-1-3-8-sinusoidal-adamlp-hidden_features=16-num_layers=2-mlp_ratio=4]" file="tests/vector_field_nets_test.py" line="86" time="0.010" /><testcase classname="tests.vector_field_nets_test" name="test_vector_field_builders_shape_and_build[condition_event_shape3-1-1-16-sinusoidal-mlp-hidden_features=[16, 32]-num_layers=2-layer_norm=True]" file="tests/vector_field_nets_test.py" line="86" time="0.011" /><testcase classname="tests.vector_field_nets_test" name="test_vector_field_builders_shape_and_build[condition_event_shape3-1-3-8-sinusoidal-tr-hidden_features=16-num_layers=1-num_heads=4-mlp_ratio=4-is_x_emb_seq=False]" file="tests/vector_field_nets_test.py" line="86" time="0.009" /><testcase classname="tests.vector_field_nets_test" name="test_vector_field_builders_shape_and_build[condition_event_shape3-1-3-8-sinusoidal-tr-hidden_features=16-num_layers=2-num_heads=4-mlp_ratio=4-is_x_emb_seq=False]" file="tests/vector_field_nets_test.py" line="86" time="0.010" /><testcase classname="tests.vector_field_nets_test" name="test_vector_field_builders_shape_and_build[condition_event_shape3-1-1-16-sinusoidal-adamlp-hidden_features=8-num_layers=2-mlp_ratio=4]" file="tests/vector_field_nets_test.py" line="86" time="0.012" /><testcase classname="tests.vector_field_nets_test" name="test_vector_field_builders_shape_and_build[condition_event_shape3-1-3-8-sinusoidal-tr-hidden_features=32-num_layers=1-num_heads=4-mlp_ratio=4-is_x_emb_seq=False]" file="tests/vector_field_nets_test.py" line="86" time="0.005" /><testcase classname="tests.vector_field_nets_test" name="test_vector_field_builders_shape_and_build[condition_event_shape3-1-1-16-sinusoidal-adamlp-hidden_features=16-num_layers=2-mlp_ratio=4]" file="tests/vector_field_nets_test.py" line="86" time="0.011" /><testcase classname="tests.vector_field_nets_test" name="test_vector_field_builders_shape_and_build[condition_event_shape3-1-3-8-sinusoidal-tr-hidden_features=32-num_layers=2-num_heads=4-mlp_ratio=4-is_x_emb_seq=False]" file="tests/vector_field_nets_test.py" line="86" time="0.008" /><testcase classname="tests.vector_field_nets_test" name="test_vector_field_builders_shape_and_build[condition_event_shape3-1-3-8-sinusoidal-trX-hidden_features=16-num_layers=1-num_heads=4-mlp_ratio=4-is_x_emb_seq=True]" file="tests/vector_field_nets_test.py" line="86" time="0.006" /><testcase classname="tests.vector_field_nets_test" name="test_vector_field_builders_shape_and_build[condition_event_shape3-1-1-16-sinusoidal-tr-hidden_features=16-num_layers=1-num_heads=4-mlp_ratio=4-is_x_emb_seq=False]" file="tests/vector_field_nets_test.py" line="86" time="0.011" /><testcase classname="tests.vector_field_nets_test" name="test_vector_field_builders_shape_and_build[condition_event_shape3-1-3-8-sinusoidal-trX-hidden_features=16-num_layers=2-num_heads=4-mlp_ratio=4-is_x_emb_seq=True]" file="tests/vector_field_nets_test.py" line="86" time="0.009" /><testcase classname="tests.vector_field_nets_test" name="test_vector_field_builders_shape_and_build[condition_event_shape3-1-1-16-sinusoidal-tr-hidden_features=16-num_layers=2-num_heads=4-mlp_ratio=4-is_x_emb_seq=False]" file="tests/vector_field_nets_test.py" line="86" time="0.013" /><testcase classname="tests.vector_field_nets_test" name="test_vector_field_builders_shape_and_build[condition_event_shape3-1-3-8-sinusoidal-trX-hidden_features=32-num_layers=1-num_heads=4-mlp_ratio=4-is_x_emb_seq=True]" file="tests/vector_field_nets_test.py" line="86" time="0.005" /><testcase classname="tests.vector_field_nets_test" name="test_vector_field_builders_shape_and_build[condition_event_shape3-1-3-8-random_fourier-tr-hidden_features=16-num_layers=2-num_heads=4-mlp_ratio=4-is_x_emb_seq=False]" file="tests/vector_field_nets_test.py" line="86" time="0.008" /><testcase classname="tests.vector_field_nets_test" name="test_vector_field_builders_shape_and_build[condition_event_shape3-1-1-16-sinusoidal-tr-hidden_features=32-num_layers=1-num_heads=4-mlp_ratio=4-is_x_emb_seq=False]" file="tests/vector_field_nets_test.py" line="86" time="0.013" /><testcase classname="tests.vector_field_nets_test" name="test_vector_field_builders_shape_and_build[condition_event_shape3-1-3-8-random_fourier-tr-hidden_features=32-num_layers=1-num_heads=4-mlp_ratio=4-is_x_emb_seq=False]" file="tests/vector_field_nets_test.py" line="86" time="0.010" /><testcase classname="tests.vector_field_nets_test" name="test_vector_field_builders_shape_and_build[condition_event_shape3-1-3-8-random_fourier-tr-hidden_features=32-num_layers=2-num_heads=4-mlp_ratio=4-is_x_emb_seq=False]" file="tests/vector_field_nets_test.py" line="86" time="0.008" /><testcase classname="tests.vector_field_nets_test" name="test_vector_field_builders_shape_and_build[condition_event_shape3-1-3-8-sinusoidal-trX-hidden_features=32-num_layers=2-num_heads=4-mlp_ratio=4-is_x_emb_seq=True]" file="tests/vector_field_nets_test.py" line="86" time="0.016" /><testcase classname="tests.vector_field_nets_test" name="test_vector_field_builders_shape_and_build[condition_event_shape3-1-3-8-random_fourier-trX-hidden_features=16-num_layers=1-num_heads=4-mlp_ratio=4-is_x_emb_seq=True]" file="tests/vector_field_nets_test.py" line="86" time="0.005" /><testcase classname="tests.vector_field_nets_test" name="test_vector_field_builders_shape_and_build[condition_event_shape3-1-3-8-random_fourier-trX-hidden_features=16-num_layers=2-num_heads=4-mlp_ratio=4-is_x_emb_seq=True]" file="tests/vector_field_nets_test.py" line="86" time="0.006" /><testcase classname="tests.vector_field_nets_test" name="test_vector_field_builders_shape_and_build[condition_event_shape3-1-3-8-random_fourier-mlp-hidden_features=16-num_layers=2-layer_norm=True]" file="tests/vector_field_nets_test.py" line="86" time="0.013" /><testcase classname="tests.vector_field_nets_test" name="test_vector_field_builders_shape_and_build[condition_event_shape3-1-3-8-random_fourier-trX-hidden_features=32-num_layers=1-num_heads=4-mlp_ratio=4-is_x_emb_seq=True]" file="tests/vector_field_nets_test.py" line="86" time="0.005" /><testcase classname="tests.vector_field_nets_test" name="test_vector_field_builders_shape_and_build[condition_event_shape3-1-3-8-random_fourier-trX-hidden_features=32-num_layers=2-num_heads=4-mlp_ratio=4-is_x_emb_seq=True]" file="tests/vector_field_nets_test.py" line="86" time="0.008" /><testcase classname="tests.vector_field_nets_test" name="test_vector_field_builders_shape_and_build[condition_event_shape3-1-3-16-sinusoidal-mlp-hidden_features=16-num_layers=2-layer_norm=True]" file="tests/vector_field_nets_test.py" line="86" time="0.007" /><testcase classname="tests.vector_field_nets_test" name="test_vector_field_builders_shape_and_build[condition_event_shape3-1-3-8-random_fourier-mlp-hidden_features=[16, 32]-num_layers=2-layer_norm=True]" file="tests/vector_field_nets_test.py" line="86" time="0.013" /><testcase classname="tests.vector_field_nets_test" name="test_vector_field_builders_shape_and_build[condition_event_shape3-1-3-16-sinusoidal-mlp-hidden_features=[16, 32]-num_layers=2-layer_norm=True]" file="tests/vector_field_nets_test.py" line="86" time="0.008" /><testcase classname="tests.vector_field_nets_test" name="test_vector_field_builders_shape_and_build[condition_event_shape3-1-3-8-random_fourier-adamlp-hidden_features=8-num_layers=2-mlp_ratio=4]" file="tests/vector_field_nets_test.py" line="86" time="0.013" /><testcase classname="tests.vector_field_nets_test" name="test_vector_field_builders_shape_and_build[condition_event_shape3-1-3-16-sinusoidal-adamlp-hidden_features=8-num_layers=2-mlp_ratio=4]" file="tests/vector_field_nets_test.py" line="86" time="0.007" /><testcase classname="tests.vector_field_nets_test" name="test_vector_field_builders_shape_and_build[condition_event_shape3-1-3-16-sinusoidal-adamlp-hidden_features=16-num_layers=2-mlp_ratio=4]" file="tests/vector_field_nets_test.py" line="86" time="0.006" /><testcase classname="tests.vector_field_nets_test" name="test_vector_field_builders_shape_and_build[condition_event_shape3-1-3-8-random_fourier-adamlp-hidden_features=16-num_layers=2-mlp_ratio=4]" file="tests/vector_field_nets_test.py" line="86" time="0.012" /><testcase classname="tests.vector_field_nets_test" name="test_vector_field_builders_shape_and_build[condition_event_shape3-1-3-16-sinusoidal-tr-hidden_features=16-num_layers=1-num_heads=4-mlp_ratio=4-is_x_emb_seq=False]" file="tests/vector_field_nets_test.py" line="86" time="0.009" /><testcase classname="tests.vector_field_nets_test" name="test_vector_field_builders_shape_and_build[condition_event_shape3-1-3-8-random_fourier-tr-hidden_features=16-num_layers=1-num_heads=4-mlp_ratio=4-is_x_emb_seq=False]" file="tests/vector_field_nets_test.py" line="86" time="0.014" /><testcase classname="tests.vector_field_nets_test" name="test_vector_field_builders_shape_and_build[condition_event_shape3-1-3-16-sinusoidal-trX-hidden_features=32-num_layers=2-num_heads=4-mlp_ratio=4-is_x_emb_seq=True]" file="tests/vector_field_nets_test.py" line="86" time="0.007" /><testcase classname="tests.vector_field_nets_test" name="test_vector_field_builders_shape_and_build[condition_event_shape3-1-3-16-random_fourier-mlp-hidden_features=16-num_layers=2-layer_norm=True]" file="tests/vector_field_nets_test.py" line="86" time="0.009" /><testcase classname="tests.vector_field_nets_test" name="test_vector_field_builders_shape_and_build[condition_event_shape3-1-3-16-sinusoidal-tr-hidden_features=16-num_layers=2-num_heads=4-mlp_ratio=4-is_x_emb_seq=False]" file="tests/vector_field_nets_test.py" line="86" time="0.018" /><testcase classname="tests.vector_field_nets_test" name="test_vector_field_builders_shape_and_build[condition_event_shape3-1-3-16-random_fourier-mlp-hidden_features=[16, 32]-num_layers=2-layer_norm=True]" file="tests/vector_field_nets_test.py" line="86" time="0.006" /><testcase classname="tests.vector_field_nets_test" name="test_vector_field_builders_shape_and_build[condition_event_shape3-1-3-16-random_fourier-adamlp-hidden_features=8-num_layers=2-mlp_ratio=4]" file="tests/vector_field_nets_test.py" line="86" time="0.005" /><testcase classname="tests.vector_field_nets_test" name="test_vector_field_builders_shape_and_build[condition_event_shape3-1-3-16-random_fourier-adamlp-hidden_features=16-num_layers=2-mlp_ratio=4]" file="tests/vector_field_nets_test.py" line="86" time="0.013" /><testcase classname="tests.vector_field_nets_test" name="test_vector_field_builders_shape_and_build[condition_event_shape3-1-3-16-sinusoidal-tr-hidden_features=32-num_layers=1-num_heads=4-mlp_ratio=4-is_x_emb_seq=False]" file="tests/vector_field_nets_test.py" line="86" time="0.023" /><testcase classname="tests.vector_field_nets_test" name="test_vector_field_builders_shape_and_build[condition_event_shape3-1-3-16-random_fourier-tr-hidden_features=16-num_layers=1-num_heads=4-mlp_ratio=4-is_x_emb_seq=False]" file="tests/vector_field_nets_test.py" line="86" time="0.008" /><testcase classname="tests.vector_field_nets_test" name="test_vector_field_builders_shape_and_build[condition_event_shape3-1-3-16-sinusoidal-tr-hidden_features=32-num_layers=2-num_heads=4-mlp_ratio=4-is_x_emb_seq=False]" file="tests/vector_field_nets_test.py" line="86" time="0.018" /><testcase classname="tests.vector_field_nets_test" name="test_vector_field_builders_shape_and_build[condition_event_shape3-1-3-16-random_fourier-tr-hidden_features=16-num_layers=2-num_heads=4-mlp_ratio=4-is_x_emb_seq=False]" file="tests/vector_field_nets_test.py" line="86" time="0.008" /><testcase classname="tests.vector_field_nets_test" name="test_vector_field_builders_shape_and_build[condition_event_shape3-1-3-16-random_fourier-tr-hidden_features=32-num_layers=1-num_heads=4-mlp_ratio=4-is_x_emb_seq=False]" file="tests/vector_field_nets_test.py" line="86" time="0.008" /><testcase classname="tests.vector_field_nets_test" name="test_vector_field_builders_shape_and_build[condition_event_shape3-1-3-16-sinusoidal-trX-hidden_features=16-num_layers=1-num_heads=4-mlp_ratio=4-is_x_emb_seq=True]" file="tests/vector_field_nets_test.py" line="86" time="0.016" /><testcase classname="tests.vector_field_nets_test" name="test_vector_field_builders_shape_and_build[condition_event_shape3-1-3-16-random_fourier-tr-hidden_features=32-num_layers=2-num_heads=4-mlp_ratio=4-is_x_emb_seq=False]" file="tests/vector_field_nets_test.py" line="86" time="0.009" /><testcase classname="tests.lc2st_test" name="test_lc2st_missing_required_input[prior_samples]" file="tests/lc2st_test.py" line="425" time="0.011" /><testcase classname="tests.vector_field_nets_test" name="test_vector_field_builders_shape_and_build[condition_event_shape3-1-3-16-random_fourier-trX-hidden_features=16-num_layers=1-num_heads=4-mlp_ratio=4-is_x_emb_seq=True]" file="tests/vector_field_nets_test.py" line="86" time="0.007" /><testcase classname="tests.lc2st_test" name="test_lc2st_dimension_mismatch" file="tests/lc2st_test.py" line="442" time="0.007" /><testcase classname="tests.vector_field_nets_test" name="test_vector_field_builders_shape_and_build[condition_event_shape3-1-3-16-sinusoidal-trX-hidden_features=16-num_layers=2-num_heads=4-mlp_ratio=4-is_x_emb_seq=True]" file="tests/vector_field_nets_test.py" line="86" time="0.019" /><testcase classname="tests.vector_field_nets_test" name="test_vector_field_builders_shape_and_build[condition_event_shape3-1-3-16-random_fourier-trX-hidden_features=16-num_layers=2-num_heads=4-mlp_ratio=4-is_x_emb_seq=True]" file="tests/vector_field_nets_test.py" line="86" time="0.007" /><testcase classname="tests.lc2st_test" name="test_lc2st_invalid_num_folds[0-100-num_folds must be &gt;= 1]" file="tests/lc2st_test.py" line="462" time="0.007" /><testcase classname="tests.vector_field_nets_test" name="test_vector_field_builders_shape_and_build[condition_event_shape3-1-3-16-random_fourier-trX-hidden_features=32-num_layers=1-num_heads=4-mlp_ratio=4-is_x_emb_seq=True]" file="tests/vector_field_nets_test.py" line="86" time="0.007" /><testcase classname="tests.vector_field_nets_test" name="test_vector_field_builders_shape_and_build[condition_event_shape3-2-1-8-sinusoidal-tr-hidden_features=16-num_layers=2-num_heads=4-mlp_ratio=4-is_x_emb_seq=False]" file="tests/vector_field_nets_test.py" line="86" time="0.011" /><testcase classname="tests.vector_field_nets_test" name="test_vector_field_builders_shape_and_build[condition_event_shape3-1-3-16-sinusoidal-trX-hidden_features=32-num_layers=1-num_heads=4-mlp_ratio=4-is_x_emb_seq=True]" file="tests/vector_field_nets_test.py" line="86" time="0.013" /><testcase classname="tests.vector_field_nets_test" name="test_vector_field_builders_shape_and_build[condition_event_shape3-2-1-8-sinusoidal-tr-hidden_features=32-num_layers=1-num_heads=4-mlp_ratio=4-is_x_emb_seq=False]" file="tests/vector_field_nets_test.py" line="86" time="0.008" /><testcase classname="tests.vector_field_nets_test" name="test_vector_field_builders_shape_and_build[condition_event_shape3-1-3-16-random_fourier-trX-hidden_features=32-num_layers=2-num_heads=4-mlp_ratio=4-is_x_emb_seq=True]" file="tests/vector_field_nets_test.py" line="86" time="0.024" /><testcase classname="tests.vector_field_nets_test" name="test_vector_field_builders_shape_and_build[condition_event_shape3-2-1-8-sinusoidal-tr-hidden_features=32-num_layers=2-num_heads=4-mlp_ratio=4-is_x_emb_seq=False]" file="tests/vector_field_nets_test.py" line="86" time="0.008" /><testcase classname="tests.lc2st_test" name="test_lc2st_method_before_training[p_value-not ready]" file="tests/lc2st_test.py" line="496" time="0.042" /><testcase classname="tests.vector_field_nets_test" name="test_vector_field_builders_shape_and_build[condition_event_shape3-2-1-8-sinusoidal-trX-hidden_features=16-num_layers=1-num_heads=4-mlp_ratio=4-is_x_emb_seq=True]" file="tests/vector_field_nets_test.py" line="86" time="0.009" /><testcase classname="tests.linearGaussian_simulator_test" name="test_linearGaussian_simulator[5-100000]" file="tests/linearGaussian_simulator_test.py" line="41" time="0.030" /><testcase classname="tests.vector_field_nets_test" name="test_vector_field_builders_shape_and_build[condition_event_shape3-2-1-8-sinusoidal-mlp-hidden_features=16-num_layers=2-layer_norm=True]" file="tests/vector_field_nets_test.py" line="86" time="0.013" /><testcase classname="tests.vector_field_nets_test" name="test_vector_field_builders_shape_and_build[condition_event_shape3-2-1-8-sinusoidal-trX-hidden_features=16-num_layers=2-num_heads=4-mlp_ratio=4-is_x_emb_seq=True]" file="tests/vector_field_nets_test.py" line="86" time="0.011" /><testcase classname="tests.vector_field_nets_test" name="test_vector_field_builders_shape_and_build[condition_event_shape3-2-1-8-sinusoidal-trX-hidden_features=32-num_layers=1-num_heads=4-mlp_ratio=4-is_x_emb_seq=True]" file="tests/vector_field_nets_test.py" line="86" time="0.009" /><testcase classname="tests.vector_field_nets_test" name="test_vector_field_builders_shape_and_build[condition_event_shape3-2-1-8-sinusoidal-trX-hidden_features=32-num_layers=2-num_heads=4-mlp_ratio=4-is_x_emb_seq=True]" file="tests/vector_field_nets_test.py" line="86" time="0.012" /><testcase classname="tests.vector_field_nets_test" name="test_vector_field_builders_shape_and_build[condition_event_shape3-2-1-8-sinusoidal-mlp-hidden_features=[16, 32]-num_layers=2-layer_norm=True]" file="tests/vector_field_nets_test.py" line="86" time="0.026" /><testcase classname="tests.vector_field_nets_test" name="test_vector_field_builders_shape_and_build[condition_event_shape3-2-1-8-random_fourier-mlp-hidden_features=16-num_layers=2-layer_norm=True]" file="tests/vector_field_nets_test.py" line="86" time="0.007" /><testcase classname="tests.linearGaussian_snle_test" name="test_api_nle_multiple_trials_and_rounds_map[gaussian-1]" file="tests/linearGaussian_snle_test.py" line="36" time="3.761" /><testcase classname="tests.vector_field_nets_test" name="test_vector_field_builders_shape_and_build[condition_event_shape3-2-1-8-random_fourier-mlp-hidden_features=[16, 32]-num_layers=2-layer_norm=True]" file="tests/vector_field_nets_test.py" line="86" time="0.009" /><testcase classname="tests.vector_field_nets_test" name="test_vector_field_builders_shape_and_build[condition_event_shape3-2-1-8-sinusoidal-adamlp-hidden_features=8-num_layers=2-mlp_ratio=4]" file="tests/vector_field_nets_test.py" line="86" time="0.023" /><testcase classname="tests.vector_field_nets_test" name="test_vector_field_builders_shape_and_build[condition_event_shape3-2-1-8-random_fourier-adamlp-hidden_features=8-num_layers=2-mlp_ratio=4]" file="tests/vector_field_nets_test.py" line="86" time="0.009" /><testcase classname="tests.vector_field_nets_test" name="test_vector_field_builders_shape_and_build[condition_event_shape3-2-1-8-random_fourier-adamlp-hidden_features=16-num_layers=2-mlp_ratio=4]" file="tests/vector_field_nets_test.py" line="86" time="0.017" /><testcase classname="tests.vector_field_nets_test" name="test_vector_field_builders_shape_and_build[condition_event_shape3-2-1-8-sinusoidal-adamlp-hidden_features=16-num_layers=2-mlp_ratio=4]" file="tests/vector_field_nets_test.py" line="86" time="0.025" /><testcase classname="tests.vector_field_nets_test" name="test_vector_field_builders_shape_and_build[condition_event_shape3-2-1-8-random_fourier-tr-hidden_features=16-num_layers=1-num_heads=4-mlp_ratio=4-is_x_emb_seq=False]" file="tests/vector_field_nets_test.py" line="86" time="0.010" /><testcase classname="tests.vector_field_nets_test" name="test_vector_field_builders_shape_and_build[condition_event_shape3-2-1-8-random_fourier-tr-hidden_features=16-num_layers=2-num_heads=4-mlp_ratio=4-is_x_emb_seq=False]" file="tests/vector_field_nets_test.py" line="86" time="0.011" /><testcase classname="tests.vector_field_nets_test" name="test_vector_field_builders_shape_and_build[condition_event_shape3-2-1-8-sinusoidal-tr-hidden_features=16-num_layers=1-num_heads=4-mlp_ratio=4-is_x_emb_seq=False]" file="tests/vector_field_nets_test.py" line="86" time="0.030" /><testcase classname="tests.vector_field_nets_test" name="test_vector_field_builders_shape_and_build[condition_event_shape3-2-1-8-random_fourier-tr-hidden_features=32-num_layers=1-num_heads=4-mlp_ratio=4-is_x_emb_seq=False]" file="tests/vector_field_nets_test.py" line="86" time="0.012" /><testcase classname="tests.vector_field_nets_test" name="test_vector_field_builders_shape_and_build[condition_event_shape3-2-1-8-random_fourier-tr-hidden_features=32-num_layers=2-num_heads=4-mlp_ratio=4-is_x_emb_seq=False]" file="tests/vector_field_nets_test.py" line="86" time="0.017" /><testcase classname="tests.vector_field_nets_test" name="test_vector_field_builders_shape_and_build[condition_event_shape3-2-1-16-sinusoidal-mlp-hidden_features=[16, 32]-num_layers=2-layer_norm=True]" file="tests/vector_field_nets_test.py" line="86" time="0.008" /><testcase classname="tests.vector_field_nets_test" name="test_vector_field_builders_shape_and_build[condition_event_shape3-2-1-8-random_fourier-trX-hidden_features=16-num_layers=1-num_heads=4-mlp_ratio=4-is_x_emb_seq=True]" file="tests/vector_field_nets_test.py" line="86" time="0.020" /><testcase classname="tests.vector_field_nets_test" name="test_vector_field_builders_shape_and_build[condition_event_shape3-2-1-16-sinusoidal-adamlp-hidden_features=8-num_layers=2-mlp_ratio=4]" file="tests/vector_field_nets_test.py" line="86" time="0.010" /><testcase classname="tests.vector_field_nets_test" name="test_vector_field_builders_shape_and_build[condition_event_shape3-2-1-8-random_fourier-trX-hidden_features=16-num_layers=2-num_heads=4-mlp_ratio=4-is_x_emb_seq=True]" file="tests/vector_field_nets_test.py" line="86" time="0.026" /><testcase classname="tests.vector_field_nets_test" name="test_vector_field_builders_shape_and_build[condition_event_shape3-2-1-16-sinusoidal-adamlp-hidden_features=16-num_layers=2-mlp_ratio=4]" file="tests/vector_field_nets_test.py" line="86" time="0.010" /><testcase classname="tests.vector_field_nets_test" name="test_vector_field_builders_shape_and_build[condition_event_shape3-2-1-16-sinusoidal-tr-hidden_features=16-num_layers=1-num_heads=4-mlp_ratio=4-is_x_emb_seq=False]" file="tests/vector_field_nets_test.py" line="86" time="0.010" /><testcase classname="tests.vector_field_nets_test" name="test_vector_field_builders_shape_and_build[condition_event_shape3-2-1-16-sinusoidal-tr-hidden_features=16-num_layers=2-num_heads=4-mlp_ratio=4-is_x_emb_seq=False]" file="tests/vector_field_nets_test.py" line="86" time="0.014" /><testcase classname="tests.vector_field_nets_test" name="test_vector_field_builders_shape_and_build[condition_event_shape3-2-1-8-random_fourier-trX-hidden_features=32-num_layers=1-num_heads=4-mlp_ratio=4-is_x_emb_seq=True]" file="tests/vector_field_nets_test.py" line="86" time="0.016" /><testcase classname="tests.vector_field_nets_test" name="test_vector_field_builders_shape_and_build[condition_event_shape3-2-1-16-sinusoidal-tr-hidden_features=32-num_layers=1-num_heads=4-mlp_ratio=4-is_x_emb_seq=False]" file="tests/vector_field_nets_test.py" line="86" time="0.022" /><testcase classname="tests.vector_field_nets_test" name="test_vector_field_builders_shape_and_build[condition_event_shape3-2-1-8-random_fourier-trX-hidden_features=32-num_layers=2-num_heads=4-mlp_ratio=4-is_x_emb_seq=True]" file="tests/vector_field_nets_test.py" line="86" time="0.038" /><testcase classname="tests.vector_field_nets_test" name="test_vector_field_builders_shape_and_build[condition_event_shape3-2-1-16-sinusoidal-tr-hidden_features=32-num_layers=2-num_heads=4-mlp_ratio=4-is_x_emb_seq=False]" file="tests/vector_field_nets_test.py" line="86" time="0.010" /><testcase classname="tests.vector_field_nets_test" name="test_vector_field_builders_shape_and_build[condition_event_shape3-2-1-16-sinusoidal-trX-hidden_features=16-num_layers=1-num_heads=4-mlp_ratio=4-is_x_emb_seq=True]" file="tests/vector_field_nets_test.py" line="86" time="0.010" /><testcase classname="tests.vector_field_nets_test" name="test_vector_field_builders_shape_and_build[condition_event_shape3-2-1-16-sinusoidal-trX-hidden_features=16-num_layers=2-num_heads=4-mlp_ratio=4-is_x_emb_seq=True]" file="tests/vector_field_nets_test.py" line="86" time="0.008" /><testcase classname="tests.vector_field_nets_test" name="test_vector_field_builders_shape_and_build[condition_event_shape3-2-1-16-sinusoidal-mlp-hidden_features=16-num_layers=2-layer_norm=True]" file="tests/vector_field_nets_test.py" line="86" time="0.013" /><testcase classname="tests.vector_field_nets_test" name="test_vector_field_builders_shape_and_build[condition_event_shape3-2-1-16-sinusoidal-trX-hidden_features=32-num_layers=1-num_heads=4-mlp_ratio=4-is_x_emb_seq=True]" file="tests/vector_field_nets_test.py" line="86" time="0.007" /><testcase classname="tests.vector_field_nets_test" name="test_vector_field_builders_shape_and_build[condition_event_shape3-2-1-16-sinusoidal-trX-hidden_features=32-num_layers=2-num_heads=4-mlp_ratio=4-is_x_emb_seq=True]" file="tests/vector_field_nets_test.py" line="86" time="0.018" /><testcase classname="tests.vector_field_nets_test" name="test_vector_field_builders_shape_and_build[condition_event_shape3-2-1-16-random_fourier-tr-hidden_features=16-num_layers=1-num_heads=4-mlp_ratio=4-is_x_emb_seq=False]" file="tests/vector_field_nets_test.py" line="86" time="0.008" /><testcase classname="tests.vector_field_nets_test" name="test_vector_field_builders_shape_and_build[condition_event_shape3-2-1-16-random_fourier-tr-hidden_features=16-num_layers=2-num_heads=4-mlp_ratio=4-is_x_emb_seq=False]" file="tests/vector_field_nets_test.py" line="86" time="0.010" /><testcase classname="tests.vector_field_nets_test" name="test_vector_field_builders_shape_and_build[condition_event_shape3-2-1-16-random_fourier-mlp-hidden_features=16-num_layers=2-layer_norm=True]" file="tests/vector_field_nets_test.py" line="86" time="0.012" /><testcase classname="tests.vector_field_nets_test" name="test_vector_field_builders_shape_and_build[condition_event_shape3-2-1-16-random_fourier-tr-hidden_features=32-num_layers=1-num_heads=4-mlp_ratio=4-is_x_emb_seq=False]" file="tests/vector_field_nets_test.py" line="86" time="0.015" /><testcase classname="tests.vector_field_nets_test" name="test_vector_field_builders_shape_and_build[condition_event_shape3-2-1-16-random_fourier-mlp-hidden_features=[16, 32]-num_layers=2-layer_norm=True]" file="tests/vector_field_nets_test.py" line="86" time="0.012" /><testcase classname="tests.vector_field_nets_test" name="test_vector_field_builders_shape_and_build[condition_event_shape3-2-1-16-random_fourier-tr-hidden_features=32-num_layers=2-num_heads=4-mlp_ratio=4-is_x_emb_seq=False]" file="tests/vector_field_nets_test.py" line="86" time="0.008" /><testcase classname="tests.vector_field_nets_test" name="test_vector_field_builders_shape_and_build[condition_event_shape3-2-1-16-random_fourier-trX-hidden_features=16-num_layers=1-num_heads=4-mlp_ratio=4-is_x_emb_seq=True]" file="tests/vector_field_nets_test.py" line="86" time="0.008" /><testcase classname="tests.vector_field_nets_test" name="test_vector_field_builders_shape_and_build[condition_event_shape3-2-1-16-random_fourier-adamlp-hidden_features=8-num_layers=2-mlp_ratio=4]" file="tests/vector_field_nets_test.py" line="86" time="0.010" /><testcase classname="tests.vector_field_nets_test" name="test_vector_field_builders_shape_and_build[condition_event_shape3-2-1-16-random_fourier-adamlp-hidden_features=16-num_layers=2-mlp_ratio=4]" file="tests/vector_field_nets_test.py" line="86" time="0.008" /><testcase classname="tests.vector_field_nets_test" name="test_vector_field_builders_shape_and_build[condition_event_shape3-2-1-16-random_fourier-trX-hidden_features=16-num_layers=2-num_heads=4-mlp_ratio=4-is_x_emb_seq=True]" file="tests/vector_field_nets_test.py" line="86" time="0.013" /><testcase classname="tests.vector_field_nets_test" name="test_vector_field_builders_shape_and_build[condition_event_shape3-2-3-8-sinusoidal-mlp-hidden_features=[16, 32]-num_layers=2-layer_norm=True]" file="tests/vector_field_nets_test.py" line="86" time="0.011" /><testcase classname="tests.vector_field_nets_test" name="test_vector_field_builders_shape_and_build[condition_event_shape3-2-1-16-random_fourier-trX-hidden_features=32-num_layers=1-num_heads=4-mlp_ratio=4-is_x_emb_seq=True]" file="tests/vector_field_nets_test.py" line="86" time="0.008" /><testcase classname="tests.vector_field_nets_test" name="test_vector_field_builders_shape_and_build[condition_event_shape3-2-1-16-random_fourier-trX-hidden_features=32-num_layers=2-num_heads=4-mlp_ratio=4-is_x_emb_seq=True]" file="tests/vector_field_nets_test.py" line="86" time="0.009" /><testcase classname="tests.vector_field_nets_test" name="test_vector_field_builders_shape_and_build[condition_event_shape3-2-3-8-sinusoidal-adamlp-hidden_features=8-num_layers=2-mlp_ratio=4]" file="tests/vector_field_nets_test.py" line="86" time="0.013" /><testcase classname="tests.vector_field_nets_test" name="test_vector_field_builders_shape_and_build[condition_event_shape3-2-3-8-sinusoidal-mlp-hidden_features=16-num_layers=2-layer_norm=True]" file="tests/vector_field_nets_test.py" line="86" time="0.008" /><testcase classname="tests.vector_field_nets_test" name="test_vector_field_builders_shape_and_build[condition_event_shape3-2-3-8-sinusoidal-tr-hidden_features=16-num_layers=2-num_heads=4-mlp_ratio=4-is_x_emb_seq=False]" file="tests/vector_field_nets_test.py" line="86" time="0.008" /><testcase classname="tests.vector_field_nets_test" name="test_vector_field_builders_shape_and_build[condition_event_shape3-2-3-8-sinusoidal-adamlp-hidden_features=16-num_layers=2-mlp_ratio=4]" file="tests/vector_field_nets_test.py" line="86" time="0.011" /><testcase classname="tests.vector_field_nets_test" name="test_vector_field_builders_shape_and_build[condition_event_shape3-2-3-8-sinusoidal-tr-hidden_features=32-num_layers=1-num_heads=4-mlp_ratio=4-is_x_emb_seq=False]" file="tests/vector_field_nets_test.py" line="86" time="0.006" /><testcase classname="tests.vector_field_nets_test" name="test_vector_field_builders_shape_and_build[condition_event_shape3-2-3-8-sinusoidal-tr-hidden_features=16-num_layers=1-num_heads=4-mlp_ratio=4-is_x_emb_seq=False]" file="tests/vector_field_nets_test.py" line="86" time="0.014" /><testcase classname="tests.vector_field_nets_test" name="test_vector_field_builders_shape_and_build[condition_event_shape3-2-3-8-sinusoidal-tr-hidden_features=32-num_layers=2-num_heads=4-mlp_ratio=4-is_x_emb_seq=False]" file="tests/vector_field_nets_test.py" line="86" time="0.008" /><testcase classname="tests.vector_field_nets_test" name="test_vector_field_builders_shape_and_build[condition_event_shape3-2-3-8-sinusoidal-trX-hidden_features=16-num_layers=1-num_heads=4-mlp_ratio=4-is_x_emb_seq=True]" file="tests/vector_field_nets_test.py" line="86" time="0.007" /><testcase classname="tests.vector_field_nets_test" name="test_vector_field_builders_shape_and_build[condition_event_shape3-2-3-8-sinusoidal-trX-hidden_features=16-num_layers=2-num_heads=4-mlp_ratio=4-is_x_emb_seq=True]" file="tests/vector_field_nets_test.py" line="86" time="0.014" /><testcase classname="tests.vector_field_nets_test" name="test_vector_field_builders_shape_and_build[condition_event_shape3-2-3-8-random_fourier-mlp-hidden_features=[16, 32]-num_layers=2-layer_norm=True]" file="tests/vector_field_nets_test.py" line="86" time="0.006" /><testcase classname="tests.vector_field_nets_test" name="test_vector_field_builders_shape_and_build[condition_event_shape3-2-3-8-random_fourier-adamlp-hidden_features=8-num_layers=2-mlp_ratio=4]" file="tests/vector_field_nets_test.py" line="86" time="0.008" /><testcase classname="tests.vector_field_nets_test" name="test_vector_field_builders_shape_and_build[condition_event_shape3-2-3-8-sinusoidal-trX-hidden_features=32-num_layers=1-num_heads=4-mlp_ratio=4-is_x_emb_seq=True]" file="tests/vector_field_nets_test.py" line="86" time="0.011" /><testcase classname="tests.vector_field_nets_test" name="test_vector_field_builders_shape_and_build[condition_event_shape3-2-3-8-random_fourier-adamlp-hidden_features=16-num_layers=2-mlp_ratio=4]" file="tests/vector_field_nets_test.py" line="86" time="0.006" /><testcase classname="tests.vector_field_nets_test" name="test_vector_field_builders_shape_and_build[condition_event_shape3-2-3-8-random_fourier-tr-hidden_features=16-num_layers=1-num_heads=4-mlp_ratio=4-is_x_emb_seq=False]" file="tests/vector_field_nets_test.py" line="86" time="0.007" /><testcase classname="tests.vector_field_nets_test" name="test_vector_field_builders_shape_and_build[condition_event_shape3-2-3-8-sinusoidal-trX-hidden_features=32-num_layers=2-num_heads=4-mlp_ratio=4-is_x_emb_seq=True]" file="tests/vector_field_nets_test.py" line="86" time="0.013" /><testcase classname="tests.vector_field_nets_test" name="test_vector_field_builders_shape_and_build[condition_event_shape3-2-3-8-random_fourier-tr-hidden_features=16-num_layers=2-num_heads=4-mlp_ratio=4-is_x_emb_seq=False]" file="tests/vector_field_nets_test.py" line="86" time="0.007" /><testcase classname="tests.vector_field_nets_test" name="test_vector_field_builders_shape_and_build[condition_event_shape3-2-3-8-random_fourier-tr-hidden_features=32-num_layers=1-num_heads=4-mlp_ratio=4-is_x_emb_seq=False]" file="tests/vector_field_nets_test.py" line="86" time="0.006" /><testcase classname="tests.vector_field_nets_test" name="test_vector_field_builders_shape_and_build[condition_event_shape3-2-3-8-random_fourier-mlp-hidden_features=16-num_layers=2-layer_norm=True]" file="tests/vector_field_nets_test.py" line="86" time="0.010" /><testcase classname="tests.vector_field_nets_test" name="test_vector_field_builders_shape_and_build[condition_event_shape3-2-3-8-random_fourier-tr-hidden_features=32-num_layers=2-num_heads=4-mlp_ratio=4-is_x_emb_seq=False]" file="tests/vector_field_nets_test.py" line="86" time="0.008" /><testcase classname="tests.vector_field_nets_test" name="test_vector_field_builders_shape_and_build[condition_event_shape3-2-3-8-random_fourier-trX-hidden_features=16-num_layers=1-num_heads=4-mlp_ratio=4-is_x_emb_seq=True]" file="tests/vector_field_nets_test.py" line="86" time="0.005" /><testcase classname="tests.vector_field_nets_test" name="test_vector_field_builders_shape_and_build[condition_event_shape3-2-3-8-random_fourier-trX-hidden_features=16-num_layers=2-num_heads=4-mlp_ratio=4-is_x_emb_seq=True]" file="tests/vector_field_nets_test.py" line="86" time="0.012" /><testcase classname="tests.vector_field_nets_test" name="test_vector_field_builders_shape_and_build[condition_event_shape3-2-3-16-sinusoidal-mlp-hidden_features=[16, 32]-num_layers=2-layer_norm=True]" file="tests/vector_field_nets_test.py" line="86" time="0.008" /><testcase classname="tests.vector_field_nets_test" name="test_vector_field_builders_shape_and_build[condition_event_shape3-2-3-8-random_fourier-trX-hidden_features=32-num_layers=1-num_heads=4-mlp_ratio=4-is_x_emb_seq=True]" file="tests/vector_field_nets_test.py" line="86" time="0.010" /><testcase classname="tests.vector_field_nets_test" name="test_vector_field_builders_shape_and_build[condition_event_shape3-2-3-16-sinusoidal-adamlp-hidden_features=8-num_layers=2-mlp_ratio=4]" file="tests/vector_field_nets_test.py" line="86" time="0.005" /><testcase classname="tests.vector_field_nets_test" name="test_vector_field_builders_shape_and_build[condition_event_shape3-2-3-16-sinusoidal-adamlp-hidden_features=16-num_layers=2-mlp_ratio=4]" file="tests/vector_field_nets_test.py" line="86" time="0.006" /><testcase classname="tests.vector_field_nets_test" name="test_vector_field_builders_shape_and_build[condition_event_shape3-2-3-8-random_fourier-trX-hidden_features=32-num_layers=2-num_heads=4-mlp_ratio=4-is_x_emb_seq=True]" file="tests/vector_field_nets_test.py" line="86" time="0.012" /><testcase classname="tests.vector_field_nets_test" name="test_vector_field_builders_shape_and_build[condition_event_shape3-2-3-16-sinusoidal-tr-hidden_features=16-num_layers=1-num_heads=4-mlp_ratio=4-is_x_emb_seq=False]" file="tests/vector_field_nets_test.py" line="86" time="0.007" /><testcase classname="tests.vector_field_nets_test" name="test_vector_field_builders_shape_and_build[condition_event_shape3-2-3-16-sinusoidal-tr-hidden_features=16-num_layers=2-num_heads=4-mlp_ratio=4-is_x_emb_seq=False]" file="tests/vector_field_nets_test.py" line="86" time="0.007" /><testcase classname="tests.vector_field_nets_test" name="test_vector_field_builders_shape_and_build[condition_event_shape3-2-3-16-sinusoidal-mlp-hidden_features=16-num_layers=2-layer_norm=True]" file="tests/vector_field_nets_test.py" line="86" time="0.014" /><testcase classname="tests.vector_field_nets_test" name="test_vector_field_builders_shape_and_build[condition_event_shape3-2-3-16-sinusoidal-tr-hidden_features=32-num_layers=1-num_heads=4-mlp_ratio=4-is_x_emb_seq=False]" file="tests/vector_field_nets_test.py" line="86" time="0.006" /><testcase classname="tests.vector_field_nets_test" name="test_vector_field_builders_shape_and_build[condition_event_shape3-2-3-16-sinusoidal-tr-hidden_features=32-num_layers=2-num_heads=4-mlp_ratio=4-is_x_emb_seq=False]" file="tests/vector_field_nets_test.py" line="86" time="0.006" /><testcase classname="tests.vector_field_nets_test" name="test_vector_field_builders_shape_and_build[condition_event_shape3-2-3-16-sinusoidal-trX-hidden_features=16-num_layers=2-num_heads=4-mlp_ratio=4-is_x_emb_seq=True]" file="tests/vector_field_nets_test.py" line="86" time="0.014" /><testcase classname="tests.vector_field_nets_test" name="test_vector_field_builders_shape_and_build[condition_event_shape3-2-3-16-sinusoidal-trX-hidden_features=16-num_layers=1-num_heads=4-mlp_ratio=4-is_x_emb_seq=True]" file="tests/vector_field_nets_test.py" line="86" time="0.006" /><testcase classname="tests.vector_field_nets_test" name="test_vector_field_builders_shape_and_build[condition_event_shape3-2-3-16-random_fourier-mlp-hidden_features=[16, 32]-num_layers=2-layer_norm=True]" file="tests/vector_field_nets_test.py" line="86" time="0.006" /><testcase classname="tests.vector_field_nets_test" name="test_vector_field_builders_shape_and_build[condition_event_shape3-2-3-16-random_fourier-adamlp-hidden_features=8-num_layers=2-mlp_ratio=4]" file="tests/vector_field_nets_test.py" line="86" time="0.007" /><testcase classname="tests.vector_field_nets_test" name="test_vector_field_builders_shape_and_build[condition_event_shape3-2-3-16-sinusoidal-trX-hidden_features=32-num_layers=1-num_heads=4-mlp_ratio=4-is_x_emb_seq=True]" file="tests/vector_field_nets_test.py" line="86" time="0.017" /><testcase classname="tests.vector_field_nets_test" name="test_vector_field_builders_shape_and_build[condition_event_shape3-2-3-16-random_fourier-adamlp-hidden_features=16-num_layers=2-mlp_ratio=4]" file="tests/vector_field_nets_test.py" line="86" time="0.008" /><testcase classname="tests.vector_field_nets_test" name="test_vector_field_builders_shape_and_build[condition_event_shape3-2-3-16-sinusoidal-trX-hidden_features=32-num_layers=2-num_heads=4-mlp_ratio=4-is_x_emb_seq=True]" file="tests/vector_field_nets_test.py" line="86" time="0.013" /><testcase classname="tests.vector_field_nets_test" name="test_vector_field_builders_shape_and_build[condition_event_shape3-2-3-16-random_fourier-tr-hidden_features=16-num_layers=1-num_heads=4-mlp_ratio=4-is_x_emb_seq=False]" file="tests/vector_field_nets_test.py" line="86" time="0.009" /><testcase classname="tests.vector_field_nets_test" name="test_vector_field_builders_shape_and_build[condition_event_shape3-2-3-16-random_fourier-tr-hidden_features=16-num_layers=2-num_heads=4-mlp_ratio=4-is_x_emb_seq=False]" file="tests/vector_field_nets_test.py" line="86" time="0.007" /><testcase classname="tests.vector_field_nets_test" name="test_vector_field_builders_shape_and_build[condition_event_shape3-2-3-16-random_fourier-mlp-hidden_features=16-num_layers=2-layer_norm=True]" file="tests/vector_field_nets_test.py" line="86" time="0.010" /><testcase classname="tests.vector_field_nets_test" name="test_vector_field_builders_shape_and_build[condition_event_shape3-2-3-16-random_fourier-tr-hidden_features=32-num_layers=1-num_heads=4-mlp_ratio=4-is_x_emb_seq=False]" file="tests/vector_field_nets_test.py" line="86" time="0.007" /><testcase classname="tests.vector_field_nets_test" name="test_vector_field_builders_shape_and_build[condition_event_shape3-2-3-16-random_fourier-trX-hidden_features=32-num_layers=1-num_heads=4-mlp_ratio=4-is_x_emb_seq=True]" file="tests/vector_field_nets_test.py" line="86" time="0.006" /><testcase classname="tests.vector_field_nets_test" name="test_vector_field_builders_shape_and_build[condition_event_shape3-2-3-16-random_fourier-tr-hidden_features=32-num_layers=2-num_heads=4-mlp_ratio=4-is_x_emb_seq=False]" file="tests/vector_field_nets_test.py" line="86" time="0.013" /><testcase classname="tests.vector_field_nets_test" name="test_vector_field_builders_shape_and_build[condition_event_shape3-2-3-16-random_fourier-trX-hidden_features=32-num_layers=2-num_heads=4-mlp_ratio=4-is_x_emb_seq=True]" file="tests/vector_field_nets_test.py" line="86" time="0.008" /><testcase classname="tests.vector_field_nets_test" name="test_vector_field_builders_shape_and_build[condition_event_shape3-2-3-16-random_fourier-trX-hidden_features=16-num_layers=1-num_heads=4-mlp_ratio=4-is_x_emb_seq=True]" file="tests/vector_field_nets_test.py" line="86" time="0.010" /><testcase classname="tests.vf_estimator_test" name="test_vector_field_estimator_loss_shapes[mlp-flow-None-1-condition_event_shape0-input_event_shape1-1]" file="tests/vf_estimator_test.py" line="17" time="0.007" /><testcase classname="tests.vf_estimator_test" name="test_vector_field_estimator_loss_shapes[mlp-flow-None-1-condition_event_shape1-input_event_shape0-2]" file="tests/vf_estimator_test.py" line="17" time="0.005" /><testcase classname="tests.vf_estimator_test" name="test_vector_field_estimator_loss_shapes[mlp-flow-None-1-condition_event_shape1-input_event_shape1-3]" file="tests/vf_estimator_test.py" line="17" time="0.004" /><testcase classname="tests.vector_field_nets_test" name="test_vector_field_builders_shape_and_build[condition_event_shape3-2-3-16-random_fourier-trX-hidden_features=16-num_layers=2-num_heads=4-mlp_ratio=4-is_x_emb_seq=True]" file="tests/vector_field_nets_test.py" line="86" time="0.013" /><testcase classname="tests.vf_estimator_test" name="test_vector_field_estimator_loss_shapes[mlp-flow-None-1-condition_event_shape2-input_event_shape1-1]" file="tests/vf_estimator_test.py" line="17" time="0.007" /><testcase classname="tests.vf_estimator_test" name="test_vector_field_estimator_loss_shapes[mlp-flow-None-10-condition_event_shape2-input_event_shape0-2]" file="tests/vf_estimator_test.py" line="17" time="0.007" /><testcase classname="tests.vf_estimator_test" name="test_vector_field_estimator_loss_shapes[mlp-flow-None-10-condition_event_shape0-input_event_shape0-2]" file="tests/vf_estimator_test.py" line="17" time="0.012" /><testcase classname="tests.vf_estimator_test" name="test_vector_field_estimator_loss_shapes[mlp-flow-None-10-condition_event_shape2-input_event_shape1-3]" file="tests/vf_estimator_test.py" line="17" time="0.007" /><testcase classname="tests.vf_estimator_test" name="test_vector_field_estimator_loss_shapes[mlp-flow-None-10-condition_event_shape0-input_event_shape1-3]" file="tests/vf_estimator_test.py" line="17" time="0.010" /><testcase classname="tests.vf_estimator_test" name="test_vector_field_estimator_loss_shapes[mlp-score-vp-1-condition_event_shape0-input_event_shape1-1]" file="tests/vf_estimator_test.py" line="17" time="0.006" /><testcase classname="tests.vf_estimator_test" name="test_vector_field_estimator_loss_shapes[mlp-score-vp-1-condition_event_shape1-input_event_shape0-2]" file="tests/vf_estimator_test.py" line="17" time="0.005" /><testcase classname="tests.vf_estimator_test" name="test_vector_field_estimator_loss_shapes[mlp-flow-None-10-condition_event_shape1-input_event_shape1-1]" file="tests/vf_estimator_test.py" line="17" time="0.010" /><testcase classname="tests.vf_estimator_test" name="test_vector_field_estimator_loss_shapes[mlp-score-vp-1-condition_event_shape1-input_event_shape1-3]" file="tests/vf_estimator_test.py" line="17" time="0.005" /><testcase classname="tests.vf_estimator_test" name="test_vector_field_estimator_loss_shapes[mlp-score-vp-1-condition_event_shape2-input_event_shape1-1]" file="tests/vf_estimator_test.py" line="17" time="0.007" /><testcase classname="tests.vf_estimator_test" name="test_vector_field_estimator_loss_shapes[mlp-score-vp-10-condition_event_shape0-input_event_shape0-2]" file="tests/vf_estimator_test.py" line="17" time="0.014" /><testcase classname="tests.vf_estimator_test" name="test_vector_field_estimator_loss_shapes[mlp-score-vp-10-condition_event_shape1-input_event_shape1-1]" file="tests/vf_estimator_test.py" line="17" time="0.006" /><testcase classname="tests.vf_estimator_test" name="test_vector_field_estimator_loss_shapes[mlp-score-vp-10-condition_event_shape2-input_event_shape0-2]" file="tests/vf_estimator_test.py" line="17" time="0.011" /><testcase classname="tests.vf_estimator_test" name="test_vector_field_estimator_loss_shapes[mlp-score-vp-10-condition_event_shape0-input_event_shape1-3]" file="tests/vf_estimator_test.py" line="17" time="0.013" /><testcase classname="tests.vf_estimator_test" name="test_vector_field_estimator_loss_shapes[mlp-score-vp-10-condition_event_shape2-input_event_shape1-3]" file="tests/vf_estimator_test.py" line="17" time="0.011" /><testcase classname="tests.vf_estimator_test" name="test_vector_field_estimator_loss_shapes[mlp-score-subvp-1-condition_event_shape1-input_event_shape0-2]" file="tests/vf_estimator_test.py" line="17" time="0.012" /><testcase classname="tests.vf_estimator_test" name="test_vector_field_estimator_loss_shapes[mlp-score-subvp-1-condition_event_shape0-input_event_shape1-1]" file="tests/vf_estimator_test.py" line="17" time="0.005" /><testcase classname="tests.vf_estimator_test" name="test_vector_field_estimator_loss_shapes[mlp-score-subvp-1-condition_event_shape2-input_event_shape1-1]" file="tests/vf_estimator_test.py" line="17" time="0.007" /><testcase classname="tests.vf_estimator_test" name="test_vector_field_estimator_loss_shapes[mlp-score-subvp-1-condition_event_shape1-input_event_shape1-3]" file="tests/vf_estimator_test.py" line="17" time="0.011" /><testcase classname="tests.vf_estimator_test" name="test_vector_field_estimator_loss_shapes[mlp-score-subvp-10-condition_event_shape0-input_event_shape0-2]" file="tests/vf_estimator_test.py" line="17" time="0.006" /><testcase classname="tests.vf_estimator_test" name="test_vector_field_estimator_loss_shapes[mlp-score-subvp-10-condition_event_shape2-input_event_shape0-2]" file="tests/vf_estimator_test.py" line="17" time="0.010" /><testcase classname="tests.vf_estimator_test" name="test_vector_field_estimator_loss_shapes[mlp-score-subvp-10-condition_event_shape0-input_event_shape1-3]" file="tests/vf_estimator_test.py" line="17" time="0.015" /><testcase classname="tests.vf_estimator_test" name="test_vector_field_estimator_loss_shapes[mlp-score-subvp-10-condition_event_shape2-input_event_shape1-3]" file="tests/vf_estimator_test.py" line="17" time="0.011" /><testcase classname="tests.vf_estimator_test" name="test_vector_field_estimator_loss_shapes[mlp-score-subvp-10-condition_event_shape1-input_event_shape1-1]" file="tests/vf_estimator_test.py" line="17" time="0.015" /><testcase classname="tests.vf_estimator_test" name="test_vector_field_estimator_loss_shapes[mlp-score-ve-1-condition_event_shape0-input_event_shape1-1]" file="tests/vf_estimator_test.py" line="17" time="0.006" /><testcase classname="tests.vf_estimator_test" name="test_vector_field_estimator_loss_shapes[mlp-score-ve-1-condition_event_shape1-input_event_shape1-3]" file="tests/vf_estimator_test.py" line="17" time="0.005" /><testcase classname="tests.vf_estimator_test" name="test_vector_field_estimator_loss_shapes[mlp-score-ve-1-condition_event_shape1-input_event_shape0-2]" file="tests/vf_estimator_test.py" line="17" time="0.008" /><testcase classname="tests.vf_estimator_test" name="test_vector_field_estimator_loss_shapes[mlp-score-ve-1-condition_event_shape2-input_event_shape1-1]" file="tests/vf_estimator_test.py" line="17" time="0.011" /><testcase classname="tests.vf_estimator_test" name="test_vector_field_estimator_loss_shapes[mlp-score-ve-10-condition_event_shape0-input_event_shape0-2]" file="tests/vf_estimator_test.py" line="17" time="0.006" /><testcase classname="tests.vf_estimator_test" name="test_vector_field_estimator_loss_shapes[mlp-score-ve-10-condition_event_shape0-input_event_shape1-3]" file="tests/vf_estimator_test.py" line="17" time="0.013" /><testcase classname="tests.vf_estimator_test" name="test_vector_field_estimator_loss_shapes[mlp-score-ve-10-condition_event_shape2-input_event_shape0-2]" file="tests/vf_estimator_test.py" line="17" time="0.008" /><testcase classname="tests.vf_estimator_test" name="test_vector_field_estimator_loss_shapes[mlp-score-ve-10-condition_event_shape1-input_event_shape1-1]" file="tests/vf_estimator_test.py" line="17" time="0.013" /><testcase classname="tests.vf_estimator_test" name="test_vector_field_estimator_loss_shapes[mlp-score-ve-10-condition_event_shape2-input_event_shape1-3]" file="tests/vf_estimator_test.py" line="17" time="0.011" /><testcase classname="tests.score_samplers_test" name="test_gaussian_score_sampling[1.0-0.0-input_event_shape0-None-euler_maruyama-vp]" file="tests/score_samplers_test.py" line="171" time="0.121" /><testcase classname="tests.vf_estimator_test" name="test_vector_field_estimator_forward_shapes[mlp-flow-None-1-condition_event_shape1-input_event_shape0-2]" file="tests/vf_estimator_test.py" line="91" time="0.005" /><testcase classname="tests.vf_estimator_test" name="test_vector_field_estimator_forward_shapes[mlp-flow-None-1-condition_event_shape0-input_event_shape1-1]" file="tests/vf_estimator_test.py" line="91" time="0.012" /><testcase classname="tests.vf_estimator_test" name="test_vector_field_estimator_forward_shapes[mlp-flow-None-1-condition_event_shape2-input_event_shape1-1]" file="tests/vf_estimator_test.py" line="91" time="0.007" /><testcase classname="tests.vf_estimator_test" name="test_vector_field_estimator_forward_shapes[mlp-flow-None-10-condition_event_shape0-input_event_shape0-2]" file="tests/vf_estimator_test.py" line="91" time="0.007" /><testcase classname="tests.vf_estimator_test" name="test_vector_field_estimator_forward_shapes[mlp-flow-None-1-condition_event_shape1-input_event_shape1-3]" file="tests/vf_estimator_test.py" line="91" time="0.013" /><testcase classname="tests.vf_estimator_test" name="test_vector_field_estimator_forward_shapes[mlp-flow-None-10-condition_event_shape1-input_event_shape1-1]" file="tests/vf_estimator_test.py" line="91" time="0.006" /><testcase classname="tests.vf_estimator_test" name="test_vector_field_estimator_forward_shapes[mlp-flow-None-10-condition_event_shape2-input_event_shape0-2]" file="tests/vf_estimator_test.py" line="91" time="0.006" /><testcase classname="tests.vf_estimator_test" name="test_vector_field_estimator_forward_shapes[mlp-flow-None-10-condition_event_shape0-input_event_shape1-3]" file="tests/vf_estimator_test.py" line="91" time="0.026" /><testcase classname="tests.vf_estimator_test" name="test_vector_field_estimator_forward_shapes[mlp-score-vp-1-condition_event_shape0-input_event_shape1-1]" file="tests/vf_estimator_test.py" line="91" time="0.005" /><testcase classname="tests.vf_estimator_test" name="test_vector_field_estimator_forward_shapes[mlp-score-vp-1-condition_event_shape1-input_event_shape0-2]" file="tests/vf_estimator_test.py" line="91" time="0.005" /><testcase classname="tests.vf_estimator_test" name="test_vector_field_estimator_forward_shapes[mlp-score-vp-1-condition_event_shape1-input_event_shape1-3]" file="tests/vf_estimator_test.py" line="91" time="0.005" /><testcase classname="tests.vf_estimator_test" name="test_vector_field_estimator_forward_shapes[mlp-score-vp-1-condition_event_shape2-input_event_shape1-1]" file="tests/vf_estimator_test.py" line="91" time="0.008" /><testcase classname="tests.vf_estimator_test" name="test_vector_field_estimator_forward_shapes[mlp-flow-None-10-condition_event_shape2-input_event_shape1-3]" file="tests/vf_estimator_test.py" line="91" time="0.030" /><testcase classname="tests.vf_estimator_test" name="test_vector_field_estimator_forward_shapes[mlp-score-vp-10-condition_event_shape0-input_event_shape0-2]" file="tests/vf_estimator_test.py" line="91" time="0.009" /><testcase classname="tests.vf_estimator_test" name="test_vector_field_estimator_forward_shapes[mlp-score-vp-10-condition_event_shape1-input_event_shape1-1]" file="tests/vf_estimator_test.py" line="91" time="0.006" /><testcase classname="tests.vf_estimator_test" name="test_vector_field_estimator_forward_shapes[mlp-score-vp-10-condition_event_shape2-input_event_shape0-2]" file="tests/vf_estimator_test.py" line="91" time="0.007" /><testcase classname="tests.vf_estimator_test" name="test_vector_field_estimator_forward_shapes[mlp-score-vp-10-condition_event_shape2-input_event_shape1-3]" file="tests/vf_estimator_test.py" line="91" time="0.008" /><testcase classname="tests.vf_estimator_test" name="test_vector_field_estimator_forward_shapes[mlp-score-vp-10-condition_event_shape0-input_event_shape1-3]" file="tests/vf_estimator_test.py" line="91" time="0.014" /><testcase classname="tests.vf_estimator_test" name="test_vector_field_estimator_forward_shapes[mlp-score-subvp-1-condition_event_shape0-input_event_shape1-1]" file="tests/vf_estimator_test.py" line="91" time="0.007" /><testcase classname="tests.vf_estimator_test" name="test_vector_field_estimator_forward_shapes[mlp-score-subvp-1-condition_event_shape1-input_event_shape1-3]" file="tests/vf_estimator_test.py" line="91" time="0.006" /><testcase classname="tests.score_samplers_test" name="test_gaussian_score_sampling[1.0-0.0-input_event_shape0-None-euler_maruyama-subvp]" file="tests/score_samplers_test.py" line="171" time="0.124" /><testcase classname="tests.vf_estimator_test" name="test_vector_field_estimator_forward_shapes[mlp-score-subvp-1-condition_event_shape2-input_event_shape1-1]" file="tests/vf_estimator_test.py" line="91" time="0.007" /><testcase classname="tests.vf_estimator_test" name="test_vector_field_estimator_forward_shapes[mlp-score-subvp-1-condition_event_shape1-input_event_shape0-2]" file="tests/vf_estimator_test.py" line="91" time="0.014" /><testcase classname="tests.vf_estimator_test" name="test_vector_field_estimator_forward_shapes[mlp-score-subvp-10-condition_event_shape0-input_event_shape1-3]" file="tests/vf_estimator_test.py" line="91" time="0.008" /><testcase classname="tests.vf_estimator_test" name="test_vector_field_estimator_forward_shapes[mlp-score-subvp-10-condition_event_shape0-input_event_shape0-2]" file="tests/vf_estimator_test.py" line="91" time="0.013" /><testcase classname="tests.vf_estimator_test" name="test_vector_field_estimator_forward_shapes[mlp-score-subvp-10-condition_event_shape1-input_event_shape1-1]" file="tests/vf_estimator_test.py" line="91" time="0.007" /><testcase classname="tests.vf_estimator_test" name="test_vector_field_estimator_forward_shapes[mlp-score-subvp-10-condition_event_shape2-input_event_shape1-3]" file="tests/vf_estimator_test.py" line="91" time="0.009" /><testcase classname="tests.vf_estimator_test" name="test_vector_field_estimator_forward_shapes[mlp-score-subvp-10-condition_event_shape2-input_event_shape0-2]" file="tests/vf_estimator_test.py" line="91" time="0.018" /><testcase classname="tests.vf_estimator_test" name="test_vector_field_estimator_forward_shapes[mlp-score-ve-1-condition_event_shape1-input_event_shape0-2]" file="tests/vf_estimator_test.py" line="91" time="0.005" /><testcase classname="tests.vf_estimator_test" name="test_vector_field_estimator_forward_shapes[mlp-score-ve-1-condition_event_shape1-input_event_shape1-3]" file="tests/vf_estimator_test.py" line="91" time="0.005" /><testcase classname="tests.vf_estimator_test" name="test_vector_field_estimator_forward_shapes[mlp-score-ve-1-condition_event_shape0-input_event_shape1-1]" file="tests/vf_estimator_test.py" line="91" time="0.011" /><testcase classname="tests.vf_estimator_test" name="test_vector_field_estimator_forward_shapes[mlp-score-ve-1-condition_event_shape2-input_event_shape1-1]" file="tests/vf_estimator_test.py" line="91" time="0.008" /><testcase classname="tests.vf_estimator_test" name="test_vector_field_estimator_forward_shapes[mlp-score-ve-10-condition_event_shape0-input_event_shape1-3]" file="tests/vf_estimator_test.py" line="91" time="0.011" /><testcase classname="tests.vf_estimator_test" name="test_vector_field_estimator_forward_shapes[mlp-score-ve-10-condition_event_shape0-input_event_shape0-2]" file="tests/vf_estimator_test.py" line="91" time="0.015" /><testcase classname="tests.training_dataclasses_test" name="test_loss_args_dataclass_validation[NRE_B-loss_args5]" file="tests/training_dataclasses_test.py" line="20" time="0.006"><skipped type="pytest.xfail" message="" /></testcase><testcase classname="tests.vf_estimator_test" name="test_vector_field_estimator_forward_shapes[mlp-score-ve-10-condition_event_shape2-input_event_shape0-2]" file="tests/vf_estimator_test.py" line="91" time="0.008" /><testcase classname="tests.vf_estimator_test" name="test_vector_field_estimator_forward_shapes[mlp-score-ve-10-condition_event_shape1-input_event_shape1-1]" file="tests/vf_estimator_test.py" line="91" time="0.016" /><testcase classname="tests.vf_estimator_test" name="test_vector_field_estimator_forward_shapes[mlp-score-ve-10-condition_event_shape2-input_event_shape1-3]" file="tests/vf_estimator_test.py" line="91" time="0.018" /><testcase classname="tests.vf_estimator_test" name="test_train_schedule[score-ve]" file="tests/vf_estimator_test.py" line="189" time="0.007" /><testcase classname="tests.vf_estimator_test" name="test_ve_edm_schedules[lognormal-power_law]" file="tests/vf_estimator_test.py" line="252" time="0.008" /><testcase classname="tests.training_dataclasses_test" name="test_loss_args_dataclass_validation[BNRE-loss_args13]" file="tests/training_dataclasses_test.py" line="20" time="0.005"><skipped type="pytest.xfail" message="" /></testcase><testcase classname="tests.vf_estimator_test" name="test_ve_lognormal_no_nan_with_extreme_params" file="tests/vf_estimator_test.py" line="293" time="0.010" /><testcase classname="tests.score_samplers_test" name="test_gaussian_score_sampling[1.0-0.0-input_event_shape0-langevin-euler_maruyama-ve]" file="tests/score_samplers_test.py" line="171" time="0.414" /><testcase classname="tests.vi_test" name="test_deepcopy_support[maf]" file="tests/vi_test.py" line="277" time="0.050" /><testcase classname="tests.vi_test" name="test_deepcopy_support[naf]" file="tests/vi_test.py" line="277" time="0.450" /><testcase classname="tests.training_dataclasses_test" name="test_trainer_config_dataclass_validation[train_config_args3]" file="tests/training_dataclasses_test.py" line="75" time="0.004"><skipped type="pytest.xfail" message="" /></testcase><testcase classname="tests.vi_test" name="test_pickle_support[maf]" file="tests/vi_test.py" line="314" time="0.037" /><testcase classname="tests.training_dataclasses_test" name="test_trainer_config_dataclass_validation[train_config_args7]" file="tests/training_dataclasses_test.py" line="75" time="0.005"><skipped type="pytest.xfail" message="" /></testcase><testcase classname="tests.vi_test" name="test_pickle_support[gaussian_diag]" file="tests/vi_test.py" line="314" time="0.008" /><testcase classname="tests.training_dataclasses_test" name="test_trainer_config_dataclass_validation[train_config_args11]" file="tests/training_dataclasses_test.py" line="75" time="0.005"><skipped type="pytest.xfail" message="" /></testcase><testcase classname="tests.vi_test" name="test_vi_with_multiple_independent_prior" file="tests/vi_test.py" line="403" time="3.429" /><testcase classname="tests.training_dataclasses_test" name="test_trainer_config_dataclass_validation[train_config_args15]" file="tests/training_dataclasses_test.py" line="75" time="0.014"><skipped type="pytest.xfail" message="" /></testcase><testcase classname="tests.training_dataclasses_test" name="test_trainer_config_dataclass_validation[train_config_args19]" file="tests/training_dataclasses_test.py" line="75" time="0.004"><skipped type="pytest.xfail" message="" /></testcase><testcase classname="tests.training_dataclasses_test" name="test_trainer_dataclass_start_index_context_validation[dataclass_args1]" file="tests/training_dataclasses_test.py" line="153" time="0.005"><skipped type="pytest.xfail" message="" /></testcase><testcase classname="tests.score_samplers_test" name="test_gaussian_score_sampling[1.0-0.0-input_event_shape1-None-euler_maruyama-ve]" file="tests/score_samplers_test.py" line="171" time="0.178" /><testcase classname="tests.training_dataclasses_test" name="test_nre_a_train_method_invalid_argument_raises_error[loss_kwargs0]" file="tests/training_dataclasses_test.py" line="187" time="0.005"><skipped type="pytest.xfail" message="" /></testcase><testcase classname="tests.transforms_test" name="test_transforms[prior1-SigmoidTransform]" file="tests/transforms_test.py" line="26" time="0.004" /><testcase classname="tests.transforms_test" name="test_mcmc_transform[prior2-False]" file="tests/transforms_test.py" line="61" time="0.003" /><testcase classname="tests.transforms_test" name="test_mcmc_transform[prior4-True]" file="tests/transforms_test.py" line="61" time="0.003" /><testcase classname="tests.transforms_test" name="test_mcmc_transform[prior5-True]" file="tests/transforms_test.py" line="61" time="0.003" /><testcase classname="tests.user_input_checks_test" name="test_process_prior[prior0]" file="tests/user_input_checks_test.py" line="152" time="0.003"><skipped type="pytest.xfail" message="" /></testcase><testcase classname="tests.vi_test" name="test_pickle_support[nice]" file="tests/vi_test.py" line="314" time="0.079" /><testcase classname="tests.user_input_checks_test" name="test_process_prior[prior1]" file="tests/user_input_checks_test.py" line="152" time="0.003"><skipped type="pytest.xfail" message="" /></testcase><testcase classname="tests.user_input_checks_test" name="test_process_prior[prior9]" file="tests/user_input_checks_test.py" line="152" time="0.003" /><testcase classname="tests.user_input_checks_test" name="test_process_prior[prior10]" file="tests/user_input_checks_test.py" line="152" time="0.004" /><testcase classname="tests.user_input_checks_test" name="test_process_x[x3-None]" file="tests/user_input_checks_test.py" line="206" time="0.002" /><testcase classname="tests.user_input_checks_test" name="test_prepare_sbi_problem[diagonal_linear_gaussian-prior3]" file="tests/user_input_checks_test.py" line="265" time="0.003" /><testcase classname="tests.user_input_checks_test" name="test_prepare_sbi_problem[numpy_linear_gaussian-prior4]" file="tests/user_input_checks_test.py" line="265" time="0.003" /><testcase classname="tests.user_input_checks_test" name="test_prepare_sbi_problem[diagonal_linear_gaussian-prior5]" file="tests/user_input_checks_test.py" line="265" time="0.005" /><testcase classname="tests.vi_test" name="test_vi_flow_builders[nice-1]" file="tests/vi_test.py" line="434" time="0.003" /><testcase classname="tests.vi_test" name="test_vi_flow_builders[sospf-2]" file="tests/vi_test.py" line="434" time="0.047" /><testcase classname="tests.vi_test" name="test_vi_flow_builders[unaf-5]" file="tests/vi_test.py" line="434" time="1.521" /><testcase classname="tests.score_samplers_test" name="test_gaussian_score_sampling[1.0-0.0-input_event_shape1-gibbs-euler_maruyama-vp]" file="tests/score_samplers_test.py" line="171" time="1.308" /><testcase classname="tests.embedding_net_test" name="test_embedding_net_api[mlp-2-NRE]" file="tests/embedding_net_test.py" line="41" time="2.484" /><testcase classname="tests.score_samplers_test" name="test_gaussian_score_sampling[1.0-0.0-input_event_shape1-langevin-euler_maruyama-vp]" file="tests/score_samplers_test.py" line="171" time="0.915" /><testcase classname="tests.linearGaussian_snle_test" name="test_map_with_multiple_independent_prior[True]" file="tests/linearGaussian_snle_test.py" line="233" time="6.925" /><testcase classname="tests.score_samplers_test" name="test_gaussian_score_sampling[1.0-0.0-input_event_shape1-langevin-euler_maruyama-ve]" file="tests/score_samplers_test.py" line="171" time="0.712" /><testcase classname="tests.score_samplers_test" name="test_gaussian_score_sampling[1.0-1.0-input_event_shape0-None-euler_maruyama-ve]" file="tests/score_samplers_test.py" line="171" time="0.075" /><testcase classname="tests.vi_test" name="test_vi_flow_builders[maf-5]" file="tests/vi_test.py" line="434" time="0.014" /><testcase classname="tests.score_samplers_test" name="test_gaussian_score_sampling[1.0-1.0-input_event_shape0-gibbs-euler_maruyama-subvp]" file="tests/score_samplers_test.py" line="171" time="0.786" /><testcase classname="tests.density_estimator_test" name="test_shape_handling_utility_for_density_estimator[theta_or_x_shape0-target_shape0-event_shape0-False]" file="tests/density_estimator_test.py" line="103" time="0.007" /><testcase classname="tests.density_estimator_test" name="test_shape_handling_utility_for_density_estimator[theta_or_x_shape2-target_shape2-event_shape2-False]" file="tests/density_estimator_test.py" line="103" time="0.007" /><testcase classname="tests.density_estimator_test" name="test_shape_handling_utility_for_density_estimator[theta_or_x_shape5-target_shape5-event_shape5-True]" file="tests/density_estimator_test.py" line="103" time="0.007" /><testcase classname="tests.density_estimator_test" name="test_shape_handling_utility_for_density_estimator[theta_or_x_shape7-target_shape7-event_shape7-False]" file="tests/density_estimator_test.py" line="103" time="0.007" /><testcase classname="tests.density_estimator_test" name="test_shape_handling_utility_for_density_estimator[theta_or_x_shape8-target_shape8-event_shape8-False]" file="tests/density_estimator_test.py" line="103" time="0.007" /><testcase classname="tests.density_estimator_test" name="test_shape_handling_utility_for_density_estimator[theta_or_x_shape9-target_shape9-event_shape9-True]" file="tests/density_estimator_test.py" line="103" time="0.006" /><testcase classname="tests.density_estimator_test" name="test_shape_handling_utility_for_density_estimator[theta_or_x_shape13-target_shape13-event_shape13-True]" file="tests/density_estimator_test.py" line="103" time="0.006" /><testcase classname="tests.density_estimator_test" name="test_shape_handling_utility_for_density_estimator[theta_or_x_shape15-target_shape15-event_shape15-False]" file="tests/density_estimator_test.py" line="103" time="0.006" /><testcase classname="tests.density_estimator_test" name="test_shape_handling_utility_for_density_estimator[theta_or_x_shape17-target_shape17-3-False]" file="tests/density_estimator_test.py" line="103" time="0.006"><skipped type="pytest.xfail" message="" /></testcase><testcase classname="tests.density_estimator_test" name="test_shape_handling_utility_for_density_estimator[theta_or_x_shape18-target_shape18-event_shape18-False]" file="tests/density_estimator_test.py" line="103" time="0.008"><skipped type="pytest.xfail" message="" /></testcase><testcase classname="tests.density_estimator_test" name="test_shape_handling_utility_for_density_estimator[theta_or_x_shape19-target_shape19-event_shape19-False]" file="tests/density_estimator_test.py" line="103" time="0.007"><skipped type="pytest.xfail" message="" /></testcase><testcase classname="tests.density_estimator_test" name="test_shape_handling_utility_for_density_estimator[theta_or_x_shape21-target_shape21-3-True]" file="tests/density_estimator_test.py" line="103" time="0.010"><skipped type="pytest.xfail" message="" /></testcase><testcase classname="tests.density_estimator_test" name="test_density_estimator_loss_shapes[1-condition_event_shape0-input_event_shape0-1-build_zuko_nsf]" file="tests/density_estimator_test.py" line="147" time="0.023" /><testcase classname="tests.density_estimator_test" name="test_density_estimator_loss_shapes[1-condition_event_shape0-input_event_shape0-2-build_nsf]" file="tests/density_estimator_test.py" line="147" time="0.022" /><testcase classname="tests.density_estimator_test" name="test_density_estimator_loss_shapes[1-condition_event_shape0-input_event_shape1-1-build_zuko_nsf]" file="tests/density_estimator_test.py" line="147" time="0.024" /><testcase classname="tests.density_estimator_test" name="test_density_estimator_loss_shapes[1-condition_event_shape1-input_event_shape1-1-build_nsf]" file="tests/density_estimator_test.py" line="147" time="0.025" /><testcase classname="tests.density_estimator_test" name="test_density_estimator_loss_shapes[10-condition_event_shape0-input_event_shape1-1-build_zuko_nsf]" file="tests/density_estimator_test.py" line="147" time="0.025" /><testcase classname="tests.density_estimator_test" name="test_density_estimator_loss_shapes[10-condition_event_shape1-input_event_shape0-2-build_nsf]" file="tests/density_estimator_test.py" line="147" time="0.012" /><testcase classname="tests.density_estimator_test" name="test_density_estimator_log_prob_shapes_with_embedding[1-condition_event_shape0-input_event_shape0-1-build_mdn]" file="tests/density_estimator_test.py" line="178" time="0.016" /><testcase classname="tests.user_input_checks_test" name="test_inference_with_user_sbi_problems[linear_gaussian_no_batch-user_prior1-NPE_A]" file="tests/user_input_checks_test.py" line="318" time="0.053" /><testcase classname="tests.user_input_checks_test" name="test_inference_with_user_sbi_problems[linear_gaussian_no_batch-user_prior4-NPE_C]" file="tests/user_input_checks_test.py" line="318" time="0.097" /><testcase classname="tests.embedding_net_test" name="test_embedding_api_with_multiple_trials[mcmc-2-2-1]" file="tests/embedding_net_test.py" line="87" time="6.936" /><testcase classname="tests.user_input_checks_test" name="test_simulate_for_sbi[10-None-1-True]" file="tests/user_input_checks_test.py" line="527" time="0.011" /><testcase classname="tests.user_input_checks_test" name="test_simulate_for_sbi[100-10-1-True]" file="tests/user_input_checks_test.py" line="527" time="0.012" /><testcase classname="tests.user_input_checks_test" name="test_proposal_sharing_weights_with_trainer_raises" file="tests/user_input_checks_test.py" line="597" time="0.039" /><testcase classname="tests.vector_field_nets_test" name="test_vector_field_builders_shape_and_build[condition_event_shape0-1-1-8-sinusoidal-mlp-hidden_features=16-num_layers=2-layer_norm=True]" file="tests/vector_field_nets_test.py" line="86" time="0.004" /><testcase classname="tests.vector_field_nets_test" name="test_vector_field_builders_shape_and_build[condition_event_shape0-1-1-8-sinusoidal-mlp-hidden_features=[16, 32]-num_layers=2-layer_norm=True]" file="tests/vector_field_nets_test.py" line="86" time="0.005" /><testcase classname="tests.vector_field_nets_test" name="test_vector_field_builders_shape_and_build[condition_event_shape0-1-1-8-sinusoidal-adamlp-hidden_features=8-num_layers=2-mlp_ratio=4]" file="tests/vector_field_nets_test.py" line="86" time="0.006" /><testcase classname="tests.vector_field_nets_test" name="test_vector_field_builders_shape_and_build[condition_event_shape0-1-1-8-sinusoidal-adamlp-hidden_features=16-num_layers=2-mlp_ratio=4]" file="tests/vector_field_nets_test.py" line="86" time="0.007" /><testcase classname="tests.vector_field_nets_test" name="test_vector_field_builders_shape_and_build[condition_event_shape0-1-1-8-sinusoidal-tr-hidden_features=16-num_layers=1-num_heads=4-mlp_ratio=4-is_x_emb_seq=False]" file="tests/vector_field_nets_test.py" line="86" time="0.006" /><testcase classname="tests.vector_field_nets_test" name="test_vector_field_builders_shape_and_build[condition_event_shape0-1-1-8-sinusoidal-tr-hidden_features=16-num_layers=2-num_heads=4-mlp_ratio=4-is_x_emb_seq=False]" file="tests/vector_field_nets_test.py" line="86" time="0.006" /><testcase classname="tests.vector_field_nets_test" name="test_vector_field_builders_shape_and_build[condition_event_shape0-1-1-8-sinusoidal-tr-hidden_features=32-num_layers=1-num_heads=4-mlp_ratio=4-is_x_emb_seq=False]" file="tests/vector_field_nets_test.py" line="86" time="0.012" /><testcase classname="tests.vector_field_nets_test" name="test_vector_field_builders_shape_and_build[condition_event_shape0-1-1-8-sinusoidal-tr-hidden_features=32-num_layers=2-num_heads=4-mlp_ratio=4-is_x_emb_seq=False]" file="tests/vector_field_nets_test.py" line="86" time="0.007" /><testcase classname="tests.vector_field_nets_test" name="test_vector_field_builders_shape_and_build[condition_event_shape0-1-1-8-sinusoidal-trX-hidden_features=16-num_layers=1-num_heads=4-mlp_ratio=4-is_x_emb_seq=True]" file="tests/vector_field_nets_test.py" line="86" time="0.012" /><testcase classname="tests.vector_field_nets_test" name="test_vector_field_builders_shape_and_build[condition_event_shape0-1-1-8-sinusoidal-trX-hidden_features=16-num_layers=2-num_heads=4-mlp_ratio=4-is_x_emb_seq=True]" file="tests/vector_field_nets_test.py" line="86" time="0.013" /><testcase classname="tests.vector_field_nets_test" name="test_vector_field_builders_shape_and_build[condition_event_shape0-1-1-8-sinusoidal-trX-hidden_features=32-num_layers=1-num_heads=4-mlp_ratio=4-is_x_emb_seq=True]" file="tests/vector_field_nets_test.py" line="86" time="0.010" /><testcase classname="tests.vector_field_nets_test" name="test_vector_field_builders_shape_and_build[condition_event_shape0-1-1-8-sinusoidal-trX-hidden_features=32-num_layers=2-num_heads=4-mlp_ratio=4-is_x_emb_seq=True]" file="tests/vector_field_nets_test.py" line="86" time="0.009" /><testcase classname="tests.vector_field_nets_test" name="test_vector_field_builders_shape_and_build[condition_event_shape0-1-1-8-random_fourier-mlp-hidden_features=16-num_layers=2-layer_norm=True]" file="tests/vector_field_nets_test.py" line="86" time="0.010" /><testcase classname="tests.vector_field_nets_test" name="test_vector_field_builders_shape_and_build[condition_event_shape0-1-1-8-random_fourier-mlp-hidden_features=[16, 32]-num_layers=2-layer_norm=True]" file="tests/vector_field_nets_test.py" line="86" time="0.009" /><testcase classname="tests.vector_field_nets_test" name="test_vector_field_builders_shape_and_build[condition_event_shape0-1-1-8-random_fourier-adamlp-hidden_features=8-num_layers=2-mlp_ratio=4]" file="tests/vector_field_nets_test.py" line="86" time="0.008" /><testcase classname="tests.score_samplers_test" name="test_gaussian_score_sampling[1.0-1.0-input_event_shape0-langevin-euler_maruyama-ve]" file="tests/score_samplers_test.py" line="171" time="0.373" /><testcase classname="tests.vector_field_nets_test" name="test_vector_field_builders_shape_and_build[condition_event_shape0-1-1-8-random_fourier-adamlp-hidden_features=16-num_layers=2-mlp_ratio=4]" file="tests/vector_field_nets_test.py" line="86" time="0.008" /><testcase classname="tests.vector_field_nets_test" name="test_vector_field_builders_shape_and_build[condition_event_shape0-1-1-8-random_fourier-tr-hidden_features=16-num_layers=1-num_heads=4-mlp_ratio=4-is_x_emb_seq=False]" file="tests/vector_field_nets_test.py" line="86" time="0.012" /><testcase classname="tests.score_samplers_test" name="test_gaussian_score_sampling[1.0-1.0-input_event_shape1-None-euler_maruyama-subvp]" file="tests/score_samplers_test.py" line="171" time="0.158" /><testcase classname="tests.score_samplers_test" name="test_gaussian_score_sampling[0.1--1.0-input_event_shape0-langevin-euler_maruyama-subvp]" file="tests/score_samplers_test.py" line="171" time="0.592" /><testcase classname="tests.posterior_nn_test" name="test_batched_mcmc_sample_log_prob_with_different_x[sample_shape0-resample-1-NRE_C]" file="tests/posterior_nn_test.py" line="177" time="0.349" /><testcase classname="tests.score_samplers_test" name="test_gaussian_score_sampling[0.1--1.0-input_event_shape1-None-euler_maruyama-vp]" file="tests/score_samplers_test.py" line="171" time="0.159" /><testcase classname="tests.score_samplers_test" name="test_gaussian_score_sampling[0.1--1.0-input_event_shape1-gibbs-euler_maruyama-ve]" file="tests/score_samplers_test.py" line="171" time="0.850" /><testcase classname="tests.posterior_parameters_test" name="test_signature_consistency[MCMCPosteriorParameters-MCMCPosterior-skipped_fields_and_parameters2]" file="tests/posterior_parameters_test.py" line="44" time="0.003" /><testcase classname="tests.posterior_parameters_test" name="test_signature_consistency[VectorFieldPosteriorParameters-VectorFieldPosterior-skipped_fields_and_parameters5]" file="tests/posterior_parameters_test.py" line="44" time="0.003" /><testcase classname="tests.posterior_parameters_test" name="test_build_posterior_warns_on_conflicting_args[build_posterior_arguments1]" file="tests/posterior_parameters_test.py" line="183" time="0.027" /><testcase classname="tests.posterior_parameters_test" name="test_build_posterior_conflicting_params[build_posterior_arguments0]" file="tests/posterior_parameters_test.py" line="237" time="0.004"><skipped type="pytest.xfail" message="Parameter dictionary and posterior_parameter dataclass shouldn't be passed together." /></testcase><testcase classname="tests.posterior_parameters_test" name="test_posterior_parameters_with_param_returns_the_same_type" file="tests/posterior_parameters_test.py" line="272" time="0.002" /><testcase classname="tests.posterior_parameters_test" name="test_valid_field_values[ImportanceSamplingPosteriorParameters]" file="tests/posterior_parameters_test.py" line="316" time="0.002" /><testcase classname="tests.posterior_parameters_test" name="test_valid_field_values[VectorFieldPosteriorParameters]" file="tests/posterior_parameters_test.py" line="316" time="0.002" /><testcase classname="tests.posterior_parameters_test" name="test_invalid_literal_field_values" file="tests/posterior_parameters_test.py" line="386" time="0.002"><skipped type="pytest.xfail" message="Invalid literal type passed to PosteriorParameters class" /></testcase><testcase classname="tests.posterior_parameters_test" name="test_if_warning_raised_for_deprecated_build_posterior_parameters[params3]" file="tests/posterior_parameters_test.py" line="398" time="0.005" /><testcase classname="tests.posterior_parameters_test" name="test_resolve_prior_missing_prior[mcmc-NRE_B]" file="tests/posterior_parameters_test.py" line="418" time="0.013"><skipped type="pytest.xfail" message="Prior required for non-direct sampling methods" /></testcase><testcase classname="tests.posterior_parameters_test" name="test_resolve_prior_missing_prior[vi-NLE_A]" file="tests/posterior_parameters_test.py" line="418" time="0.027"><skipped type="pytest.xfail" message="Prior required for non-direct sampling methods" /></testcase><testcase classname="tests.vector_field_nets_test" name="test_vector_field_builders_shape_and_build[condition_event_shape0-1-1-8-random_fourier-tr-hidden_features=16-num_layers=2-num_heads=4-mlp_ratio=4-is_x_emb_seq=False]" file="tests/vector_field_nets_test.py" line="86" time="0.006" /><testcase classname="tests.vector_field_nets_test" name="test_vector_field_builders_shape_and_build[condition_event_shape0-1-1-8-random_fourier-tr-hidden_features=32-num_layers=1-num_heads=4-mlp_ratio=4-is_x_emb_seq=False]" file="tests/vector_field_nets_test.py" line="86" time="0.004" /><testcase classname="tests.vector_field_nets_test" name="test_vector_field_builders_shape_and_build[condition_event_shape0-1-1-8-random_fourier-tr-hidden_features=32-num_layers=2-num_heads=4-mlp_ratio=4-is_x_emb_seq=False]" file="tests/vector_field_nets_test.py" line="86" time="0.004" /><testcase classname="tests.vector_field_nets_test" name="test_vector_field_builders_shape_and_build[condition_event_shape0-1-1-8-random_fourier-trX-hidden_features=16-num_layers=1-num_heads=4-mlp_ratio=4-is_x_emb_seq=True]" file="tests/vector_field_nets_test.py" line="86" time="0.005" /><testcase classname="tests.vector_field_nets_test" name="test_vector_field_builders_shape_and_build[condition_event_shape0-1-1-8-random_fourier-trX-hidden_features=16-num_layers=2-num_heads=4-mlp_ratio=4-is_x_emb_seq=True]" file="tests/vector_field_nets_test.py" line="86" time="0.005" /><testcase classname="tests.vector_field_nets_test" name="test_vector_field_builders_shape_and_build[condition_event_shape0-1-1-8-random_fourier-trX-hidden_features=32-num_layers=1-num_heads=4-mlp_ratio=4-is_x_emb_seq=True]" file="tests/vector_field_nets_test.py" line="86" time="0.004" /><testcase classname="tests.vector_field_nets_test" name="test_vector_field_builders_shape_and_build[condition_event_shape0-1-1-8-random_fourier-trX-hidden_features=32-num_layers=2-num_heads=4-mlp_ratio=4-is_x_emb_seq=True]" file="tests/vector_field_nets_test.py" line="86" time="0.005" /><testcase classname="tests.vector_field_nets_test" name="test_vector_field_builders_shape_and_build[condition_event_shape0-1-1-16-sinusoidal-mlp-hidden_features=16-num_layers=2-layer_norm=True]" file="tests/vector_field_nets_test.py" line="86" time="0.003" /><testcase classname="tests.vector_field_nets_test" name="test_vector_field_builders_shape_and_build[condition_event_shape0-1-1-16-sinusoidal-mlp-hidden_features=[16, 32]-num_layers=2-layer_norm=True]" file="tests/vector_field_nets_test.py" line="86" time="0.003" /><testcase classname="tests.vector_field_nets_test" name="test_vector_field_builders_shape_and_build[condition_event_shape0-1-1-16-sinusoidal-adamlp-hidden_features=8-num_layers=2-mlp_ratio=4]" file="tests/vector_field_nets_test.py" line="86" time="0.004" /><testcase classname="tests.vector_field_nets_test" name="test_vector_field_builders_shape_and_build[condition_event_shape0-1-1-16-sinusoidal-adamlp-hidden_features=16-num_layers=2-mlp_ratio=4]" file="tests/vector_field_nets_test.py" line="86" time="0.004" /><testcase classname="tests.vector_field_nets_test" name="test_vector_field_builders_shape_and_build[condition_event_shape0-1-1-16-sinusoidal-tr-hidden_features=16-num_layers=1-num_heads=4-mlp_ratio=4-is_x_emb_seq=False]" file="tests/vector_field_nets_test.py" line="86" time="0.004" /><testcase classname="tests.vector_field_nets_test" name="test_vector_field_builders_shape_and_build[condition_event_shape0-1-1-16-sinusoidal-tr-hidden_features=16-num_layers=2-num_heads=4-mlp_ratio=4-is_x_emb_seq=False]" file="tests/vector_field_nets_test.py" line="86" time="0.005" /><testcase classname="tests.vector_field_nets_test" name="test_vector_field_builders_shape_and_build[condition_event_shape0-1-1-16-sinusoidal-tr-hidden_features=32-num_layers=1-num_heads=4-mlp_ratio=4-is_x_emb_seq=False]" file="tests/vector_field_nets_test.py" line="86" time="0.004" /><testcase classname="tests.vector_field_nets_test" name="test_vector_field_builders_shape_and_build[condition_event_shape0-1-1-16-sinusoidal-tr-hidden_features=32-num_layers=2-num_heads=4-mlp_ratio=4-is_x_emb_seq=False]" file="tests/vector_field_nets_test.py" line="86" time="0.005" /><testcase classname="tests.vector_field_nets_test" name="test_vector_field_builders_shape_and_build[condition_event_shape0-1-1-16-sinusoidal-trX-hidden_features=16-num_layers=1-num_heads=4-mlp_ratio=4-is_x_emb_seq=True]" file="tests/vector_field_nets_test.py" line="86" time="0.004" /><testcase classname="tests.vector_field_nets_test" name="test_vector_field_builders_shape_and_build[condition_event_shape0-1-1-16-sinusoidal-trX-hidden_features=16-num_layers=2-num_heads=4-mlp_ratio=4-is_x_emb_seq=True]" file="tests/vector_field_nets_test.py" line="86" time="0.005" /><testcase classname="tests.vector_field_nets_test" name="test_vector_field_builders_shape_and_build[condition_event_shape0-1-1-16-sinusoidal-trX-hidden_features=32-num_layers=1-num_heads=4-mlp_ratio=4-is_x_emb_seq=True]" file="tests/vector_field_nets_test.py" line="86" time="0.004" /><testcase classname="tests.vector_field_nets_test" name="test_vector_field_builders_shape_and_build[condition_event_shape0-1-1-16-sinusoidal-trX-hidden_features=32-num_layers=2-num_heads=4-mlp_ratio=4-is_x_emb_seq=True]" file="tests/vector_field_nets_test.py" line="86" time="0.005" /><testcase classname="tests.vector_field_nets_test" name="test_vector_field_builders_shape_and_build[condition_event_shape0-1-1-16-random_fourier-mlp-hidden_features=16-num_layers=2-layer_norm=True]" file="tests/vector_field_nets_test.py" line="86" time="0.004" /><testcase classname="tests.vector_field_nets_test" name="test_vector_field_builders_shape_and_build[condition_event_shape0-1-1-16-random_fourier-mlp-hidden_features=[16, 32]-num_layers=2-layer_norm=True]" file="tests/vector_field_nets_test.py" line="86" time="0.003" /><testcase classname="tests.vector_field_nets_test" name="test_vector_field_builders_shape_and_build[condition_event_shape0-1-1-16-random_fourier-adamlp-hidden_features=8-num_layers=2-mlp_ratio=4]" file="tests/vector_field_nets_test.py" line="86" time="0.004" /><testcase classname="tests.vector_field_nets_test" name="test_vector_field_builders_shape_and_build[condition_event_shape0-1-1-16-random_fourier-adamlp-hidden_features=16-num_layers=2-mlp_ratio=4]" file="tests/vector_field_nets_test.py" line="86" time="0.004" /><testcase classname="tests.vector_field_nets_test" name="test_vector_field_builders_shape_and_build[condition_event_shape0-1-1-16-random_fourier-tr-hidden_features=16-num_layers=1-num_heads=4-mlp_ratio=4-is_x_emb_seq=False]" file="tests/vector_field_nets_test.py" line="86" time="0.004" /><testcase classname="tests.vector_field_nets_test" name="test_vector_field_builders_shape_and_build[condition_event_shape0-1-1-16-random_fourier-tr-hidden_features=16-num_layers=2-num_heads=4-mlp_ratio=4-is_x_emb_seq=False]" file="tests/vector_field_nets_test.py" line="86" time="0.004" /><testcase classname="tests.vector_field_nets_test" name="test_vector_field_builders_shape_and_build[condition_event_shape0-1-1-16-random_fourier-tr-hidden_features=32-num_layers=1-num_heads=4-mlp_ratio=4-is_x_emb_seq=False]" file="tests/vector_field_nets_test.py" line="86" time="0.004" /><testcase classname="tests.vector_field_nets_test" name="test_vector_field_builders_shape_and_build[condition_event_shape0-1-1-16-random_fourier-tr-hidden_features=32-num_layers=2-num_heads=4-mlp_ratio=4-is_x_emb_seq=False]" file="tests/vector_field_nets_test.py" line="86" time="0.005" /><testcase classname="tests.mcmc_test" name="test_direct_mcmc_unconditional" file="tests/mcmc_test.py" line="175" time="1.591" /><testcase classname="tests.score_samplers_test" name="test_gaussian_score_sampling[0.1-0.0-input_event_shape0-gibbs-euler_maruyama-vp]" file="tests/score_samplers_test.py" line="171" time="0.798" /><testcase classname="tests.score_samplers_test" name="test_gaussian_score_sampling[0.1-0.0-input_event_shape0-gibbs-euler_maruyama-ve]" file="tests/score_samplers_test.py" line="171" time="0.557" /><testcase classname="tests.metrics_test" name="test_c2st_with_different_distributions[rf-0.0-0.45-0.55]" file="tests/metrics_test.py" line="52" time="2.182" /><testcase classname="tests.score_samplers_test" name="test_gaussian_score_sampling[0.1-1.0-input_event_shape0-None-euler_maruyama-vp]" file="tests/score_samplers_test.py" line="171" time="0.104" /><testcase classname="tests.score_samplers_test" name="test_gaussian_score_sampling[0.1-1.0-input_event_shape0-gibbs-euler_maruyama-ve]" file="tests/score_samplers_test.py" line="171" time="0.558" /><testcase classname="tests.score_samplers_test" name="test_gaussian_score_sampling[0.1-1.0-input_event_shape1-None-euler_maruyama-subvp]" file="tests/score_samplers_test.py" line="171" time="0.159" /><testcase classname="tests.score_samplers_test" name="test_score_fn_iid_on_different_priors[3-jac_gauss-vp]" file="tests/score_samplers_test.py" line="43" time="0.894" /><testcase classname="tests.linearGaussian_snpe_test" name="test_c2st_npe_on_linearGaussian[2-gaussian]" file="tests/linearGaussian_snpe_test.py" line="52" time="4.613" /><testcase classname="tests.metrics_test" name="test_c2st_with_different_distributions[rf-1.0-0.85-1.0]" file="tests/metrics_test.py" line="52" time="1.504" /><testcase classname="tests.score_samplers_test" name="test_score_fn_guidance_general[1-guidance_method0-vp]" file="tests/score_samplers_test.py" line="82" time="0.043" /><testcase classname="tests.score_samplers_test" name="test_score_fn_guidance_general[1-guidance_method2-subvp]" file="tests/score_samplers_test.py" line="82" time="0.039" /><testcase classname="tests.score_samplers_test" name="test_score_fn_guidance_general[1-guidance_method3-ve]" file="tests/score_samplers_test.py" line="82" time="0.005" /><testcase classname="tests.score_samplers_test" name="test_score_fn_guidance_general[1-guidance_method4-vp]" file="tests/score_samplers_test.py" line="82" time="0.005" /><testcase classname="tests.score_samplers_test" name="test_score_fn_guidance_general[1-guidance_method6-subvp]" file="tests/score_samplers_test.py" line="82" time="0.005" /><testcase classname="tests.score_samplers_test" name="test_score_fn_guidance_general[1-guidance_method7-ve]" file="tests/score_samplers_test.py" line="82" time="0.004" /><testcase classname="tests.score_samplers_test" name="test_score_fn_guidance_general[2-guidance_method0-vp]" file="tests/score_samplers_test.py" line="82" time="0.273" /><testcase classname="tests.score_samplers_test" name="test_score_fn_guidance_general[2-guidance_method2-subvp]" file="tests/score_samplers_test.py" line="82" time="0.270" /><testcase classname="tests.score_samplers_test" name="test_score_fn_guidance_general[2-guidance_method3-ve]" file="tests/score_samplers_test.py" line="82" time="0.005" /><testcase classname="tests.score_samplers_test" name="test_score_fn_guidance_general[2-guidance_method4-vp]" file="tests/score_samplers_test.py" line="82" time="0.005" /><testcase classname="tests.score_samplers_test" name="test_score_fn_guidance_general[2-guidance_method6-subvp]" file="tests/score_samplers_test.py" line="82" time="0.006" /><testcase classname="tests.score_samplers_test" name="test_score_fn_guidance_general[2-guidance_method7-ve]" file="tests/score_samplers_test.py" line="82" time="0.005" /><testcase classname="tests.score_samplers_test" name="test_score_fn_guidance_general[3-guidance_method0-vp]" file="tests/score_samplers_test.py" line="82" time="0.310" /><testcase classname="tests.embedding_net_test" name="test_embedding_api_with_multiple_trials[mcmc-2-2-2]" file="tests/embedding_net_test.py" line="87" time="2.831" /><testcase classname="tests.score_samplers_test" name="test_score_fn_guidance_general[3-guidance_method2-subvp]" file="tests/score_samplers_test.py" line="82" time="0.307" /><testcase classname="tests.metrics_test" name="test_c2st_with_constant_features[1]" file="tests/metrics_test.py" line="76" time="1.085" /><testcase classname="tests.score_samplers_test" name="test_score_fn_guidance_general[3-guidance_method3-ve]" file="tests/score_samplers_test.py" line="82" time="0.005" /><testcase classname="tests.score_samplers_test" name="test_score_fn_guidance_general[3-guidance_method4-vp]" file="tests/score_samplers_test.py" line="82" time="0.005" /><testcase classname="tests.score_samplers_test" name="test_score_fn_guidance_general[3-guidance_method6-subvp]" file="tests/score_samplers_test.py" line="82" time="0.006" /><testcase classname="tests.score_samplers_test" name="test_score_fn_guidance_general[3-guidance_method7-ve]" file="tests/score_samplers_test.py" line="82" time="0.005" /><testcase classname="tests.score_samplers_test" name="test_score_fn_combined_guidance_and_iid[guidance_method0-gauss-ve]" file="tests/score_samplers_test.py" line="133" time="0.228" /><testcase classname="tests.score_samplers_test" name="test_score_fn_combined_guidance_and_iid[guidance_method1-gauss-ve]" file="tests/score_samplers_test.py" line="133" time="0.229" /><testcase classname="tests.score_samplers_test" name="test_gaussian_score_sampling[1.0--1.0-input_event_shape0-None-euler_maruyama-ve]" file="tests/score_samplers_test.py" line="171" time="0.081" /><testcase classname="tests.score_samplers_test" name="test_gaussian_score_sampling[1.0--1.0-input_event_shape0-None-euler_maruyama-subvp]" file="tests/score_samplers_test.py" line="171" time="0.125" /><testcase classname="tests.score_samplers_test" name="test_gaussian_score_sampling[1.0--1.0-input_event_shape0-gibbs-euler_maruyama-ve]" file="tests/score_samplers_test.py" line="171" time="0.559" /><testcase classname="tests.metrics_test" name="test_distance_identity_property[mse_distance-identical_inputs0]" file="tests/metrics_test.py" line="205" time="0.003" /><testcase classname="tests.misspecification_test" name="test_mmd_x_emedding[2-1000]" file="tests/misspecification_test.py" line="90" time="8.214" /><testcase classname="tests.embedding_net_test" name="test_1d_and_2d_cnn_embedding_net[2-input_shape0]" file="tests/embedding_net_test.py" line="134" time="0.074" /><testcase classname="tests.embedding_net_test" name="test_1d_and_2d_cnn_embedding_net[3-input_shape2]" file="tests/embedding_net_test.py" line="134" time="0.164" /><testcase classname="tests.embedding_net_test" name="test_1d_fc_embedding_net[ReLU-True-32-2-input_shape0]" file="tests/embedding_net_test.py" line="173" time="0.021" /><testcase classname="tests.embedding_net_test" name="test_1d_fc_embedding_net[ReLU-True-64-2-input_shape0]" file="tests/embedding_net_test.py" line="173" time="0.019" /><testcase classname="tests.embedding_net_test" name="test_1d_fc_embedding_net[ReLU-False-32-2-input_shape0]" file="tests/embedding_net_test.py" line="173" time="0.018" /><testcase classname="tests.embedding_net_test" name="test_1d_fc_embedding_net[ReLU-False-64-2-input_shape0]" file="tests/embedding_net_test.py" line="173" time="0.019" /><testcase classname="tests.embedding_net_test" name="test_1d_fc_embedding_net[GELU-True-32-2-input_shape0]" file="tests/embedding_net_test.py" line="173" time="0.020" /><testcase classname="tests.embedding_net_test" name="test_1d_fc_embedding_net[GELU-True-64-2-input_shape0]" file="tests/embedding_net_test.py" line="173" time="0.020" /><testcase classname="tests.embedding_net_test" name="test_1d_fc_embedding_net[GELU-False-32-2-input_shape0]" file="tests/embedding_net_test.py" line="173" time="0.018" /><testcase classname="tests.embedding_net_test" name="test_1d_fc_embedding_net[GELU-False-64-2-input_shape0]" file="tests/embedding_net_test.py" line="173" time="0.018" /><testcase classname="tests.linearGaussian_snpe_test" name="test_api_force_first_round_loss[True-False-NPE_C]" file="tests/linearGaussian_snpe_test.py" line="565" time="0.289" /><testcase classname="tests.embedding_net_test" name="test_spectral_conf_embedding[2-8-8-input_shape1]" file="tests/embedding_net_test.py" line="199" time="0.103" /><testcase classname="tests.embedding_net_test" name="test_spectral_conf_embedding[2-5-8-input_shape1]" file="tests/embedding_net_test.py" line="199" time="0.102" /><testcase classname="tests.embedding_net_test" name="test_spectral_conf_embedding[3-8-8-input_shape1]" file="tests/embedding_net_test.py" line="199" time="0.113" /><testcase classname="tests.linearGaussian_snpe_test" name="test_api_force_first_round_loss[False-False-NPE_C]" file="tests/linearGaussian_snpe_test.py" line="565" time="0.120"><skipped type="pytest.xfail" message="" /></testcase><testcase classname="tests.posterior_parameters_test" name="test_resolve_prior_missing_prior[importance-NPE_C]" file="tests/posterior_parameters_test.py" line="418" time="0.027"><skipped type="pytest.xfail" message="Prior required for non-direct sampling methods" /></testcase><testcase classname="tests.posterior_parameters_test" name="test_inference_method_with_valid_sample_with[NPE_C-rejection]" file="tests/posterior_parameters_test.py" line="463" time="0.809" /><testcase classname="tests.linearGaussian_snpe_test" name="test_mdn_conditional_density" file="tests/linearGaussian_snpe_test.py" line="728" time="2.757" /><testcase classname="tests.posterior_parameters_test" name="test_inference_method_with_valid_sample_with[NLE_A-vi]" file="tests/posterior_parameters_test.py" line="463" time="0.748" /><testcase classname="tests.posterior_parameters_test" name="test_inference_method_with_valid_sample_with[NRE_B-importance]" file="tests/posterior_parameters_test.py" line="463" time="0.015" /><testcase classname="tests.posterior_parameters_test" name="test_inference_method_with_valid_sample_with[FMPE-sde]" file="tests/posterior_parameters_test.py" line="463" time="0.216" /><testcase classname="tests.posterior_sampler_test" name="test_api_posterior_sampler_set[1-hmc_pymc]" file="tests/posterior_sampler_test.py" line="21" time="6.750" /><testcase classname="tests.linearGaussian_snpe_test" name="test_example_posterior[NPE_B]" file="tests/linearGaussian_snpe_test.py" line="795" time="0.044" /><testcase classname="tests.linearGaussian_snre_test" name="test_api_nre_multiple_trials_and_rounds_map[NRE_B-1]" file="tests/linearGaussian_snre_test.py" line="40" time="0.772" /><testcase classname="tests.linearGaussian_snre_test" name="test_api_nre_multiple_trials_and_rounds_map[NRE_C-1]" file="tests/linearGaussian_snre_test.py" line="40" time="0.740" /><testcase classname="tests.linearGaussian_vector_field_test" name="test_c2st_vector_field_on_linearGaussian[vp-1-gaussian-sample_with0]" file="tests/linearGaussian_vector_field_test.py" line="45" time="15.369" /><testcase classname="tests.mixture_density_estimator_test.TestMultivariateGaussianMDNCreation" name="test_mdn_custom_initialization" file="tests/mixture_density_estimator_test.py" line="94" time="0.005" /><testcase classname="tests.mixture_density_estimator_test.TestMultivariateGaussianMDNDimensions" name="test_different_feature_dims[1]" file="tests/mixture_density_estimator_test.py" line="113" time="0.004" /><testcase classname="tests.mixture_density_estimator_test.TestMultivariateGaussianMDNDimensions" name="test_different_num_components[20]" file="tests/mixture_density_estimator_test.py" line="135" time="0.003" /><testcase classname="tests.mixture_density_estimator_test.TestMixtureDensityEstimatorCreation" name="test_estimator_creation_with_embedding_net" file="tests/mixture_density_estimator_test.py" line="376" time="0.003" /><testcase classname="tests.mnle_test" name="test_mnle_api[independent-mdn-vi]" file="tests/mnle_test.py" line="104" time="2.495" /><testcase classname="tests.pyroutils_test" name="test_estimator_distribution_basic_properties[NPE_C-ConditionalDensityEstimatorDistribution-5]" file="tests/pyroutils_test.py" line="221" time="1.309" /><testcase classname="tests.mnle_test" name="test_mnle_api[independent-nsf-mcmc]" file="tests/mnle_test.py" line="104" time="0.309" /><testcase classname="tests.mnle_test" name="test_mnle_api[independent-zuko_nsf-rejection]" file="tests/mnle_test.py" line="104" time="1.975" /><testcase classname="tests.ratio_estimator_test" name="test_api_ratio_estimator[x_shape0-theta_shape1-RatioEstimator]" file="tests/ratio_estimator_test.py" line="33" time="0.004" /><testcase classname="tests.ratio_estimator_test" name="test_api_ratio_estimator[x_shape0-theta_shape3-RatioEstimator]" file="tests/ratio_estimator_test.py" line="33" time="0.004" /><testcase classname="tests.ratio_estimator_test" name="test_api_ratio_estimator[x_shape0-theta_shape4-RatioEstimator]" file="tests/ratio_estimator_test.py" line="33" time="0.006" /><testcase classname="tests.ratio_estimator_test" name="test_api_ratio_estimator[x_shape2-theta_shape6-RatioEstimator]" file="tests/ratio_estimator_test.py" line="33" time="0.006" /><testcase classname="tests.ratio_estimator_test" name="test_api_ratio_estimator[x_shape3-theta_shape0-RatioEstimator]" file="tests/ratio_estimator_test.py" line="33" time="0.004" /><testcase classname="tests.ratio_estimator_test" name="test_api_ratio_estimator[x_shape3-theta_shape4-RatioEstimator]" file="tests/ratio_estimator_test.py" line="33" time="0.006" /><testcase classname="tests.ratio_estimator_test" name="test_api_ratio_estimator[x_shape4-theta_shape3-RatioEstimator]" file="tests/ratio_estimator_test.py" line="33" time="0.006" /><testcase classname="tests.ratio_estimator_test" name="test_api_ratio_estimator[x_shape4-theta_shape4-RatioEstimator]" file="tests/ratio_estimator_test.py" line="33" time="0.007" /><testcase classname="tests.ratio_estimator_test" name="test_api_ratio_estimator[x_shape5-theta_shape3-RatioEstimator]" file="tests/ratio_estimator_test.py" line="33" time="0.006" /><testcase classname="tests.ratio_estimator_test" name="test_api_ratio_estimator[x_shape6-theta_shape4-RatioEstimator]" file="tests/ratio_estimator_test.py" line="33" time="0.008" /><testcase classname="tests.rejection_sampling_test" name="test_accept_reject_sample_partial_return" file="tests/rejection_sampling_test.py" line="125" time="0.004" /><testcase classname="tests.save_and_load_test" name="test_picklability[FMPE-VectorFieldPosteriorParameters]" file="tests/save_and_load_test.py" line="20" time="0.072" /><testcase classname="tests.save_and_load_test" name="test_picklability[NRE_B-MCMCPosteriorParameters]" file="tests/save_and_load_test.py" line="20" time="0.825" /><testcase classname="tests.sbc_test" name="test_running_sbc[NPSE-None-independent-marginals]" file="tests/sbc_test.py" line="67" time="1.072" /><testcase classname="tests.mnle_test" name="test_mnle_api[none-nsf-vi]" file="tests/mnle_test.py" line="104" time="8.222" /><testcase classname="tests.sbc_test" name="test_sbc_accuracy" file="tests/sbc_test.py" line="206" time="5.268" /><testcase classname="tests.sbc_test" name="test_sbc_plotting[1-legend_kwargs1-cdf-None]" file="tests/sbc_test.py" line="271" time="0.169" /><testcase classname="tests.sbc_test" name="test_sbc_plotting[2-None-hist-None]" file="tests/sbc_test.py" line="271" time="0.105" /><testcase classname="tests.sbc_test" name="test_sbc_plotting[2-None-hist-30]" file="tests/sbc_test.py" line="271" time="0.077" /><testcase classname="tests.sbc_test" name="test_sbc_parallelization[2]" file="tests/sbc_test.py" line="305" time="0.042" /><testcase classname="tests.sbiutils_test" name="test_conditional_density_1d" file="tests/sbiutils_test.py" line="28" time="0.004" /><testcase classname="tests.mnle_test" name="test_log_likelihood_over_local_iid_theta[1-1-1-1]" file="tests/mnle_test.py" line="349" time="0.042" /><testcase classname="tests.mnle_test" name="test_log_likelihood_over_local_iid_theta[1-2-1-1]" file="tests/mnle_test.py" line="349" time="0.036"><skipped type="pytest.xfail" message="Batched x not supported for iid trials." /></testcase><testcase classname="tests.mnle_test" name="test_log_likelihood_over_local_iid_theta[1-2-1-10]" file="tests/mnle_test.py" line="349" time="0.036"><skipped type="pytest.xfail" message="Batched x not supported for iid trials." /></testcase><testcase classname="tests.mnpe_test" name="test_mnpe_api[0.0-embedding_net0-independent-zuko_nsf]" file="tests/mnpe_test.py" line="151" time="0.072" /><testcase classname="tests.mnpe_test" name="test_mnpe_api[0.0-embedding_net1-independent-mdn]" file="tests/mnpe_test.py" line="151" time="0.052" /><testcase classname="tests.mnpe_test" name="test_mnpe_api[0.0-embedding_net1-none-nsf]" file="tests/mnpe_test.py" line="151" time="0.072" /><testcase classname="tests.mnpe_test" name="test_mnpe_api[0.5-embedding_net0-independent-zuko_nsf]" file="tests/mnpe_test.py" line="151" time="0.137" /><testcase classname="tests.mnpe_test" name="test_mnpe_api[0.5-embedding_net1-independent-mdn]" file="tests/mnpe_test.py" line="151" time="0.025" /><testcase classname="tests.mnpe_test" name="test_mnpe_api[0.5-embedding_net1-none-nsf]" file="tests/mnpe_test.py" line="151" time="0.073" /><testcase classname="tests.mog_test.TestMoGLogProb" name="test_log_prob_shape[input_shape1-expected_shape1]" file="tests/mog_test.py" line="89" time="0.003" /><testcase classname="tests.mog_test.TestMoGSample" name="test_sample_shape[sample_shape0-expected_shape0]" file="tests/mog_test.py" line="111" time="0.003" /><testcase classname="tests.mog_test.TestMoGFromGaussian" name="test_from_gaussian_precision_is_inverse_of_cov" file="tests/mog_test.py" line="228" time="0.002" /><testcase classname="tests.mog_test.TestMoGNumericalStability" name="test_nan_logits_rejected" file="tests/mog_test.py" line="332" time="0.003" /><testcase classname="tests.plot_test" name="test_pairplot1D[None-samples0]" file="tests/plot_test.py" line="25" time="0.103" /><testcase classname="tests.linearGaussian_vector_field_test" name="test_c2st_vector_field_on_linearGaussian[fmpe-3-gaussian-sample_with7]" file="tests/linearGaussian_vector_field_test.py" line="45" time="10.022" /><testcase classname="tests.plot_test" name="test_nan_inf[None-samples0]" file="tests/plot_test.py" line="34" time="0.035" /><testcase classname="tests.plot_test" name="test_pairplot[None-None-None-None-None-None-figsize0-hist-None-None-scatter-None-limits0-points0-samples1]" file="tests/plot_test.py" line="46" time="0.231" /><testcase classname="tests.plot_test" name="test_pairplot[None-None-None-None-None-None-figsize0-hist-None-None-scatter-None-None-points0-samples1]" file="tests/plot_test.py" line="46" time="0.069" /><testcase classname="tests.plot_test" name="test_pairplot[None-None-None-None-None-None-figsize0-hist-None-None-scatter-subset1-None-points0-samples0]" file="tests/plot_test.py" line="46" time="0.034" /><testcase classname="tests.plot_test" name="test_pairplot[None-None-None-None-None-None-figsize0-hist-scatter-lower_kwargs1-scatter-subset1-limits0-points0-samples0]" file="tests/plot_test.py" line="46" time="0.036" /><testcase classname="tests.plot_test" name="test_pairplot[None-None-None-None-None-None-figsize0-hist-scatter-lower_kwargs1-scatter-subset1-limits0-points0-samples1]" file="tests/plot_test.py" line="46" time="0.041" /><testcase classname="tests.plot_test" name="test_pairplot[None-None-None-None-None-None-figsize0-hist-scatter-lower_kwargs1-scatter-subset1-None-points0-samples1]" file="tests/plot_test.py" line="46" time="0.040" /><testcase classname="tests.linearGaussian_vector_field_test" name="test_c2st_vector_field_on_linearGaussian_different_dims[NPSE]" file="tests/linearGaussian_vector_field_test.py" line="153" time="7.604" /><testcase classname="tests.linearGaussian_vector_field_test" name="test_vfinference_with_different_models[mlp-NPSE]" file="tests/linearGaussian_vector_field_test.py" line="209" time="6.042" /><testcase classname="tests.marginal_estimator_test" name="test_marginal_estimator[nsf-cpu-dist0]" file="tests/marginal_estimator_test.py" line="22" time="2.305" /></testsuite></testsuites>